<?xml version="1.0" encoding="ISO-8859-1" ?>
<link_info>
   <banner>TI ARM Clang Linker PC v4.0.4.LTS</banner>
   <copyright>Copyright (c) 1996-2018 Texas Instruments Incorporated</copyright>
   <command_line>D:\ti\ccs2051\ccs\tools\compiler\ti-cgt-armllvm_4.0.4.LTS\bin\tiarmlnk -ID:\ti\ccs2051\ccs\tools\compiler\ti-cgt-armllvm_4.0.4.LTS\lib -o timx_timer_mode_capture_duty_and_period_LP_MSPM0G3519_nortos_ticlang.out -mtimx_timer_mode_capture_duty_and_period_LP_MSPM0G3519_nortos_ticlang.map -iD:/ti/ccs2051/mspm0_sdk_2_10_00_04/source -iD:/My_Git/TI-Cup-Training-1/MSPM0G3519/timx_timer_mode_capture_duty_and_period -iD:/My_Git/TI-Cup-Training-1/MSPM0G3519/timx_timer_mode_capture_duty_and_period/Debug/syscfg -iD:/ti/ccs2051/ccs/tools/compiler/ti-cgt-armllvm_4.0.4.LTS/lib --diag_wrap=off --display_error_number --warn_sections --xml_link_info=timx_timer_mode_capture_duty_and_period_LP_MSPM0G3519_nortos_ticlang_linkInfo.xml --rom_model ./timx_timer_mode_capture_duty_and_period.o ./ti_msp_dl_config.o ./startup_mspm0g351x_ticlang.o ./App/dsp/dsp_adaptive.o ./App/dsp/dsp_analyze.o ./App/dsp/dsp_filter.o ./App/fft/fft_analyzer.o ./App/fft/fft_analyzer_q15.o ./App/hmi/hmi.o ./BSP/adc/adc.o ./BSP/bsp.o ./BSP/uart/uart.o ./My_Task/protocol.o ./My_Task/tasks.o ./My_Task/thd.o ./Scheduler/scheduler.o -l./device_linker.cmd -ldevice.cmd.genlibs -llibc.a --start-group -llibc++.a -llibc++abi.a -llibc.a -llibsys.a -llibsysbm.a -llibclang_rt.builtins.a -llibclang_rt.profile.a --end-group --cg_opt_level=2</command_line>
   <link_time>0x6a4b2346</link_time>
   <link_errors>0x0</link_errors>
   <output_file>D:\My_Git\TI-Cup-Training-1\MSPM0G3519\timx_timer_mode_capture_duty_and_period\Debug\timx_timer_mode_capture_duty_and_period_LP_MSPM0G3519_nortos_ticlang.out</output_file>
   <entry_point>
      <name>_c_int00_noargs</name>
      <address>0xeaa5</address>
   </entry_point>
   <input_file_list>
      <input_file id="fl-1">
         <path>D:\My_Git\TI-Cup-Training-1\MSPM0G3519\timx_timer_mode_capture_duty_and_period\Debug\.\</path>
         <kind>object</kind>
         <file>timx_timer_mode_capture_duty_and_period.o</file>
         <name>timx_timer_mode_capture_duty_and_period.o</name>
      </input_file>
      <input_file id="fl-2">
         <path>D:\My_Git\TI-Cup-Training-1\MSPM0G3519\timx_timer_mode_capture_duty_and_period\Debug\.\</path>
         <kind>object</kind>
         <file>ti_msp_dl_config.o</file>
         <name>ti_msp_dl_config.o</name>
      </input_file>
      <input_file id="fl-3">
         <path>D:\My_Git\TI-Cup-Training-1\MSPM0G3519\timx_timer_mode_capture_duty_and_period\Debug\.\</path>
         <kind>object</kind>
         <file>startup_mspm0g351x_ticlang.o</file>
         <name>startup_mspm0g351x_ticlang.o</name>
      </input_file>
      <input_file id="fl-4">
         <path>D:\My_Git\TI-Cup-Training-1\MSPM0G3519\timx_timer_mode_capture_duty_and_period\Debug\.\App\dsp\</path>
         <kind>object</kind>
         <file>dsp_adaptive.o</file>
         <name>dsp_adaptive.o</name>
      </input_file>
      <input_file id="fl-5">
         <path>D:\My_Git\TI-Cup-Training-1\MSPM0G3519\timx_timer_mode_capture_duty_and_period\Debug\.\App\dsp\</path>
         <kind>object</kind>
         <file>dsp_analyze.o</file>
         <name>dsp_analyze.o</name>
      </input_file>
      <input_file id="fl-6">
         <path>D:\My_Git\TI-Cup-Training-1\MSPM0G3519\timx_timer_mode_capture_duty_and_period\Debug\.\App\dsp\</path>
         <kind>object</kind>
         <file>dsp_filter.o</file>
         <name>dsp_filter.o</name>
      </input_file>
      <input_file id="fl-7">
         <path>D:\My_Git\TI-Cup-Training-1\MSPM0G3519\timx_timer_mode_capture_duty_and_period\Debug\.\App\fft\</path>
         <kind>object</kind>
         <file>fft_analyzer.o</file>
         <name>fft_analyzer.o</name>
      </input_file>
      <input_file id="fl-8">
         <path>D:\My_Git\TI-Cup-Training-1\MSPM0G3519\timx_timer_mode_capture_duty_and_period\Debug\.\App\fft\</path>
         <kind>object</kind>
         <file>fft_analyzer_q15.o</file>
         <name>fft_analyzer_q15.o</name>
      </input_file>
      <input_file id="fl-9">
         <path>D:\My_Git\TI-Cup-Training-1\MSPM0G3519\timx_timer_mode_capture_duty_and_period\Debug\.\App\hmi\</path>
         <kind>object</kind>
         <file>hmi.o</file>
         <name>hmi.o</name>
      </input_file>
      <input_file id="fl-a">
         <path>D:\My_Git\TI-Cup-Training-1\MSPM0G3519\timx_timer_mode_capture_duty_and_period\Debug\.\BSP\adc\</path>
         <kind>object</kind>
         <file>adc.o</file>
         <name>adc.o</name>
      </input_file>
      <input_file id="fl-b">
         <path>D:\My_Git\TI-Cup-Training-1\MSPM0G3519\timx_timer_mode_capture_duty_and_period\Debug\.\BSP\</path>
         <kind>object</kind>
         <file>bsp.o</file>
         <name>bsp.o</name>
      </input_file>
      <input_file id="fl-c">
         <path>D:\My_Git\TI-Cup-Training-1\MSPM0G3519\timx_timer_mode_capture_duty_and_period\Debug\.\BSP\uart\</path>
         <kind>object</kind>
         <file>uart.o</file>
         <name>uart.o</name>
      </input_file>
      <input_file id="fl-d">
         <path>D:\My_Git\TI-Cup-Training-1\MSPM0G3519\timx_timer_mode_capture_duty_and_period\Debug\.\My_Task\</path>
         <kind>object</kind>
         <file>protocol.o</file>
         <name>protocol.o</name>
      </input_file>
      <input_file id="fl-e">
         <path>D:\My_Git\TI-Cup-Training-1\MSPM0G3519\timx_timer_mode_capture_duty_and_period\Debug\.\My_Task\</path>
         <kind>object</kind>
         <file>tasks.o</file>
         <name>tasks.o</name>
      </input_file>
      <input_file id="fl-f">
         <path>D:\My_Git\TI-Cup-Training-1\MSPM0G3519\timx_timer_mode_capture_duty_and_period\Debug\.\My_Task\</path>
         <kind>object</kind>
         <file>thd.o</file>
         <name>thd.o</name>
      </input_file>
      <input_file id="fl-10">
         <path>D:\My_Git\TI-Cup-Training-1\MSPM0G3519\timx_timer_mode_capture_duty_and_period\Debug\.\Scheduler\</path>
         <kind>object</kind>
         <file>scheduler.o</file>
         <name>scheduler.o</name>
      </input_file>
      <input_file id="fl-1e">
         <path>D:\My_Git\TI-Cup-Training-1\MSPM0G3519\timx_timer_mode_capture_duty_and_period\Debug\</path>
         <kind>object</kind>
         <file>&lt;internal&gt;</file>
         <name>&lt;internal&gt;</name>
      </input_file>
      <input_file id="fl-1f">
         <path>D:\ti\ccs2051\mspm0_sdk_2_10_00_04\source\third_party\CMSIS\DSP\lib\ticlang\m0p\</path>
         <kind>archive</kind>
         <file>arm_cortexM0l_math.a</file>
         <name>arm_dot_prod_f32.o</name>
      </input_file>
      <input_file id="fl-20">
         <path>D:\ti\ccs2051\mspm0_sdk_2_10_00_04\source\third_party\CMSIS\DSP\lib\ticlang\m0p\</path>
         <kind>archive</kind>
         <file>arm_cortexM0l_math.a</file>
         <name>arm_scale_f32.o</name>
      </input_file>
      <input_file id="fl-21">
         <path>D:\ti\ccs2051\mspm0_sdk_2_10_00_04\source\third_party\CMSIS\DSP\lib\ticlang\m0p\</path>
         <kind>archive</kind>
         <file>arm_cortexM0l_math.a</file>
         <name>arm_const_structs.o</name>
      </input_file>
      <input_file id="fl-22">
         <path>D:\ti\ccs2051\mspm0_sdk_2_10_00_04\source\third_party\CMSIS\DSP\lib\ticlang\m0p\</path>
         <kind>archive</kind>
         <file>arm_cortexM0l_math.a</file>
         <name>arm_cmplx_mag_f32.o</name>
      </input_file>
      <input_file id="fl-23">
         <path>D:\ti\ccs2051\mspm0_sdk_2_10_00_04\source\third_party\CMSIS\DSP\lib\ticlang\m0p\</path>
         <kind>archive</kind>
         <file>arm_cortexM0l_math.a</file>
         <name>arm_cmplx_mag_q15.o</name>
      </input_file>
      <input_file id="fl-24">
         <path>D:\ti\ccs2051\mspm0_sdk_2_10_00_04\source\third_party\CMSIS\DSP\lib\ticlang\m0p\</path>
         <kind>archive</kind>
         <file>arm_cortexM0l_math.a</file>
         <name>arm_sqrt_q31.o</name>
      </input_file>
      <input_file id="fl-25">
         <path>D:\ti\ccs2051\mspm0_sdk_2_10_00_04\source\third_party\CMSIS\DSP\lib\ticlang\m0p\</path>
         <kind>archive</kind>
         <file>arm_cortexM0l_math.a</file>
         <name>arm_biquad_cascade_df2T_f32.o</name>
      </input_file>
      <input_file id="fl-26">
         <path>D:\ti\ccs2051\mspm0_sdk_2_10_00_04\source\third_party\CMSIS\DSP\lib\ticlang\m0p\</path>
         <kind>archive</kind>
         <file>arm_cortexM0l_math.a</file>
         <name>arm_biquad_cascade_df2T_init_f32.o</name>
      </input_file>
      <input_file id="fl-27">
         <path>D:\ti\ccs2051\mspm0_sdk_2_10_00_04\source\third_party\CMSIS\DSP\lib\ticlang\m0p\</path>
         <kind>archive</kind>
         <file>arm_cortexM0l_math.a</file>
         <name>arm_fir_f32.o</name>
      </input_file>
      <input_file id="fl-28">
         <path>D:\ti\ccs2051\mspm0_sdk_2_10_00_04\source\third_party\CMSIS\DSP\lib\ticlang\m0p\</path>
         <kind>archive</kind>
         <file>arm_cortexM0l_math.a</file>
         <name>arm_fir_init_f32.o</name>
      </input_file>
      <input_file id="fl-29">
         <path>D:\ti\ccs2051\mspm0_sdk_2_10_00_04\source\third_party\CMSIS\DSP\lib\ticlang\m0p\</path>
         <kind>archive</kind>
         <file>arm_cortexM0l_math.a</file>
         <name>arm_lms_f32.o</name>
      </input_file>
      <input_file id="fl-2a">
         <path>D:\ti\ccs2051\mspm0_sdk_2_10_00_04\source\third_party\CMSIS\DSP\lib\ticlang\m0p\</path>
         <kind>archive</kind>
         <file>arm_cortexM0l_math.a</file>
         <name>arm_lms_init_f32.o</name>
      </input_file>
      <input_file id="fl-2b">
         <path>D:\ti\ccs2051\mspm0_sdk_2_10_00_04\source\third_party\CMSIS\DSP\lib\ticlang\m0p\</path>
         <kind>archive</kind>
         <file>arm_cortexM0l_math.a</file>
         <name>arm_lms_norm_f32.o</name>
      </input_file>
      <input_file id="fl-2c">
         <path>D:\ti\ccs2051\mspm0_sdk_2_10_00_04\source\third_party\CMSIS\DSP\lib\ticlang\m0p\</path>
         <kind>archive</kind>
         <file>arm_cortexM0l_math.a</file>
         <name>arm_lms_norm_init_f32.o</name>
      </input_file>
      <input_file id="fl-2d">
         <path>D:\ti\ccs2051\mspm0_sdk_2_10_00_04\source\third_party\CMSIS\DSP\lib\ticlang\m0p\</path>
         <kind>archive</kind>
         <file>arm_cortexM0l_math.a</file>
         <name>arm_mat_init_f32.o</name>
      </input_file>
      <input_file id="fl-2e">
         <path>D:\ti\ccs2051\mspm0_sdk_2_10_00_04\source\third_party\CMSIS\DSP\lib\ticlang\m0p\</path>
         <kind>archive</kind>
         <file>arm_cortexM0l_math.a</file>
         <name>arm_mat_mult_f32.o</name>
      </input_file>
      <input_file id="fl-2f">
         <path>D:\ti\ccs2051\mspm0_sdk_2_10_00_04\source\third_party\CMSIS\DSP\lib\ticlang\m0p\</path>
         <kind>archive</kind>
         <file>arm_cortexM0l_math.a</file>
         <name>arm_max_f32.o</name>
      </input_file>
      <input_file id="fl-30">
         <path>D:\ti\ccs2051\mspm0_sdk_2_10_00_04\source\third_party\CMSIS\DSP\lib\ticlang\m0p\</path>
         <kind>archive</kind>
         <file>arm_cortexM0l_math.a</file>
         <name>arm_max_q15.o</name>
      </input_file>
      <input_file id="fl-31">
         <path>D:\ti\ccs2051\mspm0_sdk_2_10_00_04\source\third_party\CMSIS\DSP\lib\ticlang\m0p\</path>
         <kind>archive</kind>
         <file>arm_cortexM0l_math.a</file>
         <name>arm_rms_f32.o</name>
      </input_file>
      <input_file id="fl-32">
         <path>D:\ti\ccs2051\mspm0_sdk_2_10_00_04\source\third_party\CMSIS\DSP\lib\ticlang\m0p\</path>
         <kind>archive</kind>
         <file>arm_cortexM0l_math.a</file>
         <name>arm_cfft_f32.o</name>
      </input_file>
      <input_file id="fl-33">
         <path>D:\ti\ccs2051\mspm0_sdk_2_10_00_04\source\third_party\CMSIS\DSP\lib\ticlang\m0p\</path>
         <kind>archive</kind>
         <file>arm_cortexM0l_math.a</file>
         <name>arm_cfft_q15.o</name>
      </input_file>
      <input_file id="fl-34">
         <path>D:\ti\ccs2051\mspm0_sdk_2_10_00_04\source\third_party\CMSIS\DSP\lib\ticlang\m0p\</path>
         <kind>archive</kind>
         <file>arm_cortexM0l_math.a</file>
         <name>arm_cfft_radix4_q15.o</name>
      </input_file>
      <input_file id="fl-35">
         <path>D:\ti\ccs2051\mspm0_sdk_2_10_00_04\source\third_party\CMSIS\DSP\lib\ticlang\m0p\</path>
         <kind>archive</kind>
         <file>arm_cortexM0l_math.a</file>
         <name>arm_cfft_radix8_f32.o</name>
      </input_file>
      <input_file id="fl-36">
         <path>D:\ti\ccs2051\mspm0_sdk_2_10_00_04\source\third_party\CMSIS\DSP\lib\ticlang\m0p\</path>
         <kind>archive</kind>
         <file>arm_cortexM0l_math.a</file>
         <name>arm_rfft_fast_f32.o</name>
      </input_file>
      <input_file id="fl-37">
         <path>D:\ti\ccs2051\mspm0_sdk_2_10_00_04\source\third_party\CMSIS\DSP\lib\ticlang\m0p\</path>
         <kind>archive</kind>
         <file>arm_cortexM0l_math.a</file>
         <name>arm_rfft_fast_init_f32.o</name>
      </input_file>
      <input_file id="fl-38">
         <path>D:\ti\ccs2051\mspm0_sdk_2_10_00_04\source\third_party\CMSIS\DSP\lib\ticlang\m0p\</path>
         <kind>archive</kind>
         <file>arm_cortexM0l_math.a</file>
         <name>arm_common_tables.o</name>
      </input_file>
      <input_file id="fl-39">
         <path>D:\ti\ccs2051\mspm0_sdk_2_10_00_04\source\third_party\CMSIS\DSP\lib\ticlang\m0p\</path>
         <kind>archive</kind>
         <file>arm_cortexM0l_math.a</file>
         <name>arm_bitreversal.o</name>
      </input_file>
      <input_file id="fl-3a">
         <path>D:\ti\ccs2051\mspm0_sdk_2_10_00_04\source\third_party\CMSIS\DSP\lib\ticlang\m0p\</path>
         <kind>archive</kind>
         <file>arm_cortexM0l_math.a</file>
         <name>arm_bitreversal2.o</name>
      </input_file>
      <input_file id="fl-3b">
         <path>D:\ti\ccs2051\mspm0_sdk_2_10_00_04\source\third_party\CMSIS\DSP\lib\ticlang\m0p\</path>
         <kind>archive</kind>
         <file>arm_cortexM0l_math.a</file>
         <name>arm_cfft_init_f32.o</name>
      </input_file>
      <input_file id="fl-3c">
         <path>D:\ti\ccs2051\mspm0_sdk_2_10_00_04\source\ti\driverlib\lib\ticlang\m0p\mspm0gx51x\</path>
         <kind>archive</kind>
         <file>driverlib.a</file>
         <name>dl_adc12.o</name>
      </input_file>
      <input_file id="fl-3d">
         <path>D:\ti\ccs2051\mspm0_sdk_2_10_00_04\source\ti\driverlib\lib\ticlang\m0p\mspm0gx51x\</path>
         <kind>archive</kind>
         <file>driverlib.a</file>
         <name>dl_common.o</name>
      </input_file>
      <input_file id="fl-3e">
         <path>D:\ti\ccs2051\mspm0_sdk_2_10_00_04\source\ti\driverlib\lib\ticlang\m0p\mspm0gx51x\</path>
         <kind>archive</kind>
         <file>driverlib.a</file>
         <name>dl_dma.o</name>
      </input_file>
      <input_file id="fl-3f">
         <path>D:\ti\ccs2051\mspm0_sdk_2_10_00_04\source\ti\driverlib\lib\ticlang\m0p\mspm0gx51x\</path>
         <kind>archive</kind>
         <file>driverlib.a</file>
         <name>dl_timer.o</name>
      </input_file>
      <input_file id="fl-40">
         <path>D:\ti\ccs2051\mspm0_sdk_2_10_00_04\source\ti\driverlib\lib\ticlang\m0p\mspm0gx51x\</path>
         <kind>archive</kind>
         <file>driverlib.a</file>
         <name>dl_uart.o</name>
      </input_file>
      <input_file id="fl-41">
         <path>D:\ti\ccs2051\mspm0_sdk_2_10_00_04\source\ti\driverlib\lib\ticlang\m0p\mspm0gx51x\</path>
         <kind>archive</kind>
         <file>driverlib.a</file>
         <name>dl_sysctl_mspm0gx51x.o</name>
      </input_file>
      <input_file id="fl-42">
         <path>D:\ti\ccs2051\mspm0_sdk_2_10_00_04\source\ti\driverlib\lib\ticlang\m0p\mspm0gx51x\</path>
         <kind>archive</kind>
         <file>driverlib.a</file>
         <name>dl_factoryregion.o</name>
      </input_file>
      <input_file id="fl-59">
         <path>D:\ti\ccs2051\ccs\tools\compiler\ti-cgt-armllvm_4.0.4.LTS\lib\armv6m-ti-none-eabi\c\</path>
         <kind>archive</kind>
         <file>libc.a</file>
         <name>e_atan2f.c.obj</name>
      </input_file>
      <input_file id="fl-5a">
         <path>D:\ti\ccs2051\ccs\tools\compiler\ti-cgt-armllvm_4.0.4.LTS\lib\armv6m-ti-none-eabi\c\</path>
         <kind>archive</kind>
         <file>libc.a</file>
         <name>e_log10f.c.obj</name>
      </input_file>
      <input_file id="fl-5b">
         <path>D:\ti\ccs2051\ccs\tools\compiler\ti-cgt-armllvm_4.0.4.LTS\lib\armv6m-ti-none-eabi\c\</path>
         <kind>archive</kind>
         <file>libc.a</file>
         <name>e_sqrtf.c.obj</name>
      </input_file>
      <input_file id="fl-5c">
         <path>D:\ti\ccs2051\ccs\tools\compiler\ti-cgt-armllvm_4.0.4.LTS\lib\armv6m-ti-none-eabi\c\</path>
         <kind>archive</kind>
         <file>libc.a</file>
         <name>s_atanf.c.obj</name>
      </input_file>
      <input_file id="fl-5d">
         <path>D:\ti\ccs2051\ccs\tools\compiler\ti-cgt-armllvm_4.0.4.LTS\lib\armv6m-ti-none-eabi\c\</path>
         <kind>archive</kind>
         <file>libc.a</file>
         <name>snprintf.c.obj</name>
      </input_file>
      <input_file id="fl-5e">
         <path>D:\ti\ccs2051\ccs\tools\compiler\ti-cgt-armllvm_4.0.4.LTS\lib\armv6m-ti-none-eabi\c\</path>
         <kind>archive</kind>
         <file>libc.a</file>
         <name>vsnprintf.c.obj</name>
      </input_file>
      <input_file id="fl-5f">
         <path>D:\ti\ccs2051\ccs\tools\compiler\ti-cgt-armllvm_4.0.4.LTS\lib\armv6m-ti-none-eabi\c\</path>
         <kind>archive</kind>
         <file>libc.a</file>
         <name>aeabi_portable.c.obj</name>
      </input_file>
      <input_file id="fl-60">
         <path>D:\ti\ccs2051\ccs\tools\compiler\ti-cgt-armllvm_4.0.4.LTS\lib\armv6m-ti-none-eabi\c\</path>
         <kind>archive</kind>
         <file>libc.a</file>
         <name>assert.c.obj</name>
      </input_file>
      <input_file id="fl-61">
         <path>D:\ti\ccs2051\ccs\tools\compiler\ti-cgt-armllvm_4.0.4.LTS\lib\armv6m-ti-none-eabi\c\</path>
         <kind>archive</kind>
         <file>libc.a</file>
         <name>defs.c.obj</name>
      </input_file>
      <input_file id="fl-62">
         <path>D:\ti\ccs2051\ccs\tools\compiler\ti-cgt-armllvm_4.0.4.LTS\lib\armv6m-ti-none-eabi\c\</path>
         <kind>archive</kind>
         <file>libc.a</file>
         <name>memory.c.obj</name>
      </input_file>
      <input_file id="fl-63">
         <path>D:\ti\ccs2051\ccs\tools\compiler\ti-cgt-armllvm_4.0.4.LTS\lib\armv6m-ti-none-eabi\c\</path>
         <kind>archive</kind>
         <file>libc.a</file>
         <name>boot_cortex_m.c.obj</name>
      </input_file>
      <input_file id="fl-64">
         <path>D:\ti\ccs2051\ccs\tools\compiler\ti-cgt-armllvm_4.0.4.LTS\lib\armv6m-ti-none-eabi\c\</path>
         <kind>archive</kind>
         <file>libc.a</file>
         <name>mathacl_init.c.obj</name>
      </input_file>
      <input_file id="fl-65">
         <path>D:\ti\ccs2051\ccs\tools\compiler\ti-cgt-armllvm_4.0.4.LTS\lib\armv6m-ti-none-eabi\c\</path>
         <kind>archive</kind>
         <file>libc.a</file>
         <name>autoinit.c.obj</name>
      </input_file>
      <input_file id="fl-66">
         <path>D:\ti\ccs2051\ccs\tools\compiler\ti-cgt-armllvm_4.0.4.LTS\lib\armv6m-ti-none-eabi\c\</path>
         <kind>archive</kind>
         <file>libc.a</file>
         <name>pre_init.c.obj</name>
      </input_file>
      <input_file id="fl-67">
         <path>D:\ti\ccs2051\ccs\tools\compiler\ti-cgt-armllvm_4.0.4.LTS\lib\armv6m-ti-none-eabi\c\</path>
         <kind>archive</kind>
         <file>libc.a</file>
         <name>cpy_tbl.c.obj</name>
      </input_file>
      <input_file id="fl-68">
         <path>D:\ti\ccs2051\ccs\tools\compiler\ti-cgt-armllvm_4.0.4.LTS\lib\armv6m-ti-none-eabi\c\</path>
         <kind>archive</kind>
         <file>libc.a</file>
         <name>copy_zero_init.c.obj</name>
      </input_file>
      <input_file id="fl-69">
         <path>D:\ti\ccs2051\ccs\tools\compiler\ti-cgt-armllvm_4.0.4.LTS\lib\armv6m-ti-none-eabi\c\</path>
         <kind>archive</kind>
         <file>libc.a</file>
         <name>copy_decompress_none.c.obj</name>
      </input_file>
      <input_file id="fl-6a">
         <path>D:\ti\ccs2051\ccs\tools\compiler\ti-cgt-armllvm_4.0.4.LTS\lib\armv6m-ti-none-eabi\c\</path>
         <kind>archive</kind>
         <file>libc.a</file>
         <name>copy_decompress_lzss.c.obj</name>
      </input_file>
      <input_file id="fl-6b">
         <path>D:\ti\ccs2051\ccs\tools\compiler\ti-cgt-armllvm_4.0.4.LTS\lib\armv6m-ti-none-eabi\c\</path>
         <kind>archive</kind>
         <file>libc.a</file>
         <name>_printfi.c.obj</name>
      </input_file>
      <input_file id="fl-6c">
         <path>D:\ti\ccs2051\ccs\tools\compiler\ti-cgt-armllvm_4.0.4.LTS\lib\armv6m-ti-none-eabi\c\</path>
         <kind>archive</kind>
         <file>libc.a</file>
         <name>sprintf.c.obj</name>
      </input_file>
      <input_file id="fl-6d">
         <path>D:\ti\ccs2051\ccs\tools\compiler\ti-cgt-armllvm_4.0.4.LTS\lib\armv6m-ti-none-eabi\c\</path>
         <kind>archive</kind>
         <file>libc.a</file>
         <name>fflush.c.obj</name>
      </input_file>
      <input_file id="fl-6e">
         <path>D:\ti\ccs2051\ccs\tools\compiler\ti-cgt-armllvm_4.0.4.LTS\lib\armv6m-ti-none-eabi\c\</path>
         <kind>archive</kind>
         <file>libc.a</file>
         <name>fputs.c.obj</name>
      </input_file>
      <input_file id="fl-6f">
         <path>D:\ti\ccs2051\ccs\tools\compiler\ti-cgt-armllvm_4.0.4.LTS\lib\armv6m-ti-none-eabi\c\</path>
         <kind>archive</kind>
         <file>libc.a</file>
         <name>_io_perm.c.obj</name>
      </input_file>
      <input_file id="fl-70">
         <path>D:\ti\ccs2051\ccs\tools\compiler\ti-cgt-armllvm_4.0.4.LTS\lib\armv6m-ti-none-eabi\c\</path>
         <kind>archive</kind>
         <file>libc.a</file>
         <name>setvbuf.c.obj</name>
      </input_file>
      <input_file id="fl-71">
         <path>D:\ti\ccs2051\ccs\tools\compiler\ti-cgt-armllvm_4.0.4.LTS\lib\armv6m-ti-none-eabi\c\</path>
         <kind>archive</kind>
         <file>libc.a</file>
         <name>exit.c.obj</name>
      </input_file>
      <input_file id="fl-72">
         <path>D:\ti\ccs2051\ccs\tools\compiler\ti-cgt-armllvm_4.0.4.LTS\lib\armv6m-ti-none-eabi\c\</path>
         <kind>archive</kind>
         <file>libc.a</file>
         <name>_lock.c.obj</name>
      </input_file>
      <input_file id="fl-73">
         <path>D:\ti\ccs2051\ccs\tools\compiler\ti-cgt-armllvm_4.0.4.LTS\lib\armv6m-ti-none-eabi\c\</path>
         <kind>archive</kind>
         <file>libc.a</file>
         <name>_ltoa.c.obj</name>
      </input_file>
      <input_file id="fl-74">
         <path>D:\ti\ccs2051\ccs\tools\compiler\ti-cgt-armllvm_4.0.4.LTS\lib\armv6m-ti-none-eabi\c\</path>
         <kind>archive</kind>
         <file>libc.a</file>
         <name>args_main.c.obj</name>
      </input_file>
      <input_file id="fl-75">
         <path>D:\ti\ccs2051\ccs\tools\compiler\ti-cgt-armllvm_4.0.4.LTS\lib\armv6m-ti-none-eabi\c\</path>
         <kind>archive</kind>
         <file>libc.a</file>
         <name>atoi.c.obj</name>
      </input_file>
      <input_file id="fl-76">
         <path>D:\ti\ccs2051\ccs\tools\compiler\ti-cgt-armllvm_4.0.4.LTS\lib\armv6m-ti-none-eabi\c\</path>
         <kind>archive</kind>
         <file>libc.a</file>
         <name>memccpy.c.obj</name>
      </input_file>
      <input_file id="fl-77">
         <path>D:\ti\ccs2051\ccs\tools\compiler\ti-cgt-armllvm_4.0.4.LTS\lib\armv6m-ti-none-eabi\c\</path>
         <kind>archive</kind>
         <file>libc.a</file>
         <name>s_frexp.c.obj</name>
      </input_file>
      <input_file id="fl-78">
         <path>D:\ti\ccs2051\ccs\tools\compiler\ti-cgt-armllvm_4.0.4.LTS\lib\armv6m-ti-none-eabi\c\</path>
         <kind>archive</kind>
         <file>libc.a</file>
         <name>s_scalbn.c.obj</name>
      </input_file>
      <input_file id="fl-79">
         <path>D:\ti\ccs2051\ccs\tools\compiler\ti-cgt-armllvm_4.0.4.LTS\lib\armv6m-ti-none-eabi\c\</path>
         <kind>archive</kind>
         <file>libc.a</file>
         <name>wcslen.c.obj</name>
      </input_file>
      <input_file id="fl-7a">
         <path>D:\ti\ccs2051\ccs\tools\compiler\ti-cgt-armllvm_4.0.4.LTS\lib\armv6m-ti-none-eabi\c\</path>
         <kind>archive</kind>
         <file>libc.a</file>
         <name>fopen.c.obj</name>
      </input_file>
      <input_file id="fl-7b">
         <path>D:\ti\ccs2051\ccs\tools\compiler\ti-cgt-armllvm_4.0.4.LTS\lib\armv6m-ti-none-eabi\c\</path>
         <kind>archive</kind>
         <file>libc.a</file>
         <name>fseek.c.obj</name>
      </input_file>
      <input_file id="fl-7c">
         <path>D:\ti\ccs2051\ccs\tools\compiler\ti-cgt-armllvm_4.0.4.LTS\lib\armv6m-ti-none-eabi\c\</path>
         <kind>archive</kind>
         <file>libc.a</file>
         <name>aeabi_ctype.S.obj</name>
      </input_file>
      <input_file id="fl-7d">
         <path>D:\ti\ccs2051\ccs\tools\compiler\ti-cgt-armllvm_4.0.4.LTS\lib\armv6m-ti-none-eabi\c\</path>
         <kind>archive</kind>
         <file>libc.a</file>
         <name>fclose.c.obj</name>
      </input_file>
      <input_file id="fl-11d">
         <path>D:\ti\ccs2051\ccs\tools\compiler\ti-cgt-armllvm_4.0.4.LTS\lib\armv6m-ti-none-eabi\c\</path>
         <kind>archive</kind>
         <file>libsysbm.a</file>
         <name>hostexit.c.obj</name>
      </input_file>
      <input_file id="fl-11e">
         <path>D:\ti\ccs2051\ccs\tools\compiler\ti-cgt-armllvm_4.0.4.LTS\lib\armv6m-ti-none-eabi\c\</path>
         <kind>archive</kind>
         <file>libsysbm.a</file>
         <name>write.c.obj</name>
      </input_file>
      <input_file id="fl-11f">
         <path>D:\ti\ccs2051\ccs\tools\compiler\ti-cgt-armllvm_4.0.4.LTS\lib\armv6m-ti-none-eabi\c\</path>
         <kind>archive</kind>
         <file>libsysbm.a</file>
         <name>host_device.c.obj</name>
      </input_file>
      <input_file id="fl-120">
         <path>D:\ti\ccs2051\ccs\tools\compiler\ti-cgt-armllvm_4.0.4.LTS\lib\armv6m-ti-none-eabi\c\</path>
         <kind>archive</kind>
         <file>libsysbm.a</file>
         <name>remove.c.obj</name>
      </input_file>
      <input_file id="fl-121">
         <path>D:\ti\ccs2051\ccs\tools\compiler\ti-cgt-armllvm_4.0.4.LTS\lib\armv6m-ti-none-eabi\c\</path>
         <kind>archive</kind>
         <file>libsysbm.a</file>
         <name>open.c.obj</name>
      </input_file>
      <input_file id="fl-122">
         <path>D:\ti\ccs2051\ccs\tools\compiler\ti-cgt-armllvm_4.0.4.LTS\lib\armv6m-ti-none-eabi\c\</path>
         <kind>archive</kind>
         <file>libsysbm.a</file>
         <name>lseek.c.obj</name>
      </input_file>
      <input_file id="fl-123">
         <path>D:\ti\ccs2051\ccs\tools\compiler\ti-cgt-armllvm_4.0.4.LTS\lib\armv6m-ti-none-eabi\c\</path>
         <kind>archive</kind>
         <file>libsysbm.a</file>
         <name>close.c.obj</name>
      </input_file>
      <input_file id="fl-124">
         <path>D:\ti\ccs2051\ccs\tools\compiler\ti-cgt-armllvm_4.0.4.LTS\lib\armv6m-ti-none-eabi\c\</path>
         <kind>archive</kind>
         <file>libsysbm.a</file>
         <name>unlink.c.obj</name>
      </input_file>
      <input_file id="fl-125">
         <path>D:\ti\ccs2051\ccs\tools\compiler\ti-cgt-armllvm_4.0.4.LTS\lib\armv6m-ti-none-eabi\c\</path>
         <kind>archive</kind>
         <file>libsysbm.a</file>
         <name>hostclose.c.obj</name>
      </input_file>
      <input_file id="fl-126">
         <path>D:\ti\ccs2051\ccs\tools\compiler\ti-cgt-armllvm_4.0.4.LTS\lib\armv6m-ti-none-eabi\c\</path>
         <kind>archive</kind>
         <file>libsysbm.a</file>
         <name>hostlseek.c.obj</name>
      </input_file>
      <input_file id="fl-127">
         <path>D:\ti\ccs2051\ccs\tools\compiler\ti-cgt-armllvm_4.0.4.LTS\lib\armv6m-ti-none-eabi\c\</path>
         <kind>archive</kind>
         <file>libsysbm.a</file>
         <name>hostopen.c.obj</name>
      </input_file>
      <input_file id="fl-128">
         <path>D:\ti\ccs2051\ccs\tools\compiler\ti-cgt-armllvm_4.0.4.LTS\lib\armv6m-ti-none-eabi\c\</path>
         <kind>archive</kind>
         <file>libsysbm.a</file>
         <name>hostread.c.obj</name>
      </input_file>
      <input_file id="fl-129">
         <path>D:\ti\ccs2051\ccs\tools\compiler\ti-cgt-armllvm_4.0.4.LTS\lib\armv6m-ti-none-eabi\c\</path>
         <kind>archive</kind>
         <file>libsysbm.a</file>
         <name>hostrename.c.obj</name>
      </input_file>
      <input_file id="fl-12a">
         <path>D:\ti\ccs2051\ccs\tools\compiler\ti-cgt-armllvm_4.0.4.LTS\lib\armv6m-ti-none-eabi\c\</path>
         <kind>archive</kind>
         <file>libsysbm.a</file>
         <name>hostunlink.c.obj</name>
      </input_file>
      <input_file id="fl-12b">
         <path>D:\ti\ccs2051\ccs\tools\compiler\ti-cgt-armllvm_4.0.4.LTS\lib\armv6m-ti-none-eabi\c\</path>
         <kind>archive</kind>
         <file>libsysbm.a</file>
         <name>hostwrite.c.obj</name>
      </input_file>
      <input_file id="fl-12c">
         <path>D:\ti\ccs2051\ccs\tools\compiler\ti-cgt-armllvm_4.0.4.LTS\lib\armv6m-ti-none-eabi\c\</path>
         <kind>archive</kind>
         <file>libsysbm.a</file>
         <name>trgmsg.c.obj</name>
      </input_file>
      <input_file id="fl-12d">
         <path>D:\ti\ccs2051\ccs\tools\compiler\ti-cgt-armllvm_4.0.4.LTS\lib\armv6m-ti-none-eabi\</path>
         <kind>archive</kind>
         <file>libclang_rt.builtins.a</file>
         <name>addsf3.S.obj</name>
      </input_file>
      <input_file id="fl-12e">
         <path>D:\ti\ccs2051\ccs\tools\compiler\ti-cgt-armllvm_4.0.4.LTS\lib\armv6m-ti-none-eabi\</path>
         <kind>archive</kind>
         <file>libclang_rt.builtins.a</file>
         <name>adddf3.S.obj</name>
      </input_file>
      <input_file id="fl-12f">
         <path>D:\ti\ccs2051\ccs\tools\compiler\ti-cgt-armllvm_4.0.4.LTS\lib\armv6m-ti-none-eabi\</path>
         <kind>archive</kind>
         <file>libclang_rt.builtins.a</file>
         <name>muldf3.S.obj</name>
      </input_file>
      <input_file id="fl-130">
         <path>D:\ti\ccs2051\ccs\tools\compiler\ti-cgt-armllvm_4.0.4.LTS\lib\armv6m-ti-none-eabi\</path>
         <kind>archive</kind>
         <file>libclang_rt.builtins.a</file>
         <name>muldsi3.S.obj</name>
      </input_file>
      <input_file id="fl-131">
         <path>D:\ti\ccs2051\ccs\tools\compiler\ti-cgt-armllvm_4.0.4.LTS\lib\armv6m-ti-none-eabi\</path>
         <kind>archive</kind>
         <file>libclang_rt.builtins.a</file>
         <name>mulsf3.S.obj</name>
      </input_file>
      <input_file id="fl-132">
         <path>D:\ti\ccs2051\ccs\tools\compiler\ti-cgt-armllvm_4.0.4.LTS\lib\armv6m-ti-none-eabi\</path>
         <kind>archive</kind>
         <file>libclang_rt.builtins.a</file>
         <name>divsf3.S.obj</name>
      </input_file>
      <input_file id="fl-133">
         <path>D:\ti\ccs2051\ccs\tools\compiler\ti-cgt-armllvm_4.0.4.LTS\lib\armv6m-ti-none-eabi\</path>
         <kind>archive</kind>
         <file>libclang_rt.builtins.a</file>
         <name>divdf3.S.obj</name>
      </input_file>
      <input_file id="fl-134">
         <path>D:\ti\ccs2051\ccs\tools\compiler\ti-cgt-armllvm_4.0.4.LTS\lib\armv6m-ti-none-eabi\</path>
         <kind>archive</kind>
         <file>libclang_rt.builtins.a</file>
         <name>extendsfdf2.S.obj</name>
      </input_file>
      <input_file id="fl-135">
         <path>D:\ti\ccs2051\ccs\tools\compiler\ti-cgt-armllvm_4.0.4.LTS\lib\armv6m-ti-none-eabi\</path>
         <kind>archive</kind>
         <file>libclang_rt.builtins.a</file>
         <name>fixdfsi.S.obj</name>
      </input_file>
      <input_file id="fl-136">
         <path>D:\ti\ccs2051\ccs\tools\compiler\ti-cgt-armllvm_4.0.4.LTS\lib\armv6m-ti-none-eabi\</path>
         <kind>archive</kind>
         <file>libclang_rt.builtins.a</file>
         <name>fixsfsi.S.obj</name>
      </input_file>
      <input_file id="fl-137">
         <path>D:\ti\ccs2051\ccs\tools\compiler\ti-cgt-armllvm_4.0.4.LTS\lib\armv6m-ti-none-eabi\</path>
         <kind>archive</kind>
         <file>libclang_rt.builtins.a</file>
         <name>fixunssfsi.S.obj</name>
      </input_file>
      <input_file id="fl-138">
         <path>D:\ti\ccs2051\ccs\tools\compiler\ti-cgt-armllvm_4.0.4.LTS\lib\armv6m-ti-none-eabi\</path>
         <kind>archive</kind>
         <file>libclang_rt.builtins.a</file>
         <name>floatsidf.S.obj</name>
      </input_file>
      <input_file id="fl-139">
         <path>D:\ti\ccs2051\ccs\tools\compiler\ti-cgt-armllvm_4.0.4.LTS\lib\armv6m-ti-none-eabi\</path>
         <kind>archive</kind>
         <file>libclang_rt.builtins.a</file>
         <name>floatsisf.S.obj</name>
      </input_file>
      <input_file id="fl-13a">
         <path>D:\ti\ccs2051\ccs\tools\compiler\ti-cgt-armllvm_4.0.4.LTS\lib\armv6m-ti-none-eabi\</path>
         <kind>archive</kind>
         <file>libclang_rt.builtins.a</file>
         <name>floatunsisf.S.obj</name>
      </input_file>
      <input_file id="fl-13b">
         <path>D:\ti\ccs2051\ccs\tools\compiler\ti-cgt-armllvm_4.0.4.LTS\lib\armv6m-ti-none-eabi\</path>
         <kind>archive</kind>
         <file>libclang_rt.builtins.a</file>
         <name>muldi3.S.obj</name>
      </input_file>
      <input_file id="fl-13c">
         <path>D:\ti\ccs2051\ccs\tools\compiler\ti-cgt-armllvm_4.0.4.LTS\lib\armv6m-ti-none-eabi\</path>
         <kind>archive</kind>
         <file>libclang_rt.builtins.a</file>
         <name>clzsi2.c.obj</name>
      </input_file>
      <input_file id="fl-13d">
         <path>D:\ti\ccs2051\ccs\tools\compiler\ti-cgt-armllvm_4.0.4.LTS\lib\armv6m-ti-none-eabi\</path>
         <kind>archive</kind>
         <file>libclang_rt.builtins.a</file>
         <name>aeabi_dcmp.S.obj</name>
      </input_file>
      <input_file id="fl-13e">
         <path>D:\ti\ccs2051\ccs\tools\compiler\ti-cgt-armllvm_4.0.4.LTS\lib\armv6m-ti-none-eabi\</path>
         <kind>archive</kind>
         <file>libclang_rt.builtins.a</file>
         <name>aeabi_fcmp.S.obj</name>
      </input_file>
      <input_file id="fl-13f">
         <path>D:\ti\ccs2051\ccs\tools\compiler\ti-cgt-armllvm_4.0.4.LTS\lib\armv6m-ti-none-eabi\</path>
         <kind>archive</kind>
         <file>libclang_rt.builtins.a</file>
         <name>aeabi_idivmod.S.obj</name>
      </input_file>
      <input_file id="fl-140">
         <path>D:\ti\ccs2051\ccs\tools\compiler\ti-cgt-armllvm_4.0.4.LTS\lib\armv6m-ti-none-eabi\</path>
         <kind>archive</kind>
         <file>libclang_rt.builtins.a</file>
         <name>aeabi_memcpy.S.obj</name>
      </input_file>
      <input_file id="fl-141">
         <path>D:\ti\ccs2051\ccs\tools\compiler\ti-cgt-armllvm_4.0.4.LTS\lib\armv6m-ti-none-eabi\</path>
         <kind>archive</kind>
         <file>libclang_rt.builtins.a</file>
         <name>aeabi_memmove.S.obj</name>
      </input_file>
      <input_file id="fl-142">
         <path>D:\ti\ccs2051\ccs\tools\compiler\ti-cgt-armllvm_4.0.4.LTS\lib\armv6m-ti-none-eabi\</path>
         <kind>archive</kind>
         <file>libclang_rt.builtins.a</file>
         <name>aeabi_memset.S.obj</name>
      </input_file>
      <input_file id="fl-143">
         <path>D:\ti\ccs2051\ccs\tools\compiler\ti-cgt-armllvm_4.0.4.LTS\lib\armv6m-ti-none-eabi\</path>
         <kind>archive</kind>
         <file>libclang_rt.builtins.a</file>
         <name>aeabi_uidivmod.S.obj</name>
      </input_file>
      <input_file id="fl-144">
         <path>D:\ti\ccs2051\ccs\tools\compiler\ti-cgt-armllvm_4.0.4.LTS\lib\armv6m-ti-none-eabi\</path>
         <kind>archive</kind>
         <file>libclang_rt.builtins.a</file>
         <name>aeabi_uldivmod.S.obj</name>
      </input_file>
      <input_file id="fl-145">
         <path>D:\ti\ccs2051\ccs\tools\compiler\ti-cgt-armllvm_4.0.4.LTS\lib\armv6m-ti-none-eabi\</path>
         <kind>archive</kind>
         <file>libclang_rt.builtins.a</file>
         <name>comparesf2.S.obj</name>
      </input_file>
      <input_file id="fl-146">
         <path>D:\ti\ccs2051\ccs\tools\compiler\ti-cgt-armllvm_4.0.4.LTS\lib\armv6m-ti-none-eabi\</path>
         <kind>archive</kind>
         <file>libclang_rt.builtins.a</file>
         <name>udivmoddi4.S.obj</name>
      </input_file>
      <input_file id="fl-147">
         <path>D:\ti\ccs2051\ccs\tools\compiler\ti-cgt-armllvm_4.0.4.LTS\lib\armv6m-ti-none-eabi\</path>
         <kind>archive</kind>
         <file>libclang_rt.builtins.a</file>
         <name>ashldi3.S.obj</name>
      </input_file>
      <input_file id="fl-148">
         <path>D:\ti\ccs2051\ccs\tools\compiler\ti-cgt-armllvm_4.0.4.LTS\lib\armv6m-ti-none-eabi\</path>
         <kind>archive</kind>
         <file>libclang_rt.builtins.a</file>
         <name>comparedf2.c.obj</name>
      </input_file>
      <input_file id="fl-149">
         <path>D:\ti\ccs2051\ccs\tools\compiler\ti-cgt-armllvm_4.0.4.LTS\lib\armv6m-ti-none-eabi\</path>
         <kind>archive</kind>
         <file>libclang_rt.builtins.a</file>
         <name>aeabi_div0.c.obj</name>
      </input_file>
      <input_file id="fl-14a">
         <path>D:\ti\ccs2051\ccs\tools\compiler\ti-cgt-armllvm_4.0.4.LTS\lib\armv6m-ti-none-eabi\c\</path>
         <kind>archive</kind>
         <file>libc.a</file>
         <name>getdevice.c.obj</name>
      </input_file>
      <input_file id="fl-14b">
         <path>D:\ti\ccs2051\ccs\tools\compiler\ti-cgt-armllvm_4.0.4.LTS\lib\armv6m-ti-none-eabi\c\</path>
         <kind>archive</kind>
         <file>libc.a</file>
         <name>memcpy16.S.obj</name>
      </input_file>
      <input_file id="fl-14c">
         <path>D:\ti\ccs2051\ccs\tools\compiler\ti-cgt-armllvm_4.0.4.LTS\lib\armv6m-ti-none-eabi\c\</path>
         <kind>archive</kind>
         <file>libc.a</file>
         <name>memset16.S.obj</name>
      </input_file>
      <input_file id="fl-14d">
         <path>D:\ti\ccs2051\ccs\tools\compiler\ti-cgt-armllvm_4.0.4.LTS\lib\armv6m-ti-none-eabi\c\</path>
         <kind>archive</kind>
         <file>libc.a</file>
         <name>strcmp-armv6m.S.obj</name>
      </input_file>
      <input_file id="fl-14e">
         <path>D:\ti\ccs2051\ccs\tools\compiler\ti-cgt-armllvm_4.0.4.LTS\lib\armv6m-ti-none-eabi\c\</path>
         <kind>archive</kind>
         <file>libc.a</file>
         <name>memmov.c.obj</name>
      </input_file>
   </input_file_list>
   <object_component_list>
      <object_component id="oc-1a">
         <name>.intvecs</name>
         <load_address>0x0</load_address>
         <readonly>true</readonly>
         <run_address>0x0</run_address>
         <size>0xc0</size>
         <alignment>0x4</alignment>
         <input_file_ref idref="fl-3"/>
      </object_component>
      <object_component id="oc-16f">
         <name>.text.arm_cfft_f32</name>
         <load_address>0x80f0</load_address>
         <readonly>true</readonly>
         <executable>true</executable>
         <run_address>0x80f0</run_address>
         <size>0xb72</size>
         <alignment>0x4</alignment>
         <input_file_ref idref="fl-32"/>
      </object_component>
      <object_component id="oc-35">
         <name>.text.Default_Handler</name>
         <load_address>0x8c62</load_address>
         <readonly>true</readonly>
         <executable>true</executable>
         <run_address>0x8c62</run_address>
         <size>0x2</size>
         <alignment>0x2</alignment>
         <input_file_ref idref="fl-3"/>
      </object_component>
      <object_component id="oc-10c">
         <name>.text.fft_find_peaks</name>
         <load_address>0x8c64</load_address>
         <readonly>true</readonly>
         <executable>true</executable>
         <run_address>0x8c64</run_address>
         <size>0xa2c</size>
         <alignment>0x4</alignment>
         <input_file_ref idref="fl-7"/>
      </object_component>
      <object_component id="oc-228">
         <name>.text:__TI_printfi</name>
         <load_address>0x9690</load_address>
         <readonly>true</readonly>
         <executable>true</executable>
         <run_address>0x9690</run_address>
         <size>0x9d0</size>
         <alignment>0x4</alignment>
         <input_file_ref idref="fl-6b"/>
      </object_component>
      <object_component id="oc-1d1">
         <name>.text.arm_radix8_butterfly_f32</name>
         <load_address>0xa060</load_address>
         <readonly>true</readonly>
         <executable>true</executable>
         <run_address>0xa060</run_address>
         <size>0x8cc</size>
         <alignment>0x4</alignment>
         <input_file_ref idref="fl-35"/>
      </object_component>
      <object_component id="oc-10b">
         <name>.text.fft_process</name>
         <load_address>0xa92c</load_address>
         <readonly>true</readonly>
         <executable>true</executable>
         <run_address>0xa92c</run_address>
         <size>0x6d0</size>
         <alignment>0x4</alignment>
         <input_file_ref idref="fl-7"/>
      </object_component>
      <object_component id="oc-104">
         <name>.text.fft_prepare</name>
         <load_address>0xaffc</load_address>
         <readonly>true</readonly>
         <executable>true</executable>
         <run_address>0xaffc</run_address>
         <size>0x3b0</size>
         <alignment>0x4</alignment>
         <input_file_ref idref="fl-7"/>
      </object_component>
      <object_component id="oc-c3">
         <name>.text.UART_Proc</name>
         <load_address>0xb3ac</load_address>
         <readonly>true</readonly>
         <executable>true</executable>
         <run_address>0xb3ac</run_address>
         <size>0x354</size>
         <alignment>0x4</alignment>
         <input_file_ref idref="fl-e"/>
      </object_component>
      <object_component id="oc-10d">
         <name>.text.fft_get_axis</name>
         <load_address>0xb700</load_address>
         <readonly>true</readonly>
         <executable>true</executable>
         <run_address>0xb700</run_address>
         <size>0x2ec</size>
         <alignment>0x4</alignment>
         <input_file_ref idref="fl-7"/>
      </object_component>
      <object_component id="oc-1b7">
         <name>.text.SYSCFG_DL_SYSCTL_SYSPLL_init</name>
         <load_address>0xb9ec</load_address>
         <readonly>true</readonly>
         <executable>true</executable>
         <run_address>0xb9ec</run_address>
         <size>0x2a8</size>
         <alignment>0x4</alignment>
         <input_file_ref idref="fl-2"/>
      </object_component>
      <object_component id="oc-10e">
         <name>.text.THD_HarmonicEnergy</name>
         <load_address>0xbc94</load_address>
         <readonly>true</readonly>
         <executable>true</executable>
         <run_address>0xbc94</run_address>
         <size>0x29c</size>
         <alignment>0x4</alignment>
         <input_file_ref idref="fl-f"/>
      </object_component>
      <object_component id="oc-249">
         <name>.text._pconv_a</name>
         <load_address>0xbf30</load_address>
         <readonly>true</readonly>
         <executable>true</executable>
         <run_address>0xbf30</run_address>
         <size>0x220</size>
         <alignment>0x4</alignment>
         <input_file_ref idref="fl-6b"/>
      </object_component>
      <object_component id="oc-24e">
         <name>.text._pconv_g</name>
         <load_address>0xc150</load_address>
         <readonly>true</readonly>
         <executable>true</executable>
         <run_address>0xc150</run_address>
         <size>0x1dc</size>
         <alignment>0x4</alignment>
         <input_file_ref idref="fl-6b"/>
      </object_component>
      <object_component id="oc-1de">
         <name>.text.atanf</name>
         <load_address>0xc32c</load_address>
         <readonly>true</readonly>
         <executable>true</executable>
         <run_address>0xc32c</run_address>
         <size>0x1c8</size>
         <alignment>0x4</alignment>
         <input_file_ref idref="fl-5c"/>
      </object_component>
      <object_component id="oc-28a">
         <name>.text.adddf3_subdf3</name>
         <load_address>0xc4f4</load_address>
         <readonly>true</readonly>
         <executable>true</executable>
         <run_address>0xc4f4</run_address>
         <size>0x192</size>
         <alignment>0x4</alignment>
         <input_file_ref idref="fl-12e"/>
      </object_component>
      <object_component id="oc-fc">
         <name>.text.Task_100ms</name>
         <load_address>0xc686</load_address>
         <readonly>true</readonly>
         <executable>true</executable>
         <run_address>0xc686</run_address>
         <size>0x2</size>
         <alignment>0x2</alignment>
         <input_file_ref idref="fl-10"/>
      </object_component>
      <object_component id="oc-28e">
         <name>.text.fcvt</name>
         <load_address>0xc688</load_address>
         <readonly>true</readonly>
         <executable>true</executable>
         <run_address>0xc688</run_address>
         <size>0x13c</size>
         <alignment>0x4</alignment>
         <input_file_ref idref="fl-6b"/>
      </object_component>
      <object_component id="oc-bd">
         <name>.text.ADC_Proc</name>
         <load_address>0xc7c4</load_address>
         <readonly>true</readonly>
         <executable>true</executable>
         <run_address>0xc7c4</run_address>
         <size>0x128</size>
         <alignment>0x4</alignment>
         <input_file_ref idref="fl-e"/>
      </object_component>
      <object_component id="oc-250">
         <name>.text._pconv_e</name>
         <load_address>0xc8ec</load_address>
         <readonly>true</readonly>
         <executable>true</executable>
         <run_address>0xc8ec</run_address>
         <size>0x120</size>
         <alignment>0x4</alignment>
         <input_file_ref idref="fl-6b"/>
      </object_component>
      <object_component id="oc-173">
         <name>.text.atan2f</name>
         <load_address>0xca0c</load_address>
         <readonly>true</readonly>
         <executable>true</executable>
         <run_address>0xca0c</run_address>
         <size>0x118</size>
         <alignment>0x4</alignment>
         <input_file_ref idref="fl-59"/>
      </object_component>
      <object_component id="oc-1d5">
         <name>.text.arm_bitreversal_32</name>
         <load_address>0xcb24</load_address>
         <readonly>true</readonly>
         <executable>true</executable>
         <run_address>0xcb24</run_address>
         <size>0x112</size>
         <alignment>0x2</alignment>
         <input_file_ref idref="fl-3a"/>
      </object_component>
      <object_component id="oc-fb">
         <name>.text.Task_10ms</name>
         <load_address>0xcc36</load_address>
         <readonly>true</readonly>
         <executable>true</executable>
         <run_address>0xcc36</run_address>
         <size>0x2</size>
         <alignment>0x2</alignment>
         <input_file_ref idref="fl-10"/>
      </object_component>
      <object_component id="oc-286">
         <name>.text.__divdf3</name>
         <load_address>0xcc38</load_address>
         <readonly>true</readonly>
         <executable>true</executable>
         <run_address>0xcc38</run_address>
         <size>0x10c</size>
         <alignment>0x4</alignment>
         <input_file_ref idref="fl-133"/>
      </object_component>
      <object_component id="oc-1c0">
         <name>.text.DL_Timer_initTimerMode</name>
         <load_address>0xcd44</load_address>
         <readonly>true</readonly>
         <executable>true</executable>
         <run_address>0xcd44</run_address>
         <size>0xfc</size>
         <alignment>0x4</alignment>
         <input_file_ref idref="fl-3f"/>
      </object_component>
      <object_component id="oc-bb">
         <name>.text.Scheduler_Run</name>
         <load_address>0xce40</load_address>
         <readonly>true</readonly>
         <executable>true</executable>
         <run_address>0xce40</run_address>
         <size>0xfc</size>
         <alignment>0x4</alignment>
         <input_file_ref idref="fl-10"/>
      </object_component>
      <object_component id="oc-1b6">
         <name>.text.DL_SYSCTL_configSYSPLL</name>
         <load_address>0xcf3c</load_address>
         <readonly>true</readonly>
         <executable>true</executable>
         <run_address>0xcf3c</run_address>
         <size>0xf8</size>
         <alignment>0x4</alignment>
         <input_file_ref idref="fl-41"/>
      </object_component>
      <object_component id="oc-b5">
         <name>.text.ADC_Init</name>
         <load_address>0xd034</load_address>
         <readonly>true</readonly>
         <executable>true</executable>
         <run_address>0xd034</run_address>
         <size>0xe8</size>
         <alignment>0x4</alignment>
         <input_file_ref idref="fl-a"/>
      </object_component>
      <object_component id="oc-276">
         <name>.text.__muldf3</name>
         <load_address>0xd11c</load_address>
         <readonly>true</readonly>
         <executable>true</executable>
         <run_address>0xd11c</run_address>
         <size>0xe4</size>
         <alignment>0x4</alignment>
         <input_file_ref idref="fl-12f"/>
      </object_component>
      <object_component id="oc-265">
         <name>.text.scalbn</name>
         <load_address>0xd200</load_address>
         <readonly>true</readonly>
         <executable>true</executable>
         <run_address>0xd200</run_address>
         <size>0xd8</size>
         <alignment>0x4</alignment>
         <input_file_ref idref="fl-78"/>
      </object_component>
      <object_component id="oc-169">
         <name>.text</name>
         <load_address>0xd2d8</load_address>
         <readonly>true</readonly>
         <executable>true</executable>
         <run_address>0xd2d8</run_address>
         <size>0xd8</size>
         <alignment>0x4</alignment>
         <input_file_ref idref="fl-12d"/>
      </object_component>
      <object_component id="oc-12d">
         <name>.text.Serial_Printf</name>
         <load_address>0xd3b0</load_address>
         <readonly>true</readonly>
         <executable>true</executable>
         <run_address>0xd3b0</run_address>
         <size>0xd0</size>
         <alignment>0x4</alignment>
         <input_file_ref idref="fl-c"/>
      </object_component>
      <object_component id="oc-138">
         <name>.text.Serial_Send</name>
         <load_address>0xd480</load_address>
         <readonly>true</readonly>
         <executable>true</executable>
         <run_address>0xd480</run_address>
         <size>0xc0</size>
         <alignment>0x4</alignment>
         <input_file_ref idref="fl-c"/>
      </object_component>
      <object_component id="oc-10a">
         <name>.text.fft_window</name>
         <load_address>0xd540</load_address>
         <readonly>true</readonly>
         <executable>true</executable>
         <run_address>0xd540</run_address>
         <size>0xbc</size>
         <alignment>0x2</alignment>
         <input_file_ref idref="fl-7"/>
      </object_component>
      <object_component id="oc-15b">
         <name>.text.SYSCFG_DL_SYSCTL_init</name>
         <load_address>0xd5fc</load_address>
         <readonly>true</readonly>
         <executable>true</executable>
         <run_address>0xd5fc</run_address>
         <size>0xb0</size>
         <alignment>0x4</alignment>
         <input_file_ref idref="fl-2"/>
      </object_component>
      <object_component id="oc-25c">
         <name>.text</name>
         <load_address>0xd6ac</load_address>
         <readonly>true</readonly>
         <executable>true</executable>
         <run_address>0xd6ac</run_address>
         <size>0xa2</size>
         <alignment>0x4</alignment>
         <input_file_ref idref="fl-146"/>
      </object_component>
      <object_component id="oc-fe">
         <name>.text.Task_1min</name>
         <load_address>0xd74e</load_address>
         <readonly>true</readonly>
         <executable>true</executable>
         <run_address>0xd74e</run_address>
         <size>0x2</size>
         <alignment>0x2</alignment>
         <input_file_ref idref="fl-10"/>
      </object_component>
      <object_component id="oc-120">
         <name>.text.THD_Compute</name>
         <load_address>0xd750</load_address>
         <readonly>true</readonly>
         <executable>true</executable>
         <run_address>0xd750</run_address>
         <size>0xa0</size>
         <alignment>0x4</alignment>
         <input_file_ref idref="fl-f"/>
      </object_component>
      <object_component id="oc-177">
         <name>.text.sqrtf</name>
         <load_address>0xd7f0</load_address>
         <readonly>true</readonly>
         <executable>true</executable>
         <run_address>0xd7f0</run_address>
         <size>0xa0</size>
         <alignment>0x4</alignment>
         <input_file_ref idref="fl-5b"/>
      </object_component>
      <object_component id="oc-aa">
         <name>.text:memcpy</name>
         <load_address>0xd890</load_address>
         <readonly>true</readonly>
         <executable>true</executable>
         <run_address>0xd890</run_address>
         <size>0x9a</size>
         <alignment>0x1</alignment>
         <input_file_ref idref="fl-14b"/>
      </object_component>
      <object_component id="oc-fa">
         <name>.text.Task_1ms</name>
         <load_address>0xd92a</load_address>
         <readonly>true</readonly>
         <executable>true</executable>
         <run_address>0xd92a</run_address>
         <size>0x2</size>
         <alignment>0x2</alignment>
         <input_file_ref idref="fl-10"/>
      </object_component>
      <object_component id="oc-15f">
         <name>.text.SYSCFG_DL_ADC12_0_init</name>
         <load_address>0xd92c</load_address>
         <readonly>true</readonly>
         <executable>true</executable>
         <run_address>0xd92c</run_address>
         <size>0x98</size>
         <alignment>0x4</alignment>
         <input_file_ref idref="fl-2"/>
      </object_component>
      <object_component id="oc-15e">
         <name>.text.SYSCFG_DL_HMI_init</name>
         <load_address>0xd9c4</load_address>
         <readonly>true</readonly>
         <executable>true</executable>
         <run_address>0xd9c4</run_address>
         <size>0x90</size>
         <alignment>0x4</alignment>
         <input_file_ref idref="fl-2"/>
      </object_component>
      <object_component id="oc-b6">
         <name>.text.ADC_StartNormal</name>
         <load_address>0xda54</load_address>
         <readonly>true</readonly>
         <executable>true</executable>
         <run_address>0xda54</run_address>
         <size>0x8c</size>
         <alignment>0x4</alignment>
         <input_file_ref idref="fl-a"/>
      </object_component>
      <object_component id="oc-11c">
         <name>.text.__mulsf3</name>
         <load_address>0xdae0</load_address>
         <readonly>true</readonly>
         <executable>true</executable>
         <run_address>0xdae0</run_address>
         <size>0x8c</size>
         <alignment>0x4</alignment>
         <input_file_ref idref="fl-131"/>
      </object_component>
      <object_component id="oc-1b0">
         <name>.text.DL_SYSCTL_setHFCLKSourceHFXTParams</name>
         <load_address>0xdb6c</load_address>
         <readonly>true</readonly>
         <executable>true</executable>
         <run_address>0xdb6c</run_address>
         <size>0x88</size>
         <alignment>0x4</alignment>
         <input_file_ref idref="fl-41"/>
      </object_component>
      <object_component id="oc-118">
         <name>.text.__divsf3</name>
         <load_address>0xdbf4</load_address>
         <readonly>true</readonly>
         <executable>true</executable>
         <run_address>0xdbf4</run_address>
         <size>0x82</size>
         <alignment>0x4</alignment>
         <input_file_ref idref="fl-132"/>
      </object_component>
      <object_component id="oc-fd">
         <name>.text.Task_1sec</name>
         <load_address>0xdc76</load_address>
         <readonly>true</readonly>
         <executable>true</executable>
         <run_address>0xdc76</run_address>
         <size>0x2</size>
         <alignment>0x2</alignment>
         <input_file_ref idref="fl-10"/>
      </object_component>
      <object_component id="oc-1e">
         <name>.text:decompress:lzss</name>
         <load_address>0xdc78</load_address>
         <readonly>true</readonly>
         <executable>true</executable>
         <run_address>0xdc78</run_address>
         <size>0x7c</size>
         <alignment>0x4</alignment>
         <input_file_ref idref="fl-6a"/>
      </object_component>
      <object_component id="oc-13a">
         <name>.text.Protocol_ParseByte</name>
         <load_address>0xdcf4</load_address>
         <readonly>true</readonly>
         <executable>true</executable>
         <run_address>0xdcf4</run_address>
         <size>0x74</size>
         <alignment>0x4</alignment>
         <input_file_ref idref="fl-d"/>
      </object_component>
      <object_component id="oc-284">
         <name>.text.__gedf2</name>
         <load_address>0xdd68</load_address>
         <readonly>true</readonly>
         <executable>true</executable>
         <run_address>0xdd68</run_address>
         <size>0x74</size>
         <alignment>0x4</alignment>
         <input_file_ref idref="fl-148"/>
      </object_component>
      <object_component id="oc-139">
         <name>.text.Serial_RxReadAll</name>
         <load_address>0xdddc</load_address>
         <readonly>true</readonly>
         <executable>true</executable>
         <run_address>0xdddc</run_address>
         <size>0x70</size>
         <alignment>0x4</alignment>
         <input_file_ref idref="fl-c"/>
      </object_component>
      <object_component id="oc-12e">
         <name>.text.Protocol_DistName</name>
         <load_address>0xde4c</load_address>
         <readonly>true</readonly>
         <executable>true</executable>
         <run_address>0xde4c</run_address>
         <size>0x68</size>
         <alignment>0x4</alignment>
         <input_file_ref idref="fl-d"/>
      </object_component>
      <object_component id="oc-27e">
         <name>.text.__ledf2</name>
         <load_address>0xdeb4</load_address>
         <readonly>true</readonly>
         <executable>true</executable>
         <run_address>0xdeb4</run_address>
         <size>0x68</size>
         <alignment>0x4</alignment>
         <input_file_ref idref="fl-148"/>
      </object_component>
      <object_component id="oc-27d">
         <name>.text._mcpy</name>
         <load_address>0xdf1c</load_address>
         <readonly>true</readonly>
         <executable>true</executable>
         <run_address>0xdf1c</run_address>
         <size>0x66</size>
         <alignment>0x2</alignment>
         <input_file_ref idref="fl-6b"/>
      </object_component>
      <object_component id="oc-e1">
         <name>.text.__aeabi_idiv0</name>
         <load_address>0xdf82</load_address>
         <readonly>true</readonly>
         <executable>true</executable>
         <run_address>0xdf82</run_address>
         <size>0x2</size>
         <alignment>0x2</alignment>
         <input_file_ref idref="fl-149"/>
      </object_component>
      <object_component id="oc-24a">
         <name>.text.__aeabi_dcmp</name>
         <load_address>0xdf84</load_address>
         <readonly>true</readonly>
         <executable>true</executable>
         <run_address>0xdf84</run_address>
         <size>0x62</size>
         <alignment>0x4</alignment>
         <input_file_ref idref="fl-13d"/>
      </object_component>
      <object_component id="oc-290">
         <name>.text.__aeabi_ldiv0</name>
         <load_address>0xdfe6</load_address>
         <readonly>true</readonly>
         <executable>true</executable>
         <run_address>0xdfe6</run_address>
         <size>0x2</size>
         <alignment>0x2</alignment>
         <input_file_ref idref="fl-149"/>
      </object_component>
      <object_component id="oc-114">
         <name>.text.__aeabi_fcmp</name>
         <load_address>0xdfe8</load_address>
         <readonly>true</readonly>
         <executable>true</executable>
         <run_address>0xdfe8</run_address>
         <size>0x62</size>
         <alignment>0x4</alignment>
         <input_file_ref idref="fl-13e"/>
      </object_component>
      <object_component id="oc-ed">
         <name>.text:memset</name>
         <load_address>0xe04a</load_address>
         <readonly>true</readonly>
         <executable>true</executable>
         <run_address>0xe04a</run_address>
         <size>0x62</size>
         <alignment>0x1</alignment>
         <input_file_ref idref="fl-14c"/>
      </object_component>
      <object_component id="oc-261">
         <name>.text.frexp</name>
         <load_address>0xe0ac</load_address>
         <readonly>true</readonly>
         <executable>true</executable>
         <run_address>0xe0ac</run_address>
         <size>0x5c</size>
         <alignment>0x4</alignment>
         <input_file_ref idref="fl-77"/>
      </object_component>
      <object_component id="oc-1ff">
         <name>.text.DL_FactoryRegion_initTrimTable</name>
         <load_address>0xe108</load_address>
         <readonly>true</readonly>
         <executable>true</executable>
         <run_address>0xe108</run_address>
         <size>0x58</size>
         <alignment>0x4</alignment>
         <input_file_ref idref="fl-42"/>
      </object_component>
      <object_component id="oc-26d">
         <name>.text.__TI_ltoa</name>
         <load_address>0xe160</load_address>
         <readonly>true</readonly>
         <executable>true</executable>
         <run_address>0xe160</run_address>
         <size>0x58</size>
         <alignment>0x2</alignment>
         <input_file_ref idref="fl-73"/>
      </object_component>
      <object_component id="oc-24f">
         <name>.text._pconv_f</name>
         <load_address>0xe1b8</load_address>
         <readonly>true</readonly>
         <executable>true</executable>
         <run_address>0xe1b8</run_address>
         <size>0x58</size>
         <alignment>0x2</alignment>
         <input_file_ref idref="fl-6b"/>
      </object_component>
      <object_component id="oc-29d">
         <name>.text.__aeabi_idivmod</name>
         <load_address>0xe210</load_address>
         <readonly>true</readonly>
         <executable>true</executable>
         <run_address>0xe210</run_address>
         <size>0x56</size>
         <alignment>0x4</alignment>
         <input_file_ref idref="fl-13f"/>
      </object_component>
      <object_component id="oc-159">
         <name>.text.SYSCFG_DL_initPower</name>
         <load_address>0xe268</load_address>
         <readonly>true</readonly>
         <executable>true</executable>
         <run_address>0xe268</run_address>
         <size>0x54</size>
         <alignment>0x4</alignment>
         <input_file_ref idref="fl-2"/>
      </object_component>
      <object_component id="oc-3c">
         <name>.text.UART0_IRQHandler</name>
         <load_address>0xe2bc</load_address>
         <readonly>true</readonly>
         <executable>true</executable>
         <run_address>0xe2bc</run_address>
         <size>0x54</size>
         <alignment>0x4</alignment>
         <input_file_ref idref="fl-1"/>
      </object_component>
      <object_component id="oc-27b">
         <name>.text._ecpy</name>
         <load_address>0xe310</load_address>
         <readonly>true</readonly>
         <executable>true</executable>
         <run_address>0xe310</run_address>
         <size>0x52</size>
         <alignment>0x2</alignment>
         <input_file_ref idref="fl-6b"/>
      </object_component>
      <object_component id="oc-6e">
         <name>.text.Serial_RxPushByte</name>
         <load_address>0xe364</load_address>
         <readonly>true</readonly>
         <executable>true</executable>
         <run_address>0xe364</run_address>
         <size>0x50</size>
         <alignment>0x4</alignment>
         <input_file_ref idref="fl-c"/>
      </object_component>
      <object_component id="oc-7d">
         <name>.text.main</name>
         <load_address>0xe3b4</load_address>
         <readonly>true</readonly>
         <executable>true</executable>
         <run_address>0xe3b4</run_address>
         <size>0x50</size>
         <alignment>0x4</alignment>
         <input_file_ref idref="fl-1"/>
      </object_component>
      <object_component id="oc-20b">
         <name>.text.DL_DMA_initChannel</name>
         <load_address>0xe404</load_address>
         <readonly>true</readonly>
         <executable>true</executable>
         <run_address>0xe404</run_address>
         <size>0x4c</size>
         <alignment>0x4</alignment>
         <input_file_ref idref="fl-3e"/>
      </object_component>
      <object_component id="oc-269">
         <name>.text.__fixdfsi</name>
         <load_address>0xe450</load_address>
         <readonly>true</readonly>
         <executable>true</executable>
         <run_address>0xe450</run_address>
         <size>0x4a</size>
         <alignment>0x4</alignment>
         <input_file_ref idref="fl-135"/>
      </object_component>
      <object_component id="oc-1c4">
         <name>.text.DL_UART_init</name>
         <load_address>0xe49c</load_address>
         <readonly>true</readonly>
         <executable>true</executable>
         <run_address>0xe49c</run_address>
         <size>0x48</size>
         <alignment>0x4</alignment>
         <input_file_ref idref="fl-40"/>
      </object_component>
      <object_component id="oc-1b8">
         <name>.text.DL_SYSCTL_switchMCLKfromSYSOSCtoHSCLK</name>
         <load_address>0xe4e4</load_address>
         <readonly>true</readonly>
         <executable>true</executable>
         <run_address>0xe4e4</run_address>
         <size>0x44</size>
         <alignment>0x4</alignment>
         <input_file_ref idref="fl-41"/>
      </object_component>
      <object_component id="oc-1c7">
         <name>.text.DL_ADC12_setClockConfig</name>
         <load_address>0xe528</load_address>
         <readonly>true</readonly>
         <executable>true</executable>
         <run_address>0xe528</run_address>
         <size>0x40</size>
         <alignment>0x4</alignment>
         <input_file_ref idref="fl-3c"/>
      </object_component>
      <object_component id="oc-15d">
         <name>.text.SYSCFG_DL_TIMER_0_init</name>
         <load_address>0xe568</load_address>
         <readonly>true</readonly>
         <executable>true</executable>
         <run_address>0xe568</run_address>
         <size>0x40</size>
         <alignment>0x4</alignment>
         <input_file_ref idref="fl-2"/>
      </object_component>
      <object_component id="oc-b4">
         <name>.text.SampleTimer_SetRate</name>
         <load_address>0xe5a8</load_address>
         <readonly>true</readonly>
         <executable>true</executable>
         <run_address>0xe5a8</run_address>
         <size>0x40</size>
         <alignment>0x4</alignment>
         <input_file_ref idref="fl-b"/>
      </object_component>
      <object_component id="oc-9e">
         <name>.text.__aeabi_uidivmod</name>
         <load_address>0xe5e8</load_address>
         <readonly>true</readonly>
         <executable>true</executable>
         <run_address>0xe5e8</run_address>
         <size>0x40</size>
         <alignment>0x4</alignment>
         <input_file_ref idref="fl-143"/>
      </object_component>
      <object_component id="oc-129">
         <name>.text.__extendsfdf2</name>
         <load_address>0xe628</load_address>
         <readonly>true</readonly>
         <executable>true</executable>
         <run_address>0xe628</run_address>
         <size>0x40</size>
         <alignment>0x4</alignment>
         <input_file_ref idref="fl-134"/>
      </object_component>
      <object_component id="oc-238">
         <name>.text.atoi</name>
         <load_address>0xe668</load_address>
         <readonly>true</readonly>
         <executable>true</executable>
         <run_address>0xe668</run_address>
         <size>0x40</size>
         <alignment>0x4</alignment>
         <input_file_ref idref="fl-75"/>
      </object_component>
      <object_component id="oc-18f">
         <name>.text.vsnprintf</name>
         <load_address>0xe6a8</load_address>
         <readonly>true</readonly>
         <executable>true</executable>
         <run_address>0xe6a8</run_address>
         <size>0x40</size>
         <alignment>0x4</alignment>
         <input_file_ref idref="fl-5e"/>
      </object_component>
      <object_component id="oc-63">
         <name>.text.ADC_IRQHandler</name>
         <load_address>0xe6e8</load_address>
         <readonly>true</readonly>
         <executable>true</executable>
         <run_address>0xe6e8</run_address>
         <size>0x3c</size>
         <alignment>0x4</alignment>
         <input_file_ref idref="fl-a"/>
      </object_component>
      <object_component id="oc-15a">
         <name>.text.SYSCFG_DL_GPIO_init</name>
         <load_address>0xe724</load_address>
         <readonly>true</readonly>
         <executable>true</executable>
         <run_address>0xe724</run_address>
         <size>0x3c</size>
         <alignment>0x4</alignment>
         <input_file_ref idref="fl-2"/>
      </object_component>
      <object_component id="oc-b2">
         <name>.text.SampleTimer_Init</name>
         <load_address>0xe760</load_address>
         <readonly>true</readonly>
         <executable>true</executable>
         <run_address>0xe760</run_address>
         <size>0x3c</size>
         <alignment>0x4</alignment>
         <input_file_ref idref="fl-b"/>
      </object_component>
      <object_component id="oc-186">
         <name>.text.__gtsf2</name>
         <load_address>0xe79c</load_address>
         <readonly>true</readonly>
         <executable>true</executable>
         <run_address>0xe79c</run_address>
         <size>0x3c</size>
         <alignment>0x4</alignment>
         <input_file_ref idref="fl-145"/>
      </object_component>
      <object_component id="oc-cb">
         <name>.text:__TI_auto_init_nobinit_nopinit</name>
         <load_address>0xe7d8</load_address>
         <readonly>true</readonly>
         <executable>true</executable>
         <run_address>0xe7d8</run_address>
         <size>0x3c</size>
         <alignment>0x4</alignment>
         <input_file_ref idref="fl-65"/>
      </object_component>
      <object_component id="oc-181">
         <name>.text.__eqsf2</name>
         <load_address>0xe814</load_address>
         <readonly>true</readonly>
         <executable>true</executable>
         <run_address>0xe814</run_address>
         <size>0x3a</size>
         <alignment>0x4</alignment>
         <input_file_ref idref="fl-145"/>
      </object_component>
      <object_component id="oc-189">
         <name>.text.__muldsi3</name>
         <load_address>0xe850</load_address>
         <readonly>true</readonly>
         <executable>true</executable>
         <run_address>0xe850</run_address>
         <size>0x3a</size>
         <alignment>0x4</alignment>
         <input_file_ref idref="fl-130"/>
      </object_component>
      <object_component id="oc-13b">
         <name>.text.Serial_RxRead</name>
         <load_address>0xe88c</load_address>
         <readonly>true</readonly>
         <executable>true</executable>
         <run_address>0xe88c</run_address>
         <size>0x38</size>
         <alignment>0x4</alignment>
         <input_file_ref idref="fl-c"/>
      </object_component>
      <object_component id="oc-134">
         <name>.text.__fixsfsi</name>
         <load_address>0xe8c4</load_address>
         <readonly>true</readonly>
         <executable>true</executable>
         <run_address>0xe8c4</run_address>
         <size>0x38</size>
         <alignment>0x4</alignment>
         <input_file_ref idref="fl-136"/>
      </object_component>
      <object_component id="oc-b0">
         <name>.text.Serial_Init</name>
         <load_address>0xe8fc</load_address>
         <readonly>true</readonly>
         <executable>true</executable>
         <run_address>0xe8fc</run_address>
         <size>0x34</size>
         <alignment>0x4</alignment>
         <input_file_ref idref="fl-c"/>
      </object_component>
      <object_component id="oc-195">
         <name>.text.DL_UART_transmitDataBlocking</name>
         <load_address>0xe930</load_address>
         <readonly>true</readonly>
         <executable>true</executable>
         <run_address>0xe930</run_address>
         <size>0x30</size>
         <alignment>0x4</alignment>
         <input_file_ref idref="fl-40"/>
      </object_component>
      <object_component id="oc-161">
         <name>.text.SYSCFG_DL_SYSTICK_init</name>
         <load_address>0xe960</load_address>
         <readonly>true</readonly>
         <executable>true</executable>
         <run_address>0xe960</run_address>
         <size>0x30</size>
         <alignment>0x4</alignment>
         <input_file_ref idref="fl-2"/>
      </object_component>
      <object_component id="oc-ee">
         <name>.text.SYSCFG_DL_init</name>
         <load_address>0xe990</load_address>
         <readonly>true</readonly>
         <executable>true</executable>
         <run_address>0xe990</run_address>
         <size>0x30</size>
         <alignment>0x4</alignment>
         <input_file_ref idref="fl-2"/>
      </object_component>
      <object_component id="oc-b1">
         <name>.text.Serial_RxInit</name>
         <load_address>0xe9c0</load_address>
         <readonly>true</readonly>
         <executable>true</executable>
         <run_address>0xe9c0</run_address>
         <size>0x30</size>
         <alignment>0x4</alignment>
         <input_file_ref idref="fl-c"/>
      </object_component>
      <object_component id="oc-27c">
         <name>.text._fcpy</name>
         <load_address>0xe9f0</load_address>
         <readonly>true</readonly>
         <executable>true</executable>
         <run_address>0xe9f0</run_address>
         <size>0x30</size>
         <alignment>0x2</alignment>
         <input_file_ref idref="fl-6b"/>
      </object_component>
      <object_component id="oc-1f8">
         <name>.text._outs</name>
         <load_address>0xea20</load_address>
         <readonly>true</readonly>
         <executable>true</executable>
         <run_address>0xea20</run_address>
         <size>0x30</size>
         <alignment>0x2</alignment>
         <input_file_ref idref="fl-5e"/>
      </object_component>
      <object_component id="oc-271">
         <name>.text.__floatsidf</name>
         <load_address>0xea50</load_address>
         <readonly>true</readonly>
         <executable>true</executable>
         <run_address>0xea50</run_address>
         <size>0x2c</size>
         <alignment>0x4</alignment>
         <input_file_ref idref="fl-138"/>
      </object_component>
      <object_component id="oc-165">
         <name>.text.__floatunsisf</name>
         <load_address>0xea7c</load_address>
         <readonly>true</readonly>
         <executable>true</executable>
         <run_address>0xea7c</run_address>
         <size>0x28</size>
         <alignment>0x4</alignment>
         <input_file_ref idref="fl-13a"/>
      </object_component>
      <object_component id="oc-58">
         <name>.text:_c_int00_noargs</name>
         <load_address>0xeaa4</load_address>
         <readonly>true</readonly>
         <executable>true</executable>
         <run_address>0xeaa4</run_address>
         <size>0x28</size>
         <alignment>0x4</alignment>
         <input_file_ref idref="fl-63"/>
      </object_component>
      <object_component id="oc-1ce">
         <name>.text.SYSCFG_DL_DMA_CH2_init</name>
         <load_address>0xeacc</load_address>
         <readonly>true</readonly>
         <executable>true</executable>
         <run_address>0xeacc</run_address>
         <size>0x24</size>
         <alignment>0x4</alignment>
         <input_file_ref idref="fl-2"/>
      </object_component>
      <object_component id="oc-b7">
         <name>.text.Scheduler_Init</name>
         <load_address>0xeaf0</load_address>
         <readonly>true</readonly>
         <executable>true</executable>
         <run_address>0xeaf0</run_address>
         <size>0x24</size>
         <alignment>0x4</alignment>
         <input_file_ref idref="fl-10"/>
      </object_component>
      <object_component id="oc-240">
         <name>.text.__muldi3</name>
         <load_address>0xeb14</load_address>
         <readonly>true</readonly>
         <executable>true</executable>
         <run_address>0xeb14</run_address>
         <size>0x24</size>
         <alignment>0x4</alignment>
         <input_file_ref idref="fl-13b"/>
      </object_component>
      <object_component id="oc-231">
         <name>.text.memccpy</name>
         <load_address>0xeb38</load_address>
         <readonly>true</readonly>
         <executable>true</executable>
         <run_address>0xeb38</run_address>
         <size>0x22</size>
         <alignment>0x2</alignment>
         <input_file_ref idref="fl-76"/>
      </object_component>
      <object_component id="oc-160">
         <name>.text.SYSCFG_DL_DMA_init</name>
         <load_address>0xeb5c</load_address>
         <readonly>true</readonly>
         <executable>true</executable>
         <run_address>0xeb5c</run_address>
         <size>0x20</size>
         <alignment>0x4</alignment>
         <input_file_ref idref="fl-2"/>
      </object_component>
      <object_component id="oc-291">
         <name>.text.__ashldi3</name>
         <load_address>0xeb7c</load_address>
         <readonly>true</readonly>
         <executable>true</executable>
         <run_address>0xeb7c</run_address>
         <size>0x1e</size>
         <alignment>0x4</alignment>
         <input_file_ref idref="fl-147"/>
      </object_component>
      <object_component id="oc-206">
         <name>.text.DL_SYSCTL_configFCC</name>
         <load_address>0xeb9c</load_address>
         <readonly>true</readonly>
         <executable>true</executable>
         <run_address>0xeb9c</run_address>
         <size>0x1c</size>
         <alignment>0x4</alignment>
         <input_file_ref idref="fl-41"/>
      </object_component>
      <object_component id="oc-1ba">
         <name>.text.DL_Timer_setClockConfig</name>
         <load_address>0xebb8</load_address>
         <readonly>true</readonly>
         <executable>true</executable>
         <run_address>0xebb8</run_address>
         <size>0x1c</size>
         <alignment>0x4</alignment>
         <input_file_ref idref="fl-3f"/>
      </object_component>
      <object_component id="oc-96">
         <name>.text.DL_UART_receiveDataCheck</name>
         <load_address>0xebd4</load_address>
         <readonly>true</readonly>
         <executable>true</executable>
         <run_address>0xebd4</run_address>
         <size>0x1c</size>
         <alignment>0x4</alignment>
         <input_file_ref idref="fl-40"/>
      </object_component>
      <object_component id="oc-f5">
         <name>.text.SampleTimer_Start</name>
         <load_address>0xebf0</load_address>
         <readonly>true</readonly>
         <executable>true</executable>
         <run_address>0xebf0</run_address>
         <size>0x18</size>
         <alignment>0x4</alignment>
         <input_file_ref idref="fl-b"/>
      </object_component>
      <object_component id="oc-13c">
         <name>.text.Serial_RxAvailable</name>
         <load_address>0xec08</load_address>
         <readonly>true</readonly>
         <executable>true</executable>
         <run_address>0xec08</run_address>
         <size>0x18</size>
         <alignment>0x4</alignment>
         <input_file_ref idref="fl-c"/>
      </object_component>
      <object_component id="oc-1f9">
         <name>.text._outc</name>
         <load_address>0xec20</load_address>
         <readonly>true</readonly>
         <executable>true</executable>
         <run_address>0xec20</run_address>
         <size>0x18</size>
         <alignment>0x2</alignment>
[...]
      </symbol>
      <symbol id="sm-201">
         <name>arm_cfft_f32</name>
         <value>0x80f1</value>
         <object_component_ref idref="oc-16f"/>
      </symbol>
      <symbol id="sm-20f">
         <name>arm_radix8_butterfly_f32</name>
         <value>0xa061</value>
         <object_component_ref idref="oc-1d1"/>
      </symbol>
      <symbol id="sm-216">
         <name>twiddleCoef_2048</name>
         <value>0xc0</value>
         <object_component_ref idref="oc-1ef"/>
      </symbol>
      <symbol id="sm-217">
         <name>armBitRevIndexTable2048</name>
         <value>0x60c0</value>
         <object_component_ref idref="oc-1f1"/>
      </symbol>
      <symbol id="sm-222">
         <name>arm_bitreversal_32</name>
         <value>0xcb25</value>
         <object_component_ref idref="oc-1d5"/>
      </symbol>
      <symbol id="sm-22e">
         <name>DL_ADC12_setClockConfig</name>
         <value>0xe529</value>
         <object_component_ref idref="oc-1c7"/>
      </symbol>
      <symbol id="sm-237">
         <name>DL_Common_delayCycles</name>
         <value>0xed39</value>
         <object_component_ref idref="oc-1ac"/>
      </symbol>
      <symbol id="sm-241">
         <name>DL_DMA_initChannel</name>
         <value>0xe405</value>
         <object_component_ref idref="oc-20b"/>
      </symbol>
      <symbol id="sm-251">
         <name>DL_Timer_setClockConfig</name>
         <value>0xebb9</value>
         <object_component_ref idref="oc-1ba"/>
      </symbol>
      <symbol id="sm-252">
         <name>DL_Timer_initTimerMode</name>
         <value>0xcd45</value>
         <object_component_ref idref="oc-1c0"/>
      </symbol>
      <symbol id="sm-265">
         <name>DL_UART_init</name>
         <value>0xe49d</value>
         <object_component_ref idref="oc-1c4"/>
      </symbol>
      <symbol id="sm-266">
         <name>DL_UART_setClockConfig</name>
         <value>0xec61</value>
         <object_component_ref idref="oc-1c3"/>
      </symbol>
      <symbol id="sm-267">
         <name>DL_UART_transmitDataBlocking</name>
         <value>0xe931</value>
         <object_component_ref idref="oc-195"/>
      </symbol>
      <symbol id="sm-268">
         <name>DL_UART_receiveDataCheck</name>
         <value>0xebd5</value>
         <object_component_ref idref="oc-96"/>
      </symbol>
      <symbol id="sm-27c">
         <name>DL_SYSCTL_configSYSPLL</name>
         <value>0xcf3d</value>
         <object_component_ref idref="oc-1b6"/>
      </symbol>
      <symbol id="sm-27d">
         <name>DL_SYSCTL_switchMCLKfromSYSOSCtoHSCLK</name>
         <value>0xe4e5</value>
         <object_component_ref idref="oc-1b8"/>
      </symbol>
      <symbol id="sm-27e">
         <name>DL_SYSCTL_setHFCLKSourceHFXTParams</name>
         <value>0xdb6d</value>
         <object_component_ref idref="oc-1b0"/>
      </symbol>
      <symbol id="sm-27f">
         <name>DL_SYSCTL_configFCC</name>
         <value>0xeb9d</value>
         <object_component_ref idref="oc-206"/>
      </symbol>
      <symbol id="sm-288">
         <name>DL_FactoryRegion_initTrimTable</name>
         <value>0xe109</value>
         <object_component_ref idref="oc-1ff"/>
      </symbol>
      <symbol id="sm-289">
         <name>DL_FACTORYREGION_TrimTable</name>
         <value>0x202082fc</value>
         <object_component_ref idref="oc-229"/>
      </symbol>
      <symbol id="sm-28a">
         <name>FACTORYVALUE</name>
         <value>0x20208340</value>
         <object_component_ref idref="oc-203"/>
      </symbol>
      <symbol id="sm-298">
         <name>atan2f</name>
         <value>0xca0d</value>
         <object_component_ref idref="oc-173"/>
      </symbol>
      <symbol id="sm-2a3">
         <name>sqrtf</name>
         <value>0xd7f1</value>
         <object_component_ref idref="oc-177"/>
      </symbol>
      <symbol id="sm-2b7">
         <name>atanf</name>
         <value>0xc32d</value>
         <object_component_ref idref="oc-1de"/>
      </symbol>
      <symbol id="sm-2c9">
         <name>vsnprintf</name>
         <value>0xe6a9</value>
         <object_component_ref idref="oc-18f"/>
      </symbol>
      <symbol id="sm-2d4">
         <name>__aeabi_errno_addr</name>
         <value>0xed79</value>
         <object_component_ref idref="oc-1e7"/>
      </symbol>
      <symbol id="sm-2d5">
         <name>__aeabi_errno</name>
         <value>0x20208344</value>
         <object_component_ref idref="oc-21a"/>
      </symbol>
      <symbol id="sm-2e3">
         <name>_c_int00_noargs</name>
         <value>0xeaa5</value>
         <object_component_ref idref="oc-58"/>
      </symbol>
      <symbol id="sm-2e4">
         <name>__stack</name>
         <value>0x2020ff00</value>
         <object_component_ref idref="oc-1c"/>
      </symbol>
      <symbol id="sm-2f0">
         <name>__TI_auto_init_nobinit_nopinit</name>
         <value>0xe7d9</value>
         <object_component_ref idref="oc-cb"/>
      </symbol>
      <symbol id="sm-2f8">
         <name>_system_pre_init</name>
         <value>0xedc5</value>
         <object_component_ref idref="oc-79"/>
      </symbol>
      <symbol id="sm-303">
         <name>__TI_zero_init</name>
         <value>0xecc5</value>
         <object_component_ref idref="oc-55"/>
      </symbol>
      <symbol id="sm-30c">
         <name>__TI_decompress_none</name>
         <value>0xec73</value>
         <object_component_ref idref="oc-22"/>
      </symbol>
      <symbol id="sm-317">
         <name>__TI_decompress_lzss</name>
         <value>0xdc79</value>
         <object_component_ref idref="oc-1e"/>
      </symbol>
      <symbol id="sm-360">
         <name>__TI_printfi</name>
         <value>0x9691</value>
         <object_component_ref idref="oc-228"/>
      </symbol>
      <symbol id="sm-36f">
         <name>abort</name>
         <value>0xeda1</value>
         <object_component_ref idref="oc-c4"/>
      </symbol>
      <symbol id="sm-379">
         <name>__TI_ltoa</name>
         <value>0xe161</value>
         <object_component_ref idref="oc-26d"/>
      </symbol>
      <symbol id="sm-384">
         <name>atoi</name>
         <value>0xe669</value>
         <object_component_ref idref="oc-238"/>
      </symbol>
      <symbol id="sm-38d">
         <name>memccpy</name>
         <value>0xeb39</value>
         <object_component_ref idref="oc-231"/>
      </symbol>
      <symbol id="sm-397">
         <name>frexp</name>
         <value>0xe0ad</value>
         <object_component_ref idref="oc-261"/>
      </symbol>
      <symbol id="sm-398">
         <name>frexpl</name>
         <value>0xe0ad</value>
         <object_component_ref idref="oc-261"/>
      </symbol>
      <symbol id="sm-3a2">
         <name>scalbn</name>
         <value>0xd201</value>
         <object_component_ref idref="oc-265"/>
      </symbol>
      <symbol id="sm-3a3">
         <name>ldexp</name>
         <value>0xd201</value>
         <object_component_ref idref="oc-265"/>
      </symbol>
      <symbol id="sm-3a4">
         <name>scalbnl</name>
         <value>0xd201</value>
         <object_component_ref idref="oc-265"/>
      </symbol>
      <symbol id="sm-3a5">
         <name>ldexpl</name>
         <value>0xd201</value>
         <object_component_ref idref="oc-265"/>
      </symbol>
      <symbol id="sm-3ae">
         <name>wcslen</name>
         <value>0xecb5</value>
         <object_component_ref idref="oc-23c"/>
      </symbol>
      <symbol id="sm-3b1">
         <name>__aeabi_ctype_table_</name>
         <value>0x7e80</value>
         <object_component_ref idref="oc-254"/>
      </symbol>
      <symbol id="sm-3b2">
         <name>__aeabi_ctype_table_C</name>
         <value>0x7e80</value>
         <object_component_ref idref="oc-254"/>
      </symbol>
      <symbol id="sm-3bb">
         <name>HOSTexit</name>
         <value>0xeda7</value>
         <object_component_ref idref="oc-145"/>
      </symbol>
      <symbol id="sm-3bc">
         <name>C$$EXIT</name>
         <value>0xeda6</value>
         <object_component_ref idref="oc-145"/>
      </symbol>
      <symbol id="sm-3d1">
         <name>__aeabi_fadd</name>
         <value>0xd2e3</value>
         <object_component_ref idref="oc-169"/>
      </symbol>
      <symbol id="sm-3d2">
         <name>__addsf3</name>
         <value>0xd2e3</value>
         <object_component_ref idref="oc-169"/>
      </symbol>
      <symbol id="sm-3d3">
         <name>__aeabi_fsub</name>
         <value>0xd2d9</value>
         <object_component_ref idref="oc-169"/>
      </symbol>
      <symbol id="sm-3d4">
         <name>__subsf3</name>
         <value>0xd2d9</value>
         <object_component_ref idref="oc-169"/>
      </symbol>
      <symbol id="sm-3dd">
         <name>__aeabi_dadd</name>
         <value>0xc4ff</value>
         <object_component_ref idref="oc-28a"/>
      </symbol>
      <symbol id="sm-3de">
         <name>__adddf3</name>
         <value>0xc4ff</value>
         <object_component_ref idref="oc-28a"/>
      </symbol>
      <symbol id="sm-3df">
         <name>__aeabi_dsub</name>
         <value>0xc4f5</value>
         <object_component_ref idref="oc-28a"/>
      </symbol>
      <symbol id="sm-3e0">
         <name>__subdf3</name>
         <value>0xc4f5</value>
         <object_component_ref idref="oc-28a"/>
      </symbol>
      <symbol id="sm-3e9">
         <name>__aeabi_dmul</name>
         <value>0xd11d</value>
         <object_component_ref idref="oc-276"/>
      </symbol>
      <symbol id="sm-3ea">
         <name>__muldf3</name>
         <value>0xd11d</value>
         <object_component_ref idref="oc-276"/>
      </symbol>
      <symbol id="sm-3f0">
         <name>__muldsi3</name>
         <value>0xe851</value>
         <object_component_ref idref="oc-189"/>
      </symbol>
      <symbol id="sm-3f6">
         <name>__aeabi_fmul</name>
         <value>0xdae1</value>
         <object_component_ref idref="oc-11c"/>
      </symbol>
      <symbol id="sm-3f7">
         <name>__mulsf3</name>
         <value>0xdae1</value>
         <object_component_ref idref="oc-11c"/>
      </symbol>
      <symbol id="sm-3fd">
         <name>__aeabi_fdiv</name>
         <value>0xdbf5</value>
         <object_component_ref idref="oc-118"/>
      </symbol>
      <symbol id="sm-3fe">
         <name>__divsf3</name>
         <value>0xdbf5</value>
         <object_component_ref idref="oc-118"/>
      </symbol>
      <symbol id="sm-407">
         <name>__aeabi_ddiv</name>
         <value>0xcc39</value>
         <object_component_ref idref="oc-286"/>
      </symbol>
      <symbol id="sm-408">
         <name>__divdf3</name>
         <value>0xcc39</value>
         <object_component_ref idref="oc-286"/>
      </symbol>
      <symbol id="sm-40e">
         <name>__aeabi_f2d</name>
         <value>0xe629</value>
         <object_component_ref idref="oc-129"/>
      </symbol>
      <symbol id="sm-40f">
         <name>__extendsfdf2</name>
         <value>0xe629</value>
         <object_component_ref idref="oc-129"/>
      </symbol>
      <symbol id="sm-415">
         <name>__aeabi_d2iz</name>
         <value>0xe451</value>
         <object_component_ref idref="oc-269"/>
      </symbol>
      <symbol id="sm-416">
         <name>__fixdfsi</name>
         <value>0xe451</value>
         <object_component_ref idref="oc-269"/>
      </symbol>
      <symbol id="sm-41c">
         <name>__aeabi_f2iz</name>
         <value>0xe8c5</value>
         <object_component_ref idref="oc-134"/>
      </symbol>
      <symbol id="sm-41d">
         <name>__fixsfsi</name>
         <value>0xe8c5</value>
         <object_component_ref idref="oc-134"/>
      </symbol>
      <symbol id="sm-423">
         <name>__aeabi_i2d</name>
         <value>0xea51</value>
         <object_component_ref idref="oc-271"/>
      </symbol>
      <symbol id="sm-424">
         <name>__floatsidf</name>
         <value>0xea51</value>
         <object_component_ref idref="oc-271"/>
      </symbol>
      <symbol id="sm-42a">
         <name>__aeabi_ui2f</name>
         <value>0xea7d</value>
         <object_component_ref idref="oc-165"/>
      </symbol>
      <symbol id="sm-42b">
         <name>__floatunsisf</name>
         <value>0xea7d</value>
         <object_component_ref idref="oc-165"/>
      </symbol>
      <symbol id="sm-431">
         <name>__aeabi_lmul</name>
         <value>0xeb15</value>
         <object_component_ref idref="oc-240"/>
      </symbol>
      <symbol id="sm-432">
         <name>__muldi3</name>
         <value>0xeb15</value>
         <object_component_ref idref="oc-240"/>
      </symbol>
      <symbol id="sm-439">
         <name>__aeabi_dcmpeq</name>
         <value>0xdf85</value>
         <object_component_ref idref="oc-24a"/>
      </symbol>
      <symbol id="sm-43a">
         <name>__aeabi_dcmplt</name>
         <value>0xdf99</value>
         <object_component_ref idref="oc-24a"/>
      </symbol>
      <symbol id="sm-43b">
         <name>__aeabi_dcmple</name>
         <value>0xdfad</value>
         <object_component_ref idref="oc-24a"/>
      </symbol>
      <symbol id="sm-43c">
         <name>__aeabi_dcmpge</name>
         <value>0xdfc1</value>
         <object_component_ref idref="oc-24a"/>
      </symbol>
      <symbol id="sm-43d">
         <name>__aeabi_dcmpgt</name>
         <value>0xdfd5</value>
         <object_component_ref idref="oc-24a"/>
      </symbol>
      <symbol id="sm-443">
         <name>__aeabi_fcmpeq</name>
         <value>0xdfe9</value>
         <object_component_ref idref="oc-114"/>
      </symbol>
      <symbol id="sm-444">
         <name>__aeabi_fcmplt</name>
         <value>0xdffd</value>
         <object_component_ref idref="oc-114"/>
      </symbol>
      <symbol id="sm-445">
         <name>__aeabi_fcmple</name>
         <value>0xe011</value>
         <object_component_ref idref="oc-114"/>
      </symbol>
      <symbol id="sm-446">
         <name>__aeabi_fcmpge</name>
         <value>0xe025</value>
         <object_component_ref idref="oc-114"/>
      </symbol>
      <symbol id="sm-447">
         <name>__aeabi_fcmpgt</name>
         <value>0xe039</value>
         <object_component_ref idref="oc-114"/>
      </symbol>
      <symbol id="sm-44d">
         <name>__aeabi_idiv</name>
         <value>0xe211</value>
         <object_component_ref idref="oc-29d"/>
      </symbol>
      <symbol id="sm-44e">
         <name>__aeabi_idivmod</name>
         <value>0xe211</value>
         <object_component_ref idref="oc-29d"/>
      </symbol>
      <symbol id="sm-454">
         <name>__aeabi_memcpy</name>
         <value>0xed81</value>
         <object_component_ref idref="oc-48"/>
      </symbol>
      <symbol id="sm-455">
         <name>__aeabi_memcpy4</name>
         <value>0xed81</value>
         <object_component_ref idref="oc-48"/>
      </symbol>
      <symbol id="sm-456">
         <name>__aeabi_memcpy8</name>
         <value>0xed81</value>
         <object_component_ref idref="oc-48"/>
      </symbol>
      <symbol id="sm-45f">
         <name>__aeabi_memset</name>
         <value>0xecd5</value>
         <object_component_ref idref="oc-230"/>
      </symbol>
      <symbol id="sm-460">
         <name>__aeabi_memset4</name>
         <value>0xecd5</value>
         <object_component_ref idref="oc-230"/>
      </symbol>
      <symbol id="sm-461">
         <name>__aeabi_memset8</name>
         <value>0xecd5</value>
         <object_component_ref idref="oc-230"/>
      </symbol>
      <symbol id="sm-462">
         <name>__aeabi_memclr</name>
         <value>0xed2d</value>
         <object_component_ref idref="oc-74"/>
      </symbol>
      <symbol id="sm-463">
         <name>__aeabi_memclr4</name>
         <value>0xed2d</value>
         <object_component_ref idref="oc-74"/>
      </symbol>
      <symbol id="sm-464">
         <name>__aeabi_memclr8</name>
         <value>0xed2d</value>
         <object_component_ref idref="oc-74"/>
      </symbol>
      <symbol id="sm-46a">
         <name>__aeabi_uidiv</name>
         <value>0xe5e9</value>
         <object_component_ref idref="oc-9e"/>
      </symbol>
      <symbol id="sm-46b">
         <name>__aeabi_uidivmod</name>
         <value>0xe5e9</value>
         <object_component_ref idref="oc-9e"/>
      </symbol>
      <symbol id="sm-471">
         <name>__aeabi_uldivmod</name>
         <value>0xec39</value>
         <object_component_ref idref="oc-245"/>
      </symbol>
      <symbol id="sm-47a">
         <name>__eqsf2</name>
         <value>0xe815</value>
         <object_component_ref idref="oc-181"/>
      </symbol>
      <symbol id="sm-47b">
         <name>__lesf2</name>
         <value>0xe815</value>
         <object_component_ref idref="oc-181"/>
      </symbol>
      <symbol id="sm-47c">
         <name>__ltsf2</name>
         <value>0xe815</value>
         <object_component_ref idref="oc-181"/>
      </symbol>
      <symbol id="sm-47d">
         <name>__nesf2</name>
         <value>0xe815</value>
         <object_component_ref idref="oc-181"/>
      </symbol>
      <symbol id="sm-47e">
         <name>__cmpsf2</name>
         <value>0xe815</value>
         <object_component_ref idref="oc-181"/>
      </symbol>
      <symbol id="sm-47f">
         <name>__gtsf2</name>
         <value>0xe79d</value>
         <object_component_ref idref="oc-186"/>
      </symbol>
      <symbol id="sm-480">
         <name>__gesf2</name>
         <value>0xe79d</value>
         <object_component_ref idref="oc-186"/>
      </symbol>
      <symbol id="sm-486">
         <name>__udivmoddi4</name>
         <value>0xd6ad</value>
         <object_component_ref idref="oc-25c"/>
      </symbol>
      <symbol id="sm-48c">
         <name>__aeabi_llsl</name>
         <value>0xeb7d</value>
         <object_component_ref idref="oc-291"/>
      </symbol>
      <symbol id="sm-48d">
         <name>__ashldi3</name>
         <value>0xeb7d</value>
         <object_component_ref idref="oc-291"/>
      </symbol>
      <symbol id="sm-49b">
         <name>__ledf2</name>
         <value>0xdeb5</value>
         <object_component_ref idref="oc-27e"/>
      </symbol>
      <symbol id="sm-49c">
         <name>__gedf2</name>
         <value>0xdd69</value>
         <object_component_ref idref="oc-284"/>
      </symbol>
      <symbol id="sm-49d">
         <name>__cmpdf2</name>
         <value>0xdeb5</value>
         <object_component_ref idref="oc-27e"/>
      </symbol>
      <symbol id="sm-49e">
         <name>__eqdf2</name>
         <value>0xdeb5</value>
         <object_component_ref idref="oc-27e"/>
      </symbol>
      <symbol id="sm-49f">
         <name>__ltdf2</name>
         <value>0xdeb5</value>
         <object_component_ref idref="oc-27e"/>
      </symbol>
      <symbol id="sm-4a0">
         <name>__nedf2</name>
         <value>0xdeb5</value>
         <object_component_ref idref="oc-27e"/>
      </symbol>
      <symbol id="sm-4a1">
         <name>__gtdf2</name>
         <value>0xdd69</value>
         <object_component_ref idref="oc-284"/>
      </symbol>
      <symbol id="sm-4ad">
         <name>__aeabi_idiv0</name>
         <value>0xdf83</value>
         <object_component_ref idref="oc-e1"/>
      </symbol>
      <symbol id="sm-4ae">
         <name>__aeabi_ldiv0</name>
         <value>0xdfe7</value>
         <object_component_ref idref="oc-290"/>
      </symbol>
      <symbol id="sm-4c8">
         <name>memcpy</name>
         <value>0xd891</value>
         <object_component_ref idref="oc-aa"/>
      </symbol>
      <symbol id="sm-4d7">
         <name>memset</name>
         <value>0xe04b</value>
         <object_component_ref idref="oc-ed"/>
      </symbol>
      <symbol id="sm-4d9">
         <name>__TI_static_base__</name>
         <value>0x0</value>
      </symbol>
      <symbol id="sm-4dd">
         <name>__mpu_init</name>
         <value>0x0</value>
      </symbol>
      <symbol id="sm-4de">
         <name>_system_post_cinit</name>
         <value>0x0</value>
      </symbol>
   </symbol_table>
   <title>Link successful</title>
</link_info>
