******************************************************************************
            TI ARM Clang Linker PC v4.0.4                      
******************************************************************************
>> Linked Fri Jul 10 11:26:58 2026

OUTPUT FILE NAME:   <timx_timer_mode_capture_duty_and_period_LP_MSPM0G3519_nortos_ticlang.out>
ENTRY POINT SYMBOL: "_c_int00_noargs"  address: 0000ece5


MEMORY CONFIGURATION

         name            origin    length      used     unused   attr    fill
----------------------  --------  ---------  --------  --------  ----  --------
  FLASH                 00000000   00080000  0000f070  00070f90  R  X
  SRAM_BANK0            20200000   00010000  0000852e  00007ad2  RW X
  SRAM_BANK1            20210000   00010000  00000000  00010000  RW X
  BCR_CONFIG            41c00000   000000ff  00000000  000000ff  R   
  BSL_CONFIG            41c00100   00000080  00000000  00000080  R   
  DATA                  41d00000   00004000  00000000  00004000  R   


SEGMENT ALLOCATION MAP

run origin  load origin   length   init length attrs members
----------  ----------- ---------- ----------- ----- -------
00000000    00000000    0000f070   0000f070    r-x
  00000000    00000000    000000c0   000000c0    r-- .intvecs
  000000c0    000000c0    000080a0   000080a0    r-- .rodata
  00008160    00008160    00006ec8   00006ec8    r-x .text
  0000f028    0000f028    00000048   00000048    r-- .cinit
20200000    20200000    0000842e   00000000    rw-
  20200000    20200000    000083b8   00000000    rw- .bss
  202083b8    202083b8    00000044   00000000    rw- .TrimTable
  202083fc    202083fc    00000032   00000000    rw- .data
2020ff00    2020ff00    00000100   00000000    rw-
  2020ff00    2020ff00    00000100   00000000    rw- .stack


SECTION ALLOCATION MAP

 output                                  attributes/
section   page    origin      length       input sections
--------  ----  ----------  ----------   ----------------
.intvecs   0    00000000    000000c0     
                  00000000    000000c0     startup_mspm0g351x_ticlang.o (.intvecs)

.text      0    00008160    00006ec8     
                  00008160    00000b72     arm_cortexM0l_math.a : arm_cfft_f32.o (.text.arm_cfft_f32)
                  00008cd2    00000002     startup_mspm0g351x_ticlang.o (.text.Default_Handler)
                  00008cd4    00000a2c     fft_analyzer.o (.text.fft_find_peaks)
                  00009700    000009d0     libc.a : _printfi.c.obj (.text:__TI_printfi)
                  0000a0d0    000008cc     arm_cortexM0l_math.a : arm_cfft_radix8_f32.o (.text.arm_radix8_butterfly_f32)
                  0000a99c    000006d0     fft_analyzer.o (.text.fft_process)
                  0000b06c    000003b0     fft_analyzer.o (.text.fft_prepare)
                  0000b41c    00000358     tasks.o (.text.UART_Proc)
                  0000b774    000002ec     fft_analyzer.o (.text.fft_get_axis)
                  0000ba60    000002a8     ti_msp_dl_config.o (.text.SYSCFG_DL_SYSCTL_SYSPLL_init)
                  0000bd08    0000029c     thd.o (.text.THD_HarmonicEnergy)
                  0000bfa4    00000220     libc.a : _printfi.c.obj (.text._pconv_a)
                  0000c1c4    000001dc            : _printfi.c.obj (.text._pconv_g)
                  0000c3a0    000001c8            : s_atanf.c.obj (.text.atanf)
                  0000c568    0000019c     protocol.o (.text.Protocol_ParseByte)
                  0000c704    00000192     libclang_rt.builtins.a : adddf3.S.obj (.text.adddf3_subdf3)
                  0000c896    00000002     scheduler.o (.text.Task_100ms)
                  0000c898    0000013c     libc.a : _printfi.c.obj (.text.fcvt)
                  0000c9d4    00000128     tasks.o (.text.ADC_Proc)
                  0000cafc    00000120     libc.a : _printfi.c.obj (.text._pconv_e)
                  0000cc1c    00000118            : e_atan2f.c.obj (.text.atan2f)
                  0000cd34    00000112     arm_cortexM0l_math.a : arm_bitreversal2.o (.text.arm_bitreversal_32)
                  0000ce46    00000002     scheduler.o (.text.Task_10ms)
                  0000ce48    0000010c     libclang_rt.builtins.a : divdf3.S.obj (.text.__divdf3)
                  0000cf54    000000fc     driverlib.a : dl_timer.o (.text.DL_Timer_initTimerMode)
                  0000d050    000000fc     scheduler.o (.text.Scheduler_Run)
                  0000d14c    000000f8     driverlib.a : dl_sysctl_mspm0gx51x.o (.text.DL_SYSCTL_configSYSPLL)
                  0000d244    000000e8     adc.o (.text.ADC_Init)
                  0000d32c    000000e4     libclang_rt.builtins.a : muldf3.S.obj (.text.__muldf3)
                  0000d410    000000d8     libc.a : s_scalbn.c.obj (.text.scalbn)
                  0000d4e8    000000d8     libclang_rt.builtins.a : addsf3.S.obj (.text)
                  0000d5c0    000000d0     uart.o (.text.Serial_Printf)
                  0000d690    000000c0     uart.o (.text.Serial_Send)
                  0000d750    000000bc     fft_analyzer.o (.text.fft_window)
                  0000d80c    000000b0     ti_msp_dl_config.o (.text.SYSCFG_DL_SYSCTL_init)
                  0000d8bc    000000a2     libclang_rt.builtins.a : udivmoddi4.S.obj (.text)
                  0000d95e    00000002     scheduler.o (.text.Task_1min)
                  0000d960    000000a0     thd.o (.text.THD_Compute)
                  0000da00    000000a0     libc.a : e_sqrtf.c.obj (.text.sqrtf)
                  0000daa0    0000009a            : memcpy16.S.obj (.text:memcpy)
                  0000db3a    00000002     scheduler.o (.text.Task_1ms)
                  0000db3c    00000098     ti_msp_dl_config.o (.text.SYSCFG_DL_ADC12_0_init)
                  0000dbd4    00000090     ti_msp_dl_config.o (.text.SYSCFG_DL_HMI_init)
                  0000dc64    0000008c     adc.o (.text.ADC_StartNormal)
                  0000dcf0    0000008c     libclang_rt.builtins.a : mulsf3.S.obj (.text.__mulsf3)
                  0000dd7c    00000088     driverlib.a : dl_sysctl_mspm0gx51x.o (.text.DL_SYSCTL_setHFCLKSourceHFXTParams)
                  0000de04    00000082     libclang_rt.builtins.a : divsf3.S.obj (.text.__divsf3)
                  0000de86    00000002     scheduler.o (.text.Task_1sec)
                  0000de88    0000007c     libc.a : copy_decompress_lzss.c.obj (.text:decompress:lzss)
                  0000df04    00000074     libclang_rt.builtins.a : comparedf2.c.obj (.text.__gedf2)
                  0000df78    00000070     uart.o (.text.Serial_RxReadAll)
                  0000dfe8    00000068     protocol.o (.text.Protocol_DistName)
                  0000e050    00000068     libclang_rt.builtins.a : comparedf2.c.obj (.text.__ledf2)
                  0000e0b8    00000066     libc.a : _printfi.c.obj (.text._mcpy)
                  0000e11e    00000002     libclang_rt.builtins.a : aeabi_div0.c.obj (.text.__aeabi_idiv0)
                  0000e120    00000062                            : aeabi_dcmp.S.obj (.text.__aeabi_dcmp)
                  0000e182    00000002                            : aeabi_div0.c.obj (.text.__aeabi_ldiv0)
                  0000e184    00000062                            : aeabi_fcmp.S.obj (.text.__aeabi_fcmp)
                  0000e1e6    00000062     libc.a : memset16.S.obj (.text:memset)
                  0000e248    00000060     ti_msp_dl_config.o (.text.SYSCFG_DL_initPower)
                  0000e2a8    0000005c     ti_msp_dl_config.o (.text.SYSCFG_DL_GPIO_init)
                  0000e304    0000005c     libc.a : s_frexp.c.obj (.text.frexp)
                  0000e360    00000058     driverlib.a : dl_factoryregion.o (.text.DL_FactoryRegion_initTrimTable)
                  0000e3b8    00000058     libc.a : _ltoa.c.obj (.text.__TI_ltoa)
                  0000e410    00000058            : _printfi.c.obj (.text._pconv_f)
                  0000e468    00000056     libclang_rt.builtins.a : aeabi_idivmod.S.obj (.text.__aeabi_idivmod)
                  0000e4be    00000002     --HOLE-- [fill = 0]
                  0000e4c0    00000054     timx_timer_mode_capture_duty_and_period.o (.text.UART0_IRQHandler)
                  0000e514    00000052     libc.a : _printfi.c.obj (.text._ecpy)
                  0000e566    00000002     --HOLE-- [fill = 0]
                  0000e568    00000050     uart.o (.text.Serial_RxPushByte)
                  0000e5b8    00000050     timx_timer_mode_capture_duty_and_period.o (.text.main)
                  0000e608    0000004c     driverlib.a : dl_dma.o (.text.DL_DMA_initChannel)
                  0000e654    0000004a     libclang_rt.builtins.a : fixdfsi.S.obj (.text.__fixdfsi)
                  0000e69e    00000002     --HOLE-- [fill = 0]
                  0000e6a0    00000048     driverlib.a : dl_uart.o (.text.DL_UART_init)
                  0000e6e8    00000044                 : dl_sysctl_mspm0gx51x.o (.text.DL_SYSCTL_switchMCLKfromSYSOSCtoHSCLK)
                  0000e72c    00000044     ti_msp_dl_config.o (.text.SYSCFG_DL_TIMER_1_init)
                  0000e770    00000040     driverlib.a : dl_adc12.o (.text.DL_ADC12_setClockConfig)
                  0000e7b0    00000040     ti_msp_dl_config.o (.text.SYSCFG_DL_TIMER_0_init)
                  0000e7f0    00000040     bsp.o (.text.SampleTimer_SetRate)
                  0000e830    00000040     libclang_rt.builtins.a : aeabi_uidivmod.S.obj (.text.__aeabi_uidivmod)
                  0000e870    00000040                            : extendsfdf2.S.obj (.text.__extendsfdf2)
                  0000e8b0    00000040     libc.a : atoi.c.obj (.text.atoi)
                  0000e8f0    00000040            : vsnprintf.c.obj (.text.vsnprintf)
                  0000e930    0000003c     adc.o (.text.ADC_IRQHandler)
                  0000e96c    0000003c     ti_msp_dl_config.o (.text.SYSCFG_DL_init)
                  0000e9a8    0000003c     bsp.o (.text.SampleTimer_Init)
                  0000e9e4    0000003c     libclang_rt.builtins.a : comparesf2.S.obj (.text.__gtsf2)
                  0000ea20    0000003c     libc.a : autoinit.c.obj (.text:__TI_auto_init_nobinit_nopinit)
                  0000ea5c    0000003a     libclang_rt.builtins.a : comparesf2.S.obj (.text.__eqsf2)
                  0000ea96    00000002     --HOLE-- [fill = 0]
                  0000ea98    0000003a                            : muldsi3.S.obj (.text.__muldsi3)
                  0000ead2    00000002     --HOLE-- [fill = 0]
                  0000ead4    00000038     uart.o (.text.Serial_RxRead)
                  0000eb0c    00000038     libclang_rt.builtins.a : fixsfsi.S.obj (.text.__fixsfsi)
                  0000eb44    00000034     uart.o (.text.Serial_Init)
                  0000eb78    00000030     driverlib.a : dl_uart.o (.text.DL_UART_transmitDataBlocking)
                  0000eba8    00000030     ti_msp_dl_config.o (.text.SYSCFG_DL_SYSTICK_init)
                  0000ebd8    00000030     uart.o (.text.Serial_RxInit)
                  0000ec08    00000030     libc.a : _printfi.c.obj (.text._fcpy)
                  0000ec38    00000030            : vsnprintf.c.obj (.text._outs)
                  0000ec68    0000002c     libclang_rt.builtins.a : floatsidf.S.obj (.text.__floatsidf)
                  0000ec94    00000028     protocol.o (.text.Protocol_FlushRelayResponse)
                  0000ecbc    00000028     libclang_rt.builtins.a : floatunsisf.S.obj (.text.__floatunsisf)
                  0000ece4    00000028     libc.a : boot_cortex_m.c.obj (.text:_c_int00_noargs)
                  0000ed0c    00000024     ti_msp_dl_config.o (.text.SYSCFG_DL_DMA_CH2_init)
                  0000ed30    00000024     scheduler.o (.text.Scheduler_Init)
                  0000ed54    00000024     libclang_rt.builtins.a : muldi3.S.obj (.text.__muldi3)
                  0000ed78    00000022     libc.a : memccpy.c.obj (.text.memccpy)
                  0000ed9a    00000002     --HOLE-- [fill = 0]
                  0000ed9c    00000020     ti_msp_dl_config.o (.text.SYSCFG_DL_DMA_init)
                  0000edbc    0000001e     libclang_rt.builtins.a : ashldi3.S.obj (.text.__ashldi3)
                  0000edda    00000002     --HOLE-- [fill = 0]
                  0000eddc    0000001c     driverlib.a : dl_sysctl_mspm0gx51x.o (.text.DL_SYSCTL_configFCC)
                  0000edf8    0000001c                 : dl_timer.o (.text.DL_Timer_setClockConfig)
                  0000ee14    0000001c                 : dl_uart.o (.text.DL_UART_receiveDataCheck)
                  0000ee30    0000001c     protocol.o (.text.Relay_Init)
                  0000ee4c    00000018     bsp.o (.text.SampleTimer_Start)
                  0000ee64    00000018     uart.o (.text.Serial_RxAvailable)
                  0000ee7c    00000018     libc.a : vsnprintf.c.obj (.text._outc)
                  0000ee94    00000014     libclang_rt.builtins.a : aeabi_uldivmod.S.obj (.text.__aeabi_uldivmod)
                  0000eea8    00000014     libc.a : _printfi.c.obj (.text.strchr)
                  0000eebc    00000012     driverlib.a : dl_uart.o (.text.DL_UART_setClockConfig)
                  0000eece    00000012     libc.a : copy_decompress_none.c.obj (.text:decompress:none)
                  0000eee0    00000010     bsp.o (.text.SampleTimer_Stop)
                  0000eef0    00000010     uart.o (.text.Serial_RxFifoReadByte)
                  0000ef00    00000010     timx_timer_mode_capture_duty_and_period.o (.text.SysTick_Handler)
                  0000ef10    00000010     libc.a : wcslen.c.obj (.text.wcslen)
                  0000ef20    00000010            : copy_zero_init.c.obj (.text:decompress:ZI)
                  0000ef30    0000000e     libclang_rt.builtins.a : aeabi_memset.S.obj (.text.__aeabi_memset)
                  0000ef3e    0000000e     libc.a : _printfi.c.obj (.text.strlen)
                  0000ef4c    0000000c     adc.o (.text.ADC_ClearCaptureDone)
                  0000ef58    0000000c     adc.o (.text.ADC_IsCaptureDone)
                  0000ef64    0000000c     bsp.o (.text.BSP_Init)
                  0000ef70    0000000c     scheduler.o (.text.Scheduler_RegTask_10ms)
                  0000ef7c    0000000c     scheduler.o (.text.Scheduler_RegTask_1sec)
                  0000ef88    0000000c     uart.o (.text.Serial_RxClearFlags)
                  0000ef94    0000000c     libclang_rt.builtins.a : aeabi_memset.S.obj (.text.__aeabi_memclr)
                  0000efa0    0000000a     driverlib.a : dl_common.o (.text.DL_Common_delayCycles)
                  0000efaa    0000000a     libc.a : _printfi.c.obj (.text.OUTLINED_FUNCTION_0)
                  0000efb4    00000010     libclang_rt.builtins.a : adddf3.S.obj (.tramp.__aeabi_dsub.1)
                  0000efc4    0000000a     libc.a : _printfi.c.obj (.text.OUTLINED_FUNCTION_1)
                  0000efce    00000008     timx_timer_mode_capture_duty_and_period.o (.text.ADC1_IRQHandler)
                  0000efd6    00000002     --HOLE-- [fill = 0]
                  0000efd8    00000008     libc.a : aeabi_portable.c.obj (.text.__aeabi_errno_addr)
                  0000efe0    00000008     libclang_rt.builtins.a : aeabi_memcpy.S.obj (.text.__aeabi_memcpy)
                  0000efe8    00000006     libc.a : s_atanf.c.obj (.text.OUTLINED_FUNCTION_0)
                  0000efee    00000002     --HOLE-- [fill = 0]
                  0000eff0    00000010     libclang_rt.builtins.a : divsf3.S.obj (.tramp.__aeabi_fdiv.1)
                  0000f000    00000006     libc.a : exit.c.obj (.text:abort)
                  0000f006    00000004     libsysbm.a : hostexit.c.obj (.text.HOSTexit)
                  0000f00a    00000004     libc.a : s_atanf.c.obj (.text.OUTLINED_FUNCTION_1)
                  0000f00e    00000002     --HOLE-- [fill = 0]
                  0000f010    00000010     libclang_rt.builtins.a : addsf3.S.obj (.tramp.__aeabi_fadd.1)
                  0000f020    00000004     startup_mspm0g351x_ticlang.o (.text.Reset_Handler)
                  0000f024    00000004     libc.a : pre_init.c.obj (.text._system_pre_init)

.cinit     0    0000f028    00000048     
                  0000f028    00000010     (.cinit..data.load) [load image, compression = lzss]
                  0000f038    0000000c     (__TI_handler_table)
                  0000f044    00000008     (.cinit..TrimTable.load) [load image, compression = zero_init]
                  0000f04c    00000008     (.cinit..bss.load) [load image, compression = zero_init]
                  0000f054    00000018     (__TI_cinit_table)
                  0000f06c    00000004     --HOLE-- [fill = 0]

.rodata    0    000000c0    000080a0     
                  000000c0    00004000     arm_cortexM0l_math.a : arm_common_tables.o (.rodata.twiddleCoef_2048)
                  000040c0    00002000     tasks.o (.rodata.Hanning_Window_2048)
                  000060c0    00001dc0     arm_cortexM0l_math.a : arm_common_tables.o (.rodata.armBitRevIndexTable2048)
                  00007e80    00000101     libc.a : aeabi_ctype.S.obj (.rodata:__aeabi_ctype_table_)
                  00007f81    00000003     ti_msp_dl_config.o (.rodata.gTIMER_0ClockConfig)
                  00007f84    00000028     ti_msp_dl_config.o (.rodata.gSYSPLLConfig)
                  00007fac    00000020     libc.a : s_atanf.c.obj (.rodata.cst16)
                  00007fcc    00000018     ti_msp_dl_config.o (.rodata.gDMA_CH2Config)
                  00007fe4    00000014     ti_msp_dl_config.o (.rodata.gTIMER_0TimerConfig)
                  00007ff8    00000014     ti_msp_dl_config.o (.rodata.gTIMER_1TimerConfig)
                  0000800c    00000014     tasks.o (.rodata.str1.16208511085406561679.1)
                  00008020    00000014     tasks.o (.rodata.str1.2823620137245587142.1)
                  00008034    00000014     tasks.o (.rodata.str1.4316595054244273283.1)
                  00008048    00000013     tasks.o (.rodata.str1.13344916649340266805.1)
                  0000805b    00000013     tasks.o (.rodata.str1.16123424699167936419.1)
                  0000806e    00000013     tasks.o (.rodata.str1.8086631624469926375.1)
                  00008081    00000011     libc.a : _printfi.c.obj (.rodata.str1.10348868589481759720.1)
                  00008092    00000011     protocol.o (.rodata.str1.15287032878206690003.1)
                  000080a3    00000011     libc.a : _printfi.c.obj (.rodata.str1.15363888844622738466.1)
                  000080b4    00000011     protocol.o (.rodata.str1.1730085007149296457.1)
                  000080c5    00000011     protocol.o (.rodata.str1.5700442613960203892.1)
                  000080d6    00000011     protocol.o (.rodata.str1.7571383174283043674.1)
                  000080e7    00000001     --HOLE-- [fill = 0]
                  000080e8    00000010     protocol.o (.rodata..Lswitch.table.Protocol_FlushRelayResponse)
                  000080f8    00000010     arm_cortexM0l_math.a : arm_const_structs.o (.rodata.arm_cfft_sR_f32_len2048)
                  00008108    0000000f     tasks.o (.rodata.str1.9328102173130631220.1)
                  00008117    00000001     --HOLE-- [fill = 0]
                  00008118    0000000a     ti_msp_dl_config.o (.rodata.gHMIConfig)
                  00008122    00000009     protocol.o (.rodata.str1.12827389310566376319.1)
                  0000812b    00000009     protocol.o (.rodata.str1.17588976798120815789.1)
                  00008134    00000009     protocol.o (.rodata.str1.2812463303692436262.1)
                  0000813d    00000009     protocol.o (.rodata.str1.7441763715899459426.1)
                  00008146    00000002     ti_msp_dl_config.o (.rodata.gHMIClockConfig)
                  00008148    00000008     ti_msp_dl_config.o (.rodata.gADC12_0ClockConfig)
                  00008150    00000007     protocol.o (.rodata.str1.15484056059508393131.1)
                  00008157    00000003     ti_msp_dl_config.o (.rodata.gTIMER_1ClockConfig)
                  0000815a    00000006     --HOLE-- [fill = 0]

.init_array 
*          0    00000000    00000000     UNINITIALIZED

.binit     0    00000000    00000000     

.bss       0    20200000    000083b8     UNINITIALIZED
                  20200000    00004000     tasks.o (.bss.s_fft_in)
                  20204000    00002000     tasks.o (.bss.s_fft_out)
                  20206000    00001000     fft_analyzer.o (.bss.fft_get_axis.axis)
                  20207000    00001000     (.common:g_adc_buffer)
                  20208000    000001f4     uart.o (.bss.s_rx_buf)
                  202081f4    000000bc     (.common:gTIMER_0Backup)
                  202082b0    000000bc     (.common:gTIMER_1Backup)
                  2020836c    00000028     (.common:g_wave_info)
                  20208394    00000014     (.common:g_sched)
                  202083a8    00000006     tasks.o (.bss.s_peaks)
                  202083ae    00000002     --HOLE--
                  202083b0    00000004     tasks.o (.bss.s_axis)
                  202083b4    00000004     scheduler.o (.bss.s_last_tick)

.data      0    202083fc    00000032     UNINITIALIZED
                  202083fc    00000004     driverlib.a : dl_factoryregion.o (.data.FACTORYVALUE)
                  20208400    00000004     libc.a : aeabi_portable.c.obj (.data.__aeabi_errno)
                  20208404    00000004     scheduler.o (.data.g_ms_tick)
                  20208408    00000004     scheduler.o (.data.s_cb_100ms)
                  2020840c    00000004     scheduler.o (.data.s_cb_10ms)
                  20208410    00000004     scheduler.o (.data.s_cb_1min)
                  20208414    00000004     scheduler.o (.data.s_cb_1ms)
                  20208418    00000004     scheduler.o (.data.s_cb_1sec)
                  2020841c    00000004     bsp.o (.data.s_sample_timer_rate_hz)
                  20208420    00000002     uart.o (.data.s_rx_head)
                  20208422    00000002     uart.o (.data.s_rx_tail)
                  20208424    00000001     fft_analyzer.o (.data.fft_get_axis.inited)
                  20208425    00000001     protocol.o (.data.g_mode)
                  20208426    00000001     adc.o (.data.s_adc_capture_done)
                  20208427    00000001     protocol.o (.data.s_first_byte)
                  20208428    00000001     protocol.o (.data.s_k1_high)
                  20208429    00000001     protocol.o (.data.s_k2_high)
                  2020842a    00000001     protocol.o (.data.s_last_dist)
                  2020842b    00000001     protocol.o (.data.s_relay_response)
                  2020842c    00000001     protocol.o (.data.s_state)
                  2020842d    00000001     uart.o (.data.s_uart_inited)

.TrimTable 
*          0    202083b8    00000044     UNINITIALIZED
                  202083b8    00000044     driverlib.a : dl_factoryregion.o (.TrimTable)

.stack     0    2020ff00    00000100     UNINITIALIZED
                  2020ff00    00000004     libc.a : boot_cortex_m.c.obj (.stack)
                  2020ff04    000000fc     --HOLE--

__llvm_prf_cnts 
*          0    20200000    00000000     UNINITIALIZED

__llvm_prf_bits 
*          0    20200000    00000000     UNINITIALIZED

MODULE SUMMARY

       Module                                      code    ro data   rw data
       ------                                      ----    -------   -------
    .\
       timx_timer_mode_capture_duty_and_period.o   188     0         4096   
       ti_msp_dl_config.o                          1648    130       376    
       startup_mspm0g351x_ticlang.o                6       192       0      
    +--+-------------------------------------------+-------+---------+---------+
       Total:                                      1842    322       4472   
                                                                            
    .\App\fft\
       fft_analyzer.o                              6228    0         4097   
    +--+-------------------------------------------+-------+---------+---------+
       Total:                                      6228    0         4097   
                                                                            
    .\BSP\
       bsp.o                                       176     0         4      
    +--+-------------------------------------------+-------+---------+---------+
       Total:                                      176     0         4      
                                                                            
    .\BSP\adc\
       adc.o                                       456     0         1      
    +--+-------------------------------------------+-------+---------+---------+
       Total:                                      456     0         1      
                                                                            
    .\BSP\uart\
       uart.o                                      800     0         505    
    +--+-------------------------------------------+-------+---------+---------+
       Total:                                      800     0         505    
                                                                            
    .\My_Task\
       tasks.o                                     1152    8324      24626  
       thd.o                                       828     0         0      
       protocol.o                                  584     127       7      
    +--+-------------------------------------------+-------+---------+---------+
       Total:                                      2564    8451      24633  
                                                                            
    .\Scheduler\
       scheduler.o                                 322     0         48     
    +--+-------------------------------------------+-------+---------+---------+
       Total:                                      322     0         48     
                                                                            
    D:/ti/ccs2051/mspm0_sdk_2_10_00_04/source/third_party/CMSIS/DSP/lib/ticlang/m0p/arm_cortexM0l_math.a
       arm_common_tables.o                         0       24000     0      
       arm_cfft_f32.o                              2930    0         0      
       arm_cfft_radix8_f32.o                       2252    0         0      
       arm_bitreversal2.o                          274     0         0      
       arm_const_structs.o                         0       16        0      
    +--+-------------------------------------------+-------+---------+---------+
       Total:                                      5456    24016     0      
                                                                            
    D:/ti/ccs2051/mspm0_sdk_2_10_00_04/source/ti/driverlib/lib/ticlang/m0p/mspm0gx51x/driverlib.a
       dl_sysctl_mspm0gx51x.o                      480     0         0      
       dl_timer.o                                  280     0         0      
       dl_uart.o                                   166     0         0      
       dl_factoryregion.o                          88      0         72     
       dl_dma.o                                    76      0         0      
       dl_adc12.o                                  64      0         0      
       dl_common.o                                 10      0         0      
    +--+-------------------------------------------+-------+---------+---------+
       Total:                                      1164    0         72     
                                                                            
    D:\ti\ccs2051\ccs\tools\compiler\ti-cgt-armllvm_4.0.4.LTS\lib\armv6m-ti-none-eabi/c/libc.a
       _printfi.c.obj                              4510    34        0      
       s_atanf.c.obj                               466     32        0      
       e_atan2f.c.obj                              280     0         0      
       aeabi_ctype.S.obj                           0       257       0      
       s_scalbn.c.obj                              216     0         0      
       e_sqrtf.c.obj                               160     0         0      
       memcpy16.S.obj                              154     0         0      
       vsnprintf.c.obj                             136     0         0      
       copy_decompress_lzss.c.obj                  124     0         0      
       memset16.S.obj                              98      0         0      
       s_frexp.c.obj                               92      0         0      
       _ltoa.c.obj                                 88      0         0      
       atoi.c.obj                                  64      0         0      
       autoinit.c.obj                              60      0         0      
       boot_cortex_m.c.obj                         40      0         0      
       memccpy.c.obj                               34      0         0      
       copy_decompress_none.c.obj                  18      0         0      
       copy_zero_init.c.obj                        16      0         0      
       wcslen.c.obj                                16      0         0      
       aeabi_portable.c.obj                        8       0         4      
       exit.c.obj                                  6       0         0      
       pre_init.c.obj                              4       0         0      
    +--+-------------------------------------------+-------+---------+---------+
       Total:                                      6590    323       4      
                                                                            
    D:\ti\ccs2051\ccs\tools\compiler\ti-cgt-armllvm_4.0.4.LTS\lib\armv6m-ti-none-eabi/c/libsysbm.a
       hostexit.c.obj                              4       0         0      
    +--+-------------------------------------------+-------+---------+---------+
       Total:                                      4       0         0      
                                                                            
    D:\ti\ccs2051\ccs\tools\compiler\ti-cgt-armllvm_4.0.4.LTS\lib\armv6m-ti-none-eabi/libclang_rt.builtins.a
       adddf3.S.obj                                418     0         0      
       divdf3.S.obj                                268     0         0      
       addsf3.S.obj                                232     0         0      
       muldf3.S.obj                                228     0         0      
       comparedf2.c.obj                            220     0         0      
       udivmoddi4.S.obj                            162     0         0      
       divsf3.S.obj                                146     0         0      
       mulsf3.S.obj                                140     0         0      
       comparesf2.S.obj                            118     0         0      
       aeabi_dcmp.S.obj                            98      0         0      
       aeabi_fcmp.S.obj                            98      0         0      
       aeabi_idivmod.S.obj                         86      0         0      
       fixdfsi.S.obj                               74      0         0      
       aeabi_uidivmod.S.obj                        64      0         0      
       extendsfdf2.S.obj                           64      0         0      
       muldsi3.S.obj                               58      0         0      
       fixsfsi.S.obj                               56      0         0      
       floatsidf.S.obj                             44      0         0      
       floatunsisf.S.obj                           40      0         0      
       muldi3.S.obj                                36      0         0      
       ashldi3.S.obj                               30      0         0      
       aeabi_memset.S.obj                          26      0         0      
       aeabi_uldivmod.S.obj                        20      0         0      
       aeabi_memcpy.S.obj                          8       0         0      
       aeabi_div0.c.obj                            4       0         0      
    +--+-------------------------------------------+-------+---------+---------+
       Total:                                      2738    0         0      
                                                                            
       Stack:                                      0       0         256    
       Linker Generated:                           0       68        0      
    +--+-------------------------------------------+-------+---------+---------+
       Grand Total:                                28340   33180     34092  


LINKER GENERATED COPY TABLES

__TI_cinit_table @ 0000f054 records: 3, size/record: 8, table size: 24
	.data: load addr=0000f028, load size=00000010 bytes, run addr=202083fc, run size=00000032 bytes, compression=lzss
	.TrimTable: load addr=0000f044, load size=00000008 bytes, run addr=202083b8, run size=00000044 bytes, compression=zero_init
	.bss: load addr=0000f04c, load size=00000008 bytes, run addr=20200000, run size=000083b8 bytes, compression=zero_init


LINKER GENERATED HANDLER TABLE

__TI_handler_table @ 0000f038 records: 3, size/record: 4, table size: 12
	index: 0, handler: __TI_decompress_lzss
	index: 1, handler: __TI_decompress_none
	index: 2, handler: __TI_zero_init


FAR CALL TRAMPOLINES

callee name               trampoline name
   callee addr  tramp addr   call addr  call info
--------------  -----------  ---------  ----------------
__aeabi_dsub              $Tramp$TT$L$PI$$__aeabi_dsub
   0000c705     0000efb4     0000efb2   libc.a : _printfi.c.obj (.text.OUTLINED_FUNCTION_0)
__aeabi_fdiv              $Tramp$TT$L$PI$$__aeabi_fdiv
   0000de05     0000eff0     0000efec   libc.a : s_atanf.c.obj (.text.OUTLINED_FUNCTION_0)
__aeabi_fadd              $Tramp$TT$L$PI$$__aeabi_fadd
   0000d4f3     0000f010     0000f00c   libc.a : s_atanf.c.obj (.text.OUTLINED_FUNCTION_1)

[3 trampolines]
[3 trampoline calls]


GLOBAL SYMBOLS: SORTED ALPHABETICALLY BY Name 

address   name                                 
-------   ----                                 
00008cd3  ADC0_IRQHandler                      
0000efcf  ADC1_IRQHandler                      
0000ef4d  ADC_ClearCaptureDone                 
0000e931  ADC_IRQHandler                       
0000d245  ADC_Init                             
0000ef59  ADC_IsCaptureDone                    
0000c9d5  ADC_Proc                             
0000dc65  ADC_StartNormal                      
00008cd3  AESADV_IRQHandler                    
0000ef65  BSP_Init                             
0000f006  C$$EXIT                              
00008cd3  CANFD0_IRQHandler                    
00008cd3  CANFD1_IRQHandler                    
00008cd3  DAC0_IRQHandler                      
0000e771  DL_ADC12_setClockConfig              
0000efa1  DL_Common_delayCycles                
0000e609  DL_DMA_initChannel                   
202083b8  DL_FACTORYREGION_TrimTable           
0000e361  DL_FactoryRegion_initTrimTable       
0000eddd  DL_SYSCTL_configFCC                  
0000d14d  DL_SYSCTL_configSYSPLL               
0000dd7d  DL_SYSCTL_setHFCLKSourceHFXTParams   
0000e6e9  DL_SYSCTL_switchMCLKfromSYSOSCtoHSCLK
0000cf55  DL_Timer_initTimerMode               
0000edf9  DL_Timer_setClockConfig              
0000e6a1  DL_UART_init                         
0000ee15  DL_UART_receiveDataCheck             
0000eebd  DL_UART_setClockConfig               
0000eb79  DL_UART_transmitDataBlocking         
00008cd3  DMA_IRQHandler                       
00008cd3  Default_Handler                      
202083fc  FACTORYVALUE                         
00008cd3  GROUP0_IRQHandler                    
00008cd3  GROUP1_IRQHandler                    
0000f007  HOSTexit                             
000040c0  Hanning_Window_2048                  
00008cd3  HardFault_Handler                    
00008cd3  I2C0_IRQHandler                      
00008cd3  I2C1_IRQHandler                      
00008cd3  I2C2_IRQHandler                      
00008cd3  LFSS_IRQHandler                      
00008cd3  NMI_Handler                          
00008cd3  PendSV_Handler                       
0000dfe9  Protocol_DistName                    
0000ec95  Protocol_FlushRelayResponse          
0000c569  Protocol_ParseByte                   
0000ee31  Relay_Init                           
0000f021  Reset_Handler                        
00008cd3  SPI0_IRQHandler                      
00008cd3  SPI1_IRQHandler                      
00008cd3  SPI2_IRQHandler                      
00008cd3  SVC_Handler                          
0000db3d  SYSCFG_DL_ADC12_0_init               
0000ed0d  SYSCFG_DL_DMA_CH2_init               
0000ed9d  SYSCFG_DL_DMA_init                   
0000e2a9  SYSCFG_DL_GPIO_init                  
0000dbd5  SYSCFG_DL_HMI_init                   
0000ba61  SYSCFG_DL_SYSCTL_SYSPLL_init         
0000d80d  SYSCFG_DL_SYSCTL_init                
0000eba9  SYSCFG_DL_SYSTICK_init               
0000e7b1  SYSCFG_DL_TIMER_0_init               
0000e72d  SYSCFG_DL_TIMER_1_init               
0000e96d  SYSCFG_DL_init                       
0000e249  SYSCFG_DL_initPower                  
0000e9a9  SampleTimer_Init                     
0000e7f1  SampleTimer_SetRate                  
0000ee4d  SampleTimer_Start                    
0000eee1  SampleTimer_Stop                     
0000ed31  Scheduler_Init                       
0000ef71  Scheduler_RegTask_10ms               
0000ef7d  Scheduler_RegTask_1sec               
0000d051  Scheduler_Run                        
0000eb45  Serial_Init                          
0000d5c1  Serial_Printf                        
0000ee65  Serial_RxAvailable                   
0000ef89  Serial_RxClearFlags                  
0000eef1  Serial_RxFifoReadByte                
0000ebd9  Serial_RxInit                        
0000e569  Serial_RxPushByte                    
0000ead5  Serial_RxRead                        
0000df79  Serial_RxReadAll                     
0000d691  Serial_Send                          
0000ef01  SysTick_Handler                      
0000d961  THD_Compute                          
0000bd09  THD_HarmonicEnergy                   
00008cd3  TIMA0_IRQHandler                     
00008cd3  TIMA1_IRQHandler                     
00008cd3  TIMG0_IRQHandler                     
00008cd3  TIMG12_IRQHandler                    
00008cd3  TIMG14_IRQHandler                    
00008cd3  TIMG6_IRQHandler                     
00008cd3  TIMG7_IRQHandler                     
00008cd3  TIMG8_IRQHandler                     
00008cd3  TIMG9_IRQHandler                     
0000c897  Task_100ms                           
0000ce47  Task_10ms                            
0000d95f  Task_1min                            
0000db3b  Task_1ms                             
0000de87  Task_1sec                            
0000e4c1  UART0_IRQHandler                     
00008cd3  UART1_IRQHandler                     
00008cd3  UART3_IRQHandler                     
00008cd3  UART4_IRQHandler                     
00008cd3  UART5_IRQHandler                     
00008cd3  UART6_IRQHandler                     
00008cd3  UART7_IRQHandler                     
0000b41d  UART_Proc                            
20210000  __STACK_END                          
00000100  __STACK_SIZE                         
00000000  __TI_ATRegion0_region_sz             
00000000  __TI_ATRegion0_src_addr              
00000000  __TI_ATRegion0_trg_addr              
00000000  __TI_ATRegion1_region_sz             
00000000  __TI_ATRegion1_src_addr              
00000000  __TI_ATRegion1_trg_addr              
00000000  __TI_ATRegion2_region_sz             
00000000  __TI_ATRegion2_src_addr              
00000000  __TI_ATRegion2_trg_addr              
0000f054  __TI_CINIT_Base                      
0000f06c  __TI_CINIT_Limit                     
0000f06c  __TI_CINIT_Warm                      
0000f038  __TI_Handler_Table_Base              
0000f044  __TI_Handler_Table_Limit             
0000ea21  __TI_auto_init_nobinit_nopinit       
0000de89  __TI_decompress_lzss                 
0000eecf  __TI_decompress_none                 
0000e3b9  __TI_ltoa                            
ffffffff  __TI_pprof_out_hndl                  
00009701  __TI_printfi                         
ffffffff  __TI_prof_data_size                  
ffffffff  __TI_prof_data_start                 
00000000  __TI_static_base__                   
0000ef21  __TI_zero_init                       
0000c70f  __adddf3                             
0000d4f3  __addsf3                             
00007e80  __aeabi_ctype_table_                 
00007e80  __aeabi_ctype_table_C                
0000e655  __aeabi_d2iz                         
0000c70f  __aeabi_dadd                         
0000e121  __aeabi_dcmpeq                       
0000e15d  __aeabi_dcmpge                       
0000e171  __aeabi_dcmpgt                       
0000e149  __aeabi_dcmple                       
0000e135  __aeabi_dcmplt                       
0000ce49  __aeabi_ddiv                         
0000d32d  __aeabi_dmul                         
0000c705  __aeabi_dsub                         
20208400  __aeabi_errno                        
0000efd9  __aeabi_errno_addr                   
0000e871  __aeabi_f2d                          
0000eb0d  __aeabi_f2iz                         
0000d4f3  __aeabi_fadd                         
0000e185  __aeabi_fcmpeq                       
0000e1c1  __aeabi_fcmpge                       
0000e1d5  __aeabi_fcmpgt                       
0000e1ad  __aeabi_fcmple                       
0000e199  __aeabi_fcmplt                       
0000de05  __aeabi_fdiv                         
0000dcf1  __aeabi_fmul                         
0000d4e9  __aeabi_fsub                         
0000ec69  __aeabi_i2d                          
0000e469  __aeabi_idiv                         
0000e11f  __aeabi_idiv0                        
0000e469  __aeabi_idivmod                      
0000e183  __aeabi_ldiv0                        
0000edbd  __aeabi_llsl                         
0000ed55  __aeabi_lmul                         
0000ef95  __aeabi_memclr                       
0000ef95  __aeabi_memclr4                      
0000ef95  __aeabi_memclr8                      
0000efe1  __aeabi_memcpy                       
0000efe1  __aeabi_memcpy4                      
0000efe1  __aeabi_memcpy8                      
0000ef31  __aeabi_memset                       
0000ef31  __aeabi_memset4                      
0000ef31  __aeabi_memset8                      
0000ecbd  __aeabi_ui2f                         
0000e831  __aeabi_uidiv                        
0000e831  __aeabi_uidivmod                     
0000ee95  __aeabi_uldivmod                     
0000edbd  __ashldi3                            
ffffffff  __binit__                            
0000e051  __cmpdf2                             
0000ea5d  __cmpsf2                             
0000ce49  __divdf3                             
0000de05  __divsf3                             
0000e051  __eqdf2                              
0000ea5d  __eqsf2                              
0000e871  __extendsfdf2                        
0000e655  __fixdfsi                            
0000eb0d  __fixsfsi                            
0000ec69  __floatsidf                          
0000ecbd  __floatunsisf                        
0000df05  __gedf2                              
0000e9e5  __gesf2                              
0000df05  __gtdf2                              
0000e9e5  __gtsf2                              
0000e051  __ledf2                              
0000ea5d  __lesf2                              
0000e051  __ltdf2                              
0000ea5d  __ltsf2                              
UNDEFED   __mpu_init                           
0000d32d  __muldf3                             
0000ed55  __muldi3                             
0000ea99  __muldsi3                            
0000dcf1  __mulsf3                             
0000e051  __nedf2                              
0000ea5d  __nesf2                              
2020ff00  __stack                              
20200000  __start___llvm_prf_bits              
20200000  __start___llvm_prf_cnts              
20200000  __stop___llvm_prf_bits               
20200000  __stop___llvm_prf_cnts               
0000c705  __subdf3                             
0000d4e9  __subsf3                             
0000d8bd  __udivmoddi4                         
0000ece5  _c_int00_noargs                      
UNDEFED   _system_post_cinit                   
0000f025  _system_pre_init                     
0000f001  abort                                
000060c0  armBitRevIndexTable2048              
0000cd35  arm_bitreversal_32                   
00008161  arm_cfft_f32                         
000080f8  arm_cfft_sR_f32_len2048              
0000a0d1  arm_radix8_butterfly_f32             
0000cc1d  atan2f                               
0000c3a1  atanf                                
0000e8b1  atoi                                 
ffffffff  binit                                
00008cd5  fft_find_peaks                       
0000b775  fft_get_axis                         
0000b06d  fft_prepare                          
0000a99d  fft_process                          
0000d751  fft_window                           
0000e305  frexp                                
0000e305  frexpl                               
202081f4  gTIMER_0Backup                       
202082b0  gTIMER_1Backup                       
20207000  g_adc_buffer                         
20208425  g_mode                               
20208404  g_ms_tick                            
20208394  g_sched                              
2020836c  g_wave_info                          
00000000  interruptVectors                     
0000d411  ldexp                                
0000d411  ldexpl                               
0000e5b9  main                                 
0000ed79  memccpy                              
0000daa1  memcpy                               
0000e1e7  memset                               
0000d411  scalbn                               
0000d411  scalbnl                              
0000da01  sqrtf                                
000000c0  twiddleCoef_2048                     
0000e8f1  vsnprintf                            
0000ef11  wcslen                               


GLOBAL SYMBOLS: SORTED BY Symbol Address 

address   name                                 
-------   ----                                 
00000000  __TI_ATRegion0_region_sz             
00000000  __TI_ATRegion0_src_addr              
00000000  __TI_ATRegion0_trg_addr              
00000000  __TI_ATRegion1_region_sz             
00000000  __TI_ATRegion1_src_addr              
00000000  __TI_ATRegion1_trg_addr              
00000000  __TI_ATRegion2_region_sz             
00000000  __TI_ATRegion2_src_addr              
00000000  __TI_ATRegion2_trg_addr              
00000000  __TI_static_base__                   
00000000  interruptVectors                     
000000c0  twiddleCoef_2048                     
00000100  __STACK_SIZE                         
000040c0  Hanning_Window_2048                  
000060c0  armBitRevIndexTable2048              
00007e80  __aeabi_ctype_table_                 
00007e80  __aeabi_ctype_table_C                
000080f8  arm_cfft_sR_f32_len2048              
00008161  arm_cfft_f32                         
00008cd3  ADC0_IRQHandler                      
00008cd3  AESADV_IRQHandler                    
00008cd3  CANFD0_IRQHandler                    
00008cd3  CANFD1_IRQHandler                    
00008cd3  DAC0_IRQHandler                      
00008cd3  DMA_IRQHandler                       
00008cd3  Default_Handler                      
00008cd3  GROUP0_IRQHandler                    
00008cd3  GROUP1_IRQHandler                    
00008cd3  HardFault_Handler                    
00008cd3  I2C0_IRQHandler                      
00008cd3  I2C1_IRQHandler                      
00008cd3  I2C2_IRQHandler                      
00008cd3  LFSS_IRQHandler                      
00008cd3  NMI_Handler                          
00008cd3  PendSV_Handler                       
00008cd3  SPI0_IRQHandler                      
00008cd3  SPI1_IRQHandler                      
00008cd3  SPI2_IRQHandler                      
00008cd3  SVC_Handler                          
00008cd3  TIMA0_IRQHandler                     
00008cd3  TIMA1_IRQHandler                     
00008cd3  TIMG0_IRQHandler                     
00008cd3  TIMG12_IRQHandler                    
00008cd3  TIMG14_IRQHandler                    
00008cd3  TIMG6_IRQHandler                     
00008cd3  TIMG7_IRQHandler                     
00008cd3  TIMG8_IRQHandler                     
00008cd3  TIMG9_IRQHandler                     
00008cd3  UART1_IRQHandler                     
00008cd3  UART3_IRQHandler                     
00008cd3  UART4_IRQHandler                     
00008cd3  UART5_IRQHandler                     
00008cd3  UART6_IRQHandler                     
00008cd3  UART7_IRQHandler                     
00008cd5  fft_find_peaks                       
00009701  __TI_printfi                         
0000a0d1  arm_radix8_butterfly_f32             
0000a99d  fft_process                          
0000b06d  fft_prepare                          
0000b41d  UART_Proc                            
0000b775  fft_get_axis                         
0000ba61  SYSCFG_DL_SYSCTL_SYSPLL_init         
0000bd09  THD_HarmonicEnergy                   
0000c3a1  atanf                                
0000c569  Protocol_ParseByte                   
0000c705  __aeabi_dsub                         
0000c705  __subdf3                             
0000c70f  __adddf3                             
0000c70f  __aeabi_dadd                         
0000c897  Task_100ms                           
0000c9d5  ADC_Proc                             
0000cc1d  atan2f                               
0000cd35  arm_bitreversal_32                   
0000ce47  Task_10ms                            
0000ce49  __aeabi_ddiv                         
0000ce49  __divdf3                             
0000cf55  DL_Timer_initTimerMode               
0000d051  Scheduler_Run                        
0000d14d  DL_SYSCTL_configSYSPLL               
0000d245  ADC_Init                             
0000d32d  __aeabi_dmul                         
0000d32d  __muldf3                             
0000d411  ldexp                                
0000d411  ldexpl                               
0000d411  scalbn                               
0000d411  scalbnl                              
0000d4e9  __aeabi_fsub                         
0000d4e9  __subsf3                             
0000d4f3  __addsf3                             
0000d4f3  __aeabi_fadd                         
0000d5c1  Serial_Printf                        
0000d691  Serial_Send                          
0000d751  fft_window                           
0000d80d  SYSCFG_DL_SYSCTL_init                
0000d8bd  __udivmoddi4                         
0000d95f  Task_1min                            
0000d961  THD_Compute                          
0000da01  sqrtf                                
0000daa1  memcpy                               
0000db3b  Task_1ms                             
0000db3d  SYSCFG_DL_ADC12_0_init               
0000dbd5  SYSCFG_DL_HMI_init                   
0000dc65  ADC_StartNormal                      
0000dcf1  __aeabi_fmul                         
0000dcf1  __mulsf3                             
0000dd7d  DL_SYSCTL_setHFCLKSourceHFXTParams   
0000de05  __aeabi_fdiv                         
0000de05  __divsf3                             
0000de87  Task_1sec                            
0000de89  __TI_decompress_lzss                 
0000df05  __gedf2                              
0000df05  __gtdf2                              
0000df79  Serial_RxReadAll                     
0000dfe9  Protocol_DistName                    
0000e051  __cmpdf2                             
0000e051  __eqdf2                              
0000e051  __ledf2                              
0000e051  __ltdf2                              
0000e051  __nedf2                              
0000e11f  __aeabi_idiv0                        
0000e121  __aeabi_dcmpeq                       
0000e135  __aeabi_dcmplt                       
0000e149  __aeabi_dcmple                       
0000e15d  __aeabi_dcmpge                       
0000e171  __aeabi_dcmpgt                       
0000e183  __aeabi_ldiv0                        
0000e185  __aeabi_fcmpeq                       
0000e199  __aeabi_fcmplt                       
0000e1ad  __aeabi_fcmple                       
0000e1c1  __aeabi_fcmpge                       
0000e1d5  __aeabi_fcmpgt                       
0000e1e7  memset                               
0000e249  SYSCFG_DL_initPower                  
0000e2a9  SYSCFG_DL_GPIO_init                  
0000e305  frexp                                
0000e305  frexpl                               
0000e361  DL_FactoryRegion_initTrimTable       
0000e3b9  __TI_ltoa                            
0000e469  __aeabi_idiv                         
0000e469  __aeabi_idivmod                      
0000e4c1  UART0_IRQHandler                     
0000e569  Serial_RxPushByte                    
0000e5b9  main                                 
0000e609  DL_DMA_initChannel                   
0000e655  __aeabi_d2iz                         
0000e655  __fixdfsi                            
0000e6a1  DL_UART_init                         
0000e6e9  DL_SYSCTL_switchMCLKfromSYSOSCtoHSCLK
0000e72d  SYSCFG_DL_TIMER_1_init               
0000e771  DL_ADC12_setClockConfig              
0000e7b1  SYSCFG_DL_TIMER_0_init               
0000e7f1  SampleTimer_SetRate                  
0000e831  __aeabi_uidiv                        
0000e831  __aeabi_uidivmod                     
0000e871  __aeabi_f2d                          
0000e871  __extendsfdf2                        
0000e8b1  atoi                                 
0000e8f1  vsnprintf                            
0000e931  ADC_IRQHandler                       
0000e96d  SYSCFG_DL_init                       
0000e9a9  SampleTimer_Init                     
0000e9e5  __gesf2                              
0000e9e5  __gtsf2                              
0000ea21  __TI_auto_init_nobinit_nopinit       
0000ea5d  __cmpsf2                             
0000ea5d  __eqsf2                              
0000ea5d  __lesf2                              
0000ea5d  __ltsf2                              
0000ea5d  __nesf2                              
0000ea99  __muldsi3                            
0000ead5  Serial_RxRead                        
0000eb0d  __aeabi_f2iz                         
0000eb0d  __fixsfsi                            
0000eb45  Serial_Init                          
0000eb79  DL_UART_transmitDataBlocking         
0000eba9  SYSCFG_DL_SYSTICK_init               
0000ebd9  Serial_RxInit                        
0000ec69  __aeabi_i2d                          
0000ec69  __floatsidf                          
0000ec95  Protocol_FlushRelayResponse          
0000ecbd  __aeabi_ui2f                         
0000ecbd  __floatunsisf                        
0000ece5  _c_int00_noargs                      
0000ed0d  SYSCFG_DL_DMA_CH2_init               
0000ed31  Scheduler_Init                       
0000ed55  __aeabi_lmul                         
0000ed55  __muldi3                             
0000ed79  memccpy                              
0000ed9d  SYSCFG_DL_DMA_init                   
0000edbd  __aeabi_llsl                         
0000edbd  __ashldi3                            
0000eddd  DL_SYSCTL_configFCC                  
0000edf9  DL_Timer_setClockConfig              
0000ee15  DL_UART_receiveDataCheck             
0000ee31  Relay_Init                           
0000ee4d  SampleTimer_Start                    
0000ee65  Serial_RxAvailable                   
0000ee95  __aeabi_uldivmod                     
0000eebd  DL_UART_setClockConfig               
0000eecf  __TI_decompress_none                 
0000eee1  SampleTimer_Stop                     
0000eef1  Serial_RxFifoReadByte                
0000ef01  SysTick_Handler                      
0000ef11  wcslen                               
0000ef21  __TI_zero_init                       
0000ef31  __aeabi_memset                       
0000ef31  __aeabi_memset4                      
0000ef31  __aeabi_memset8                      
0000ef4d  ADC_ClearCaptureDone                 
0000ef59  ADC_IsCaptureDone                    
0000ef65  BSP_Init                             
0000ef71  Scheduler_RegTask_10ms               
0000ef7d  Scheduler_RegTask_1sec               
0000ef89  Serial_RxClearFlags                  
0000ef95  __aeabi_memclr                       
0000ef95  __aeabi_memclr4                      
0000ef95  __aeabi_memclr8                      
0000efa1  DL_Common_delayCycles                
0000efcf  ADC1_IRQHandler                      
0000efd9  __aeabi_errno_addr                   
0000efe1  __aeabi_memcpy                       
0000efe1  __aeabi_memcpy4                      
0000efe1  __aeabi_memcpy8                      
0000f001  abort                                
0000f006  C$$EXIT                              
0000f007  HOSTexit                             
0000f021  Reset_Handler                        
0000f025  _system_pre_init                     
0000f038  __TI_Handler_Table_Base              
0000f044  __TI_Handler_Table_Limit             
0000f054  __TI_CINIT_Base                      
0000f06c  __TI_CINIT_Limit                     
0000f06c  __TI_CINIT_Warm                      
20200000  __start___llvm_prf_bits              
20200000  __start___llvm_prf_cnts              
20200000  __stop___llvm_prf_bits               
20200000  __stop___llvm_prf_cnts               
20207000  g_adc_buffer                         
202081f4  gTIMER_0Backup                       
202082b0  gTIMER_1Backup                       
2020836c  g_wave_info                          
20208394  g_sched                              
202083b8  DL_FACTORYREGION_TrimTable           
202083fc  FACTORYVALUE                         
20208400  __aeabi_errno                        
20208404  g_ms_tick                            
20208425  g_mode                               
2020ff00  __stack                              
20210000  __STACK_END                          
ffffffff  __TI_pprof_out_hndl                  
ffffffff  __TI_prof_data_size                  
ffffffff  __TI_prof_data_start                 
ffffffff  __binit__                            
ffffffff  binit                                
UNDEFED   __mpu_init                           
UNDEFED   _system_post_cinit                   

[256 symbols]
