<?xml version="1.0" encoding="ISO-8859-1" ?>
<link_info>
   <banner>TI ARM Clang Linker PC v4.0.4.LTS</banner>
   <copyright>Copyright (c) 1996-2018 Texas Instruments Incorporated</copyright>
   <command_line>D:\ti\ccs2051\ccs\tools\compiler\ti-cgt-armllvm_4.0.4.LTS\bin\tiarmlnk -ID:\ti\ccs2051\ccs\tools\compiler\ti-cgt-armllvm_4.0.4.LTS\lib -o timx_timer_mode_capture_duty_and_period_LP_MSPM0G3519_nortos_ticlang.out -mtimx_timer_mode_capture_duty_and_period_LP_MSPM0G3519_nortos_ticlang.map -iD:/ti/ccs2051/mspm0_sdk_2_10_00_04/source -iD:/My_Git/TI-Cup-Training-1/MSPM0G3519/timx_timer_mode_capture_duty_and_period -iD:/My_Git/TI-Cup-Training-1/MSPM0G3519/timx_timer_mode_capture_duty_and_period/Debug/syscfg -iD:/ti/ccs2051/ccs/tools/compiler/ti-cgt-armllvm_4.0.4.LTS/lib --diag_wrap=off --display_error_number --warn_sections --xml_link_info=timx_timer_mode_capture_duty_and_period_LP_MSPM0G3519_nortos_ticlang_linkInfo.xml --rom_model ./timx_timer_mode_capture_duty_and_period.o ./ti_msp_dl_config.o ./startup_mspm0g351x_ticlang.o ./App/dsp/dsp_adaptive.o ./App/dsp/dsp_analyze.o ./App/dsp/dsp_filter.o ./App/fft/fft_analyzer.o ./App/fft/fft_analyzer_q15.o ./App/hmi/hmi.o ./BSP/adc/adc.o ./BSP/bsp.o ./BSP/uart/uart.o ./My_Task/protocol.o ./My_Task/tasks.o ./My_Task/thd.o ./Scheduler/scheduler.o -l./device_linker.cmd -ldevice.cmd.genlibs -llibc.a --start-group -llibc++.a -llibc++abi.a -llibc.a -llibsys.a -llibsysbm.a -llibclang_rt.builtins.a -llibclang_rt.profile.a --end-group --cg_opt_level=2</command_line>
   <link_time>0x6a4a281b</link_time>
   <link_errors>0x0</link_errors>
   <output_file>D:\My_Git\TI-Cup-Training-1\MSPM0G3519\timx_timer_mode_capture_duty_and_period\Debug\timx_timer_mode_capture_duty_and_period_LP_MSPM0G3519_nortos_ticlang.out</output_file>
   <entry_point>
      <name>_c_int00_noargs</name>
      <address>0xe691</address>
   </entry_point>
   <input_file_list>
      <input_file id="fl-1">
         <path>D:\My_Git\TI-Cup-Training-1\MSPM0G3519\timx_timer_mode_capture_duty_and_period\Debug\.\</path>
         <kind>object</kind>
         <file>timx_timer_mode_capture_duty_and_period.o</file>
         <name>timx_timer_mode_capture_duty_and_period.o</name>
      </input_file>
      <input_file id="fl-2">
         <path>D:\My_Git\TI-Cup-Training-1\MSPM0G3519\timx_timer_mode_capture_duty_and_period\Debug\.\</path>
         <kind>object</kind>
         <file>ti_msp_dl_config.o</file>
         <name>ti_msp_dl_config.o</name>
      </input_file>
      <input_file id="fl-3">
         <path>D:\My_Git\TI-Cup-Training-1\MSPM0G3519\timx_timer_mode_capture_duty_and_period\Debug\.\</path>
         <kind>object</kind>
         <file>startup_mspm0g351x_ticlang.o</file>
         <name>startup_mspm0g351x_ticlang.o</name>
      </input_file>
      <input_file id="fl-4">
         <path>D:\My_Git\TI-Cup-Training-1\MSPM0G3519\timx_timer_mode_capture_duty_and_period\Debug\.\App\dsp\</path>
         <kind>object</kind>
         <file>dsp_adaptive.o</file>
         <name>dsp_adaptive.o</name>
      </input_file>
      <input_file id="fl-5">
         <path>D:\My_Git\TI-Cup-Training-1\MSPM0G3519\timx_timer_mode_capture_duty_and_period\Debug\.\App\dsp\</path>
         <kind>object</kind>
         <file>dsp_analyze.o</file>
         <name>dsp_analyze.o</name>
      </input_file>
      <input_file id="fl-6">
         <path>D:\My_Git\TI-Cup-Training-1\MSPM0G3519\timx_timer_mode_capture_duty_and_period\Debug\.\App\dsp\</path>
         <kind>object</kind>
         <file>dsp_filter.o</file>
         <name>dsp_filter.o</name>
      </input_file>
      <input_file id="fl-7">
         <path>D:\My_Git\TI-Cup-Training-1\MSPM0G3519\timx_timer_mode_capture_duty_and_period\Debug\.\App\fft\</path>
         <kind>object</kind>
         <file>fft_analyzer.o</file>
         <name>fft_analyzer.o</name>
      </input_file>
      <input_file id="fl-8">
         <path>D:\My_Git\TI-Cup-Training-1\MSPM0G3519\timx_timer_mode_capture_duty_and_period\Debug\.\App\fft\</path>
         <kind>object</kind>
         <file>fft_analyzer_q15.o</file>
         <name>fft_analyzer_q15.o</name>
      </input_file>
      <input_file id="fl-9">
         <path>D:\My_Git\TI-Cup-Training-1\MSPM0G3519\timx_timer_mode_capture_duty_and_period\Debug\.\App\hmi\</path>
         <kind>object</kind>
         <file>hmi.o</file>
         <name>hmi.o</name>
      </input_file>
      <input_file id="fl-a">
         <path>D:\My_Git\TI-Cup-Training-1\MSPM0G3519\timx_timer_mode_capture_duty_and_period\Debug\.\BSP\adc\</path>
         <kind>object</kind>
         <file>adc.o</file>
         <name>adc.o</name>
      </input_file>
      <input_file id="fl-b">
         <path>D:\My_Git\TI-Cup-Training-1\MSPM0G3519\timx_timer_mode_capture_duty_and_period\Debug\.\BSP\</path>
         <kind>object</kind>
         <file>bsp.o</file>
         <name>bsp.o</name>
      </input_file>
      <input_file id="fl-c">
         <path>D:\My_Git\TI-Cup-Training-1\MSPM0G3519\timx_timer_mode_capture_duty_and_period\Debug\.\BSP\uart\</path>
         <kind>object</kind>
         <file>uart.o</file>
         <name>uart.o</name>
      </input_file>
      <input_file id="fl-d">
         <path>D:\My_Git\TI-Cup-Training-1\MSPM0G3519\timx_timer_mode_capture_duty_and_period\Debug\.\My_Task\</path>
         <kind>object</kind>
         <file>protocol.o</file>
         <name>protocol.o</name>
      </input_file>
      <input_file id="fl-e">
         <path>D:\My_Git\TI-Cup-Training-1\MSPM0G3519\timx_timer_mode_capture_duty_and_period\Debug\.\My_Task\</path>
         <kind>object</kind>
         <file>tasks.o</file>
         <name>tasks.o</name>
      </input_file>
      <input_file id="fl-f">
         <path>D:\My_Git\TI-Cup-Training-1\MSPM0G3519\timx_timer_mode_capture_duty_and_period\Debug\.\My_Task\</path>
         <kind>object</kind>
         <file>thd.o</file>
         <name>thd.o</name>
      </input_file>
      <input_file id="fl-10">
         <path>D:\My_Git\TI-Cup-Training-1\MSPM0G3519\timx_timer_mode_capture_duty_and_period\Debug\.\Scheduler\</path>
         <kind>object</kind>
         <file>scheduler.o</file>
         <name>scheduler.o</name>
      </input_file>
      <input_file id="fl-1e">
         <path>D:\My_Git\TI-Cup-Training-1\MSPM0G3519\timx_timer_mode_capture_duty_and_period\Debug\</path>
         <kind>object</kind>
         <file>&lt;internal&gt;</file>
         <name>&lt;internal&gt;</name>
      </input_file>
      <input_file id="fl-1f">
         <path>D:\ti\ccs2051\mspm0_sdk_2_10_00_04\source\third_party\CMSIS\DSP\lib\ticlang\m0p\</path>
         <kind>archive</kind>
         <file>arm_cortexM0l_math.a</file>
         <name>arm_dot_prod_f32.o</name>
      </input_file>
      <input_file id="fl-20">
         <path>D:\ti\ccs2051\mspm0_sdk_2_10_00_04\source\third_party\CMSIS\DSP\lib\ticlang\m0p\</path>
         <kind>archive</kind>
         <file>arm_cortexM0l_math.a</file>
         <name>arm_scale_f32.o</name>
      </input_file>
      <input_file id="fl-21">
         <path>D:\ti\ccs2051\mspm0_sdk_2_10_00_04\source\third_party\CMSIS\DSP\lib\ticlang\m0p\</path>
         <kind>archive</kind>
         <file>arm_cortexM0l_math.a</file>
         <name>arm_const_structs.o</name>
      </input_file>
      <input_file id="fl-22">
         <path>D:\ti\ccs2051\mspm0_sdk_2_10_00_04\source\third_party\CMSIS\DSP\lib\ticlang\m0p\</path>
         <kind>archive</kind>
         <file>arm_cortexM0l_math.a</file>
         <name>arm_cmplx_mag_f32.o</name>
      </input_file>
      <input_file id="fl-23">
         <path>D:\ti\ccs2051\mspm0_sdk_2_10_00_04\source\third_party\CMSIS\DSP\lib\ticlang\m0p\</path>
         <kind>archive</kind>
         <file>arm_cortexM0l_math.a</file>
         <name>arm_cmplx_mag_q15.o</name>
      </input_file>
      <input_file id="fl-24">
         <path>D:\ti\ccs2051\mspm0_sdk_2_10_00_04\source\third_party\CMSIS\DSP\lib\ticlang\m0p\</path>
         <kind>archive</kind>
         <file>arm_cortexM0l_math.a</file>
         <name>arm_sqrt_q31.o</name>
      </input_file>
      <input_file id="fl-25">
         <path>D:\ti\ccs2051\mspm0_sdk_2_10_00_04\source\third_party\CMSIS\DSP\lib\ticlang\m0p\</path>
         <kind>archive</kind>
         <file>arm_cortexM0l_math.a</file>
         <name>arm_biquad_cascade_df2T_f32.o</name>
      </input_file>
      <input_file id="fl-26">
         <path>D:\ti\ccs2051\mspm0_sdk_2_10_00_04\source\third_party\CMSIS\DSP\lib\ticlang\m0p\</path>
         <kind>archive</kind>
         <file>arm_cortexM0l_math.a</file>
         <name>arm_biquad_cascade_df2T_init_f32.o</name>
      </input_file>
      <input_file id="fl-27">
         <path>D:\ti\ccs2051\mspm0_sdk_2_10_00_04\source\third_party\CMSIS\DSP\lib\ticlang\m0p\</path>
         <kind>archive</kind>
         <file>arm_cortexM0l_math.a</file>
         <name>arm_fir_f32.o</name>
      </input_file>
      <input_file id="fl-28">
         <path>D:\ti\ccs2051\mspm0_sdk_2_10_00_04\source\third_party\CMSIS\DSP\lib\ticlang\m0p\</path>
         <kind>archive</kind>
         <file>arm_cortexM0l_math.a</file>
         <name>arm_fir_init_f32.o</name>
      </input_file>
      <input_file id="fl-29">
         <path>D:\ti\ccs2051\mspm0_sdk_2_10_00_04\source\third_party\CMSIS\DSP\lib\ticlang\m0p\</path>
         <kind>archive</kind>
         <file>arm_cortexM0l_math.a</file>
         <name>arm_lms_f32.o</name>
      </input_file>
      <input_file id="fl-2a">
         <path>D:\ti\ccs2051\mspm0_sdk_2_10_00_04\source\third_party\CMSIS\DSP\lib\ticlang\m0p\</path>
         <kind>archive</kind>
         <file>arm_cortexM0l_math.a</file>
         <name>arm_lms_init_f32.o</name>
      </input_file>
      <input_file id="fl-2b">
         <path>D:\ti\ccs2051\mspm0_sdk_2_10_00_04\source\third_party\CMSIS\DSP\lib\ticlang\m0p\</path>
         <kind>archive</kind>
         <file>arm_cortexM0l_math.a</file>
         <name>arm_lms_norm_f32.o</name>
      </input_file>
      <input_file id="fl-2c">
         <path>D:\ti\ccs2051\mspm0_sdk_2_10_00_04\source\third_party\CMSIS\DSP\lib\ticlang\m0p\</path>
         <kind>archive</kind>
         <file>arm_cortexM0l_math.a</file>
         <name>arm_lms_norm_init_f32.o</name>
      </input_file>
      <input_file id="fl-2d">
         <path>D:\ti\ccs2051\mspm0_sdk_2_10_00_04\source\third_party\CMSIS\DSP\lib\ticlang\m0p\</path>
         <kind>archive</kind>
         <file>arm_cortexM0l_math.a</file>
         <name>arm_mat_init_f32.o</name>
      </input_file>
      <input_file id="fl-2e">
         <path>D:\ti\ccs2051\mspm0_sdk_2_10_00_04\source\third_party\CMSIS\DSP\lib\ticlang\m0p\</path>
         <kind>archive</kind>
         <file>arm_cortexM0l_math.a</file>
         <name>arm_mat_mult_f32.o</name>
      </input_file>
      <input_file id="fl-2f">
         <path>D:\ti\ccs2051\mspm0_sdk_2_10_00_04\source\third_party\CMSIS\DSP\lib\ticlang\m0p\</path>
         <kind>archive</kind>
         <file>arm_cortexM0l_math.a</file>
         <name>arm_max_f32.o</name>
      </input_file>
      <input_file id="fl-30">
         <path>D:\ti\ccs2051\mspm0_sdk_2_10_00_04\source\third_party\CMSIS\DSP\lib\ticlang\m0p\</path>
         <kind>archive</kind>
         <file>arm_cortexM0l_math.a</file>
         <name>arm_max_q15.o</name>
      </input_file>
      <input_file id="fl-31">
         <path>D:\ti\ccs2051\mspm0_sdk_2_10_00_04\source\third_party\CMSIS\DSP\lib\ticlang\m0p\</path>
         <kind>archive</kind>
         <file>arm_cortexM0l_math.a</file>
         <name>arm_rms_f32.o</name>
      </input_file>
      <input_file id="fl-32">
         <path>D:\ti\ccs2051\mspm0_sdk_2_10_00_04\source\third_party\CMSIS\DSP\lib\ticlang\m0p\</path>
         <kind>archive</kind>
         <file>arm_cortexM0l_math.a</file>
         <name>arm_cfft_f32.o</name>
      </input_file>
      <input_file id="fl-33">
         <path>D:\ti\ccs2051\mspm0_sdk_2_10_00_04\source\third_party\CMSIS\DSP\lib\ticlang\m0p\</path>
         <kind>archive</kind>
         <file>arm_cortexM0l_math.a</file>
         <name>arm_cfft_q15.o</name>
      </input_file>
      <input_file id="fl-34">
         <path>D:\ti\ccs2051\mspm0_sdk_2_10_00_04\source\third_party\CMSIS\DSP\lib\ticlang\m0p\</path>
         <kind>archive</kind>
         <file>arm_cortexM0l_math.a</file>
         <name>arm_cfft_radix4_q15.o</name>
      </input_file>
      <input_file id="fl-35">
         <path>D:\ti\ccs2051\mspm0_sdk_2_10_00_04\source\third_party\CMSIS\DSP\lib\ticlang\m0p\</path>
         <kind>archive</kind>
         <file>arm_cortexM0l_math.a</file>
         <name>arm_cfft_radix8_f32.o</name>
      </input_file>
      <input_file id="fl-36">
         <path>D:\ti\ccs2051\mspm0_sdk_2_10_00_04\source\third_party\CMSIS\DSP\lib\ticlang\m0p\</path>
         <kind>archive</kind>
         <file>arm_cortexM0l_math.a</file>
         <name>arm_rfft_fast_f32.o</name>
      </input_file>
      <input_file id="fl-37">
         <path>D:\ti\ccs2051\mspm0_sdk_2_10_00_04\source\third_party\CMSIS\DSP\lib\ticlang\m0p\</path>
         <kind>archive</kind>
         <file>arm_cortexM0l_math.a</file>
         <name>arm_rfft_fast_init_f32.o</name>
      </input_file>
      <input_file id="fl-38">
         <path>D:\ti\ccs2051\mspm0_sdk_2_10_00_04\source\third_party\CMSIS\DSP\lib\ticlang\m0p\</path>
         <kind>archive</kind>
         <file>arm_cortexM0l_math.a</file>
         <name>arm_common_tables.o</name>
      </input_file>
      <input_file id="fl-39">
         <path>D:\ti\ccs2051\mspm0_sdk_2_10_00_04\source\third_party\CMSIS\DSP\lib\ticlang\m0p\</path>
         <kind>archive</kind>
         <file>arm_cortexM0l_math.a</file>
         <name>arm_bitreversal.o</name>
      </input_file>
      <input_file id="fl-3a">
         <path>D:\ti\ccs2051\mspm0_sdk_2_10_00_04\source\third_party\CMSIS\DSP\lib\ticlang\m0p\</path>
         <kind>archive</kind>
         <file>arm_cortexM0l_math.a</file>
         <name>arm_bitreversal2.o</name>
      </input_file>
      <input_file id="fl-3b">
         <path>D:\ti\ccs2051\mspm0_sdk_2_10_00_04\source\third_party\CMSIS\DSP\lib\ticlang\m0p\</path>
         <kind>archive</kind>
         <file>arm_cortexM0l_math.a</file>
         <name>arm_cfft_init_f32.o</name>
      </input_file>
      <input_file id="fl-3c">
         <path>D:\ti\ccs2051\mspm0_sdk_2_10_00_04\source\ti\driverlib\lib\ticlang\m0p\mspm0gx51x\</path>
         <kind>archive</kind>
         <file>driverlib.a</file>
         <name>dl_adc12.o</name>
      </input_file>
      <input_file id="fl-3d">
         <path>D:\ti\ccs2051\mspm0_sdk_2_10_00_04\source\ti\driverlib\lib\ticlang\m0p\mspm0gx51x\</path>
         <kind>archive</kind>
         <file>driverlib.a</file>
         <name>dl_common.o</name>
      </input_file>
      <input_file id="fl-3e">
         <path>D:\ti\ccs2051\mspm0_sdk_2_10_00_04\source\ti\driverlib\lib\ticlang\m0p\mspm0gx51x\</path>
         <kind>archive</kind>
         <file>driverlib.a</file>
         <name>dl_dma.o</name>
      </input_file>
      <input_file id="fl-3f">
         <path>D:\ti\ccs2051\mspm0_sdk_2_10_00_04\source\ti\driverlib\lib\ticlang\m0p\mspm0gx51x\</path>
         <kind>archive</kind>
         <file>driverlib.a</file>
         <name>dl_timer.o</name>
      </input_file>
      <input_file id="fl-40">
         <path>D:\ti\ccs2051\mspm0_sdk_2_10_00_04\source\ti\driverlib\lib\ticlang\m0p\mspm0gx51x\</path>
         <kind>archive</kind>
         <file>driverlib.a</file>
         <name>dl_uart.o</name>
      </input_file>
      <input_file id="fl-41">
         <path>D:\ti\ccs2051\mspm0_sdk_2_10_00_04\source\ti\driverlib\lib\ticlang\m0p\mspm0gx51x\</path>
         <kind>archive</kind>
         <file>driverlib.a</file>
         <name>dl_sysctl_mspm0gx51x.o</name>
      </input_file>
      <input_file id="fl-42">
         <path>D:\ti\ccs2051\mspm0_sdk_2_10_00_04\source\ti\driverlib\lib\ticlang\m0p\mspm0gx51x\</path>
         <kind>archive</kind>
         <file>driverlib.a</file>
         <name>dl_factoryregion.o</name>
      </input_file>
      <input_file id="fl-59">
         <path>D:\ti\ccs2051\ccs\tools\compiler\ti-cgt-armllvm_4.0.4.LTS\lib\armv6m-ti-none-eabi\c\</path>
         <kind>archive</kind>
         <file>libc.a</file>
         <name>e_atan2f.c.obj</name>
      </input_file>
      <input_file id="fl-5a">
         <path>D:\ti\ccs2051\ccs\tools\compiler\ti-cgt-armllvm_4.0.4.LTS\lib\armv6m-ti-none-eabi\c\</path>
         <kind>archive</kind>
         <file>libc.a</file>
         <name>e_log10f.c.obj</name>
      </input_file>
      <input_file id="fl-5b">
         <path>D:\ti\ccs2051\ccs\tools\compiler\ti-cgt-armllvm_4.0.4.LTS\lib\armv6m-ti-none-eabi\c\</path>
         <kind>archive</kind>
         <file>libc.a</file>
         <name>e_sqrtf.c.obj</name>
      </input_file>
      <input_file id="fl-5c">
         <path>D:\ti\ccs2051\ccs\tools\compiler\ti-cgt-armllvm_4.0.4.LTS\lib\armv6m-ti-none-eabi\c\</path>
         <kind>archive</kind>
         <file>libc.a</file>
         <name>s_atanf.c.obj</name>
      </input_file>
      <input_file id="fl-5d">
         <path>D:\ti\ccs2051\ccs\tools\compiler\ti-cgt-armllvm_4.0.4.LTS\lib\armv6m-ti-none-eabi\c\</path>
         <kind>archive</kind>
         <file>libc.a</file>
         <name>snprintf.c.obj</name>
      </input_file>
      <input_file id="fl-5e">
         <path>D:\ti\ccs2051\ccs\tools\compiler\ti-cgt-armllvm_4.0.4.LTS\lib\armv6m-ti-none-eabi\c\</path>
         <kind>archive</kind>
         <file>libc.a</file>
         <name>vsnprintf.c.obj</name>
      </input_file>
      <input_file id="fl-5f">
         <path>D:\ti\ccs2051\ccs\tools\compiler\ti-cgt-armllvm_4.0.4.LTS\lib\armv6m-ti-none-eabi\c\</path>
         <kind>archive</kind>
         <file>libc.a</file>
         <name>aeabi_portable.c.obj</name>
      </input_file>
      <input_file id="fl-60">
         <path>D:\ti\ccs2051\ccs\tools\compiler\ti-cgt-armllvm_4.0.4.LTS\lib\armv6m-ti-none-eabi\c\</path>
         <kind>archive</kind>
         <file>libc.a</file>
         <name>assert.c.obj</name>
      </input_file>
      <input_file id="fl-61">
         <path>D:\ti\ccs2051\ccs\tools\compiler\ti-cgt-armllvm_4.0.4.LTS\lib\armv6m-ti-none-eabi\c\</path>
         <kind>archive</kind>
         <file>libc.a</file>
         <name>defs.c.obj</name>
      </input_file>
      <input_file id="fl-62">
         <path>D:\ti\ccs2051\ccs\tools\compiler\ti-cgt-armllvm_4.0.4.LTS\lib\armv6m-ti-none-eabi\c\</path>
         <kind>archive</kind>
         <file>libc.a</file>
         <name>memory.c.obj</name>
      </input_file>
      <input_file id="fl-63">
         <path>D:\ti\ccs2051\ccs\tools\compiler\ti-cgt-armllvm_4.0.4.LTS\lib\armv6m-ti-none-eabi\c\</path>
         <kind>archive</kind>
         <file>libc.a</file>
         <name>boot_cortex_m.c.obj</name>
      </input_file>
      <input_file id="fl-64">
         <path>D:\ti\ccs2051\ccs\tools\compiler\ti-cgt-armllvm_4.0.4.LTS\lib\armv6m-ti-none-eabi\c\</path>
         <kind>archive</kind>
         <file>libc.a</file>
         <name>mathacl_init.c.obj</name>
      </input_file>
      <input_file id="fl-65">
         <path>D:\ti\ccs2051\ccs\tools\compiler\ti-cgt-armllvm_4.0.4.LTS\lib\armv6m-ti-none-eabi\c\</path>
         <kind>archive</kind>
         <file>libc.a</file>
         <name>autoinit.c.obj</name>
      </input_file>
      <input_file id="fl-66">
         <path>D:\ti\ccs2051\ccs\tools\compiler\ti-cgt-armllvm_4.0.4.LTS\lib\armv6m-ti-none-eabi\c\</path>
         <kind>archive</kind>
         <file>libc.a</file>
         <name>pre_init.c.obj</name>
      </input_file>
      <input_file id="fl-67">
         <path>D:\ti\ccs2051\ccs\tools\compiler\ti-cgt-armllvm_4.0.4.LTS\lib\armv6m-ti-none-eabi\c\</path>
         <kind>archive</kind>
         <file>libc.a</file>
         <name>cpy_tbl.c.obj</name>
      </input_file>
      <input_file id="fl-68">
         <path>D:\ti\ccs2051\ccs\tools\compiler\ti-cgt-armllvm_4.0.4.LTS\lib\armv6m-ti-none-eabi\c\</path>
         <kind>archive</kind>
         <file>libc.a</file>
         <name>copy_zero_init.c.obj</name>
      </input_file>
      <input_file id="fl-69">
         <path>D:\ti\ccs2051\ccs\tools\compiler\ti-cgt-armllvm_4.0.4.LTS\lib\armv6m-ti-none-eabi\c\</path>
         <kind>archive</kind>
         <file>libc.a</file>
         <name>copy_decompress_none.c.obj</name>
      </input_file>
      <input_file id="fl-6a">
         <path>D:\ti\ccs2051\ccs\tools\compiler\ti-cgt-armllvm_4.0.4.LTS\lib\armv6m-ti-none-eabi\c\</path>
         <kind>archive</kind>
         <file>libc.a</file>
         <name>copy_decompress_lzss.c.obj</name>
      </input_file>
      <input_file id="fl-6b">
         <path>D:\ti\ccs2051\ccs\tools\compiler\ti-cgt-armllvm_4.0.4.LTS\lib\armv6m-ti-none-eabi\c\</path>
         <kind>archive</kind>
         <file>libc.a</file>
         <name>_printfi.c.obj</name>
      </input_file>
      <input_file id="fl-6c">
         <path>D:\ti\ccs2051\ccs\tools\compiler\ti-cgt-armllvm_4.0.4.LTS\lib\armv6m-ti-none-eabi\c\</path>
         <kind>archive</kind>
         <file>libc.a</file>
         <name>sprintf.c.obj</name>
      </input_file>
      <input_file id="fl-6d">
         <path>D:\ti\ccs2051\ccs\tools\compiler\ti-cgt-armllvm_4.0.4.LTS\lib\armv6m-ti-none-eabi\c\</path>
         <kind>archive</kind>
         <file>libc.a</file>
         <name>fflush.c.obj</name>
      </input_file>
      <input_file id="fl-6e">
         <path>D:\ti\ccs2051\ccs\tools\compiler\ti-cgt-armllvm_4.0.4.LTS\lib\armv6m-ti-none-eabi\c\</path>
         <kind>archive</kind>
         <file>libc.a</file>
         <name>fputs.c.obj</name>
      </input_file>
      <input_file id="fl-6f">
         <path>D:\ti\ccs2051\ccs\tools\compiler\ti-cgt-armllvm_4.0.4.LTS\lib\armv6m-ti-none-eabi\c\</path>
         <kind>archive</kind>
         <file>libc.a</file>
         <name>_io_perm.c.obj</name>
      </input_file>
      <input_file id="fl-70">
         <path>D:\ti\ccs2051\ccs\tools\compiler\ti-cgt-armllvm_4.0.4.LTS\lib\armv6m-ti-none-eabi\c\</path>
         <kind>archive</kind>
         <file>libc.a</file>
         <name>setvbuf.c.obj</name>
      </input_file>
      <input_file id="fl-71">
         <path>D:\ti\ccs2051\ccs\tools\compiler\ti-cgt-armllvm_4.0.4.LTS\lib\armv6m-ti-none-eabi\c\</path>
         <kind>archive</kind>
         <file>libc.a</file>
         <name>exit.c.obj</name>
      </input_file>
      <input_file id="fl-72">
         <path>D:\ti\ccs2051\ccs\tools\compiler\ti-cgt-armllvm_4.0.4.LTS\lib\armv6m-ti-none-eabi\c\</path>
         <kind>archive</kind>
         <file>libc.a</file>
         <name>_lock.c.obj</name>
      </input_file>
      <input_file id="fl-73">
         <path>D:\ti\ccs2051\ccs\tools\compiler\ti-cgt-armllvm_4.0.4.LTS\lib\armv6m-ti-none-eabi\c\</path>
         <kind>archive</kind>
         <file>libc.a</file>
         <name>_ltoa.c.obj</name>
      </input_file>
      <input_file id="fl-74">
         <path>D:\ti\ccs2051\ccs\tools\compiler\ti-cgt-armllvm_4.0.4.LTS\lib\armv6m-ti-none-eabi\c\</path>
         <kind>archive</kind>
         <file>libc.a</file>
         <name>args_main.c.obj</name>
      </input_file>
      <input_file id="fl-75">
         <path>D:\ti\ccs2051\ccs\tools\compiler\ti-cgt-armllvm_4.0.4.LTS\lib\armv6m-ti-none-eabi\c\</path>
         <kind>archive</kind>
         <file>libc.a</file>
         <name>atoi.c.obj</name>
      </input_file>
      <input_file id="fl-76">
         <path>D:\ti\ccs2051\ccs\tools\compiler\ti-cgt-armllvm_4.0.4.LTS\lib\armv6m-ti-none-eabi\c\</path>
         <kind>archive</kind>
         <file>libc.a</file>
         <name>memccpy.c.obj</name>
      </input_file>
      <input_file id="fl-77">
         <path>D:\ti\ccs2051\ccs\tools\compiler\ti-cgt-armllvm_4.0.4.LTS\lib\armv6m-ti-none-eabi\c\</path>
         <kind>archive</kind>
         <file>libc.a</file>
         <name>s_frexp.c.obj</name>
      </input_file>
      <input_file id="fl-78">
         <path>D:\ti\ccs2051\ccs\tools\compiler\ti-cgt-armllvm_4.0.4.LTS\lib\armv6m-ti-none-eabi\c\</path>
         <kind>archive</kind>
         <file>libc.a</file>
         <name>s_scalbn.c.obj</name>
      </input_file>
      <input_file id="fl-79">
         <path>D:\ti\ccs2051\ccs\tools\compiler\ti-cgt-armllvm_4.0.4.LTS\lib\armv6m-ti-none-eabi\c\</path>
         <kind>archive</kind>
         <file>libc.a</file>
         <name>wcslen.c.obj</name>
      </input_file>
      <input_file id="fl-7a">
         <path>D:\ti\ccs2051\ccs\tools\compiler\ti-cgt-armllvm_4.0.4.LTS\lib\armv6m-ti-none-eabi\c\</path>
         <kind>archive</kind>
         <file>libc.a</file>
         <name>fopen.c.obj</name>
      </input_file>
      <input_file id="fl-7b">
         <path>D:\ti\ccs2051\ccs\tools\compiler\ti-cgt-armllvm_4.0.4.LTS\lib\armv6m-ti-none-eabi\c\</path>
         <kind>archive</kind>
         <file>libc.a</file>
         <name>fseek.c.obj</name>
      </input_file>
      <input_file id="fl-7c">
         <path>D:\ti\ccs2051\ccs\tools\compiler\ti-cgt-armllvm_4.0.4.LTS\lib\armv6m-ti-none-eabi\c\</path>
         <kind>archive</kind>
         <file>libc.a</file>
         <name>aeabi_ctype.S.obj</name>
      </input_file>
      <input_file id="fl-7d">
         <path>D:\ti\ccs2051\ccs\tools\compiler\ti-cgt-armllvm_4.0.4.LTS\lib\armv6m-ti-none-eabi\c\</path>
         <kind>archive</kind>
         <file>libc.a</file>
         <name>fclose.c.obj</name>
      </input_file>
      <input_file id="fl-11d">
         <path>D:\ti\ccs2051\ccs\tools\compiler\ti-cgt-armllvm_4.0.4.LTS\lib\armv6m-ti-none-eabi\c\</path>
         <kind>archive</kind>
         <file>libsysbm.a</file>
         <name>hostexit.c.obj</name>
      </input_file>
      <input_file id="fl-11e">
         <path>D:\ti\ccs2051\ccs\tools\compiler\ti-cgt-armllvm_4.0.4.LTS\lib\armv6m-ti-none-eabi\c\</path>
         <kind>archive</kind>
         <file>libsysbm.a</file>
         <name>write.c.obj</name>
      </input_file>
      <input_file id="fl-11f">
         <path>D:\ti\ccs2051\ccs\tools\compiler\ti-cgt-armllvm_4.0.4.LTS\lib\armv6m-ti-none-eabi\c\</path>
         <kind>archive</kind>
         <file>libsysbm.a</file>
         <name>host_device.c.obj</name>
      </input_file>
      <input_file id="fl-120">
         <path>D:\ti\ccs2051\ccs\tools\compiler\ti-cgt-armllvm_4.0.4.LTS\lib\armv6m-ti-none-eabi\c\</path>
         <kind>archive</kind>
         <file>libsysbm.a</file>
         <name>remove.c.obj</name>
      </input_file>
      <input_file id="fl-121">
         <path>D:\ti\ccs2051\ccs\tools\compiler\ti-cgt-armllvm_4.0.4.LTS\lib\armv6m-ti-none-eabi\c\</path>
         <kind>archive</kind>
         <file>libsysbm.a</file>
         <name>open.c.obj</name>
      </input_file>
      <input_file id="fl-122">
         <path>D:\ti\ccs2051\ccs\tools\compiler\ti-cgt-armllvm_4.0.4.LTS\lib\armv6m-ti-none-eabi\c\</path>
         <kind>archive</kind>
         <file>libsysbm.a</file>
         <name>lseek.c.obj</name>
      </input_file>
      <input_file id="fl-123">
         <path>D:\ti\ccs2051\ccs\tools\compiler\ti-cgt-armllvm_4.0.4.LTS\lib\armv6m-ti-none-eabi\c\</path>
         <kind>archive</kind>
         <file>libsysbm.a</file>
         <name>close.c.obj</name>
      </input_file>
      <input_file id="fl-124">
         <path>D:\ti\ccs2051\ccs\tools\compiler\ti-cgt-armllvm_4.0.4.LTS\lib\armv6m-ti-none-eabi\c\</path>
         <kind>archive</kind>
         <file>libsysbm.a</file>
         <name>unlink.c.obj</name>
      </input_file>
      <input_file id="fl-125">
         <path>D:\ti\ccs2051\ccs\tools\compiler\ti-cgt-armllvm_4.0.4.LTS\lib\armv6m-ti-none-eabi\c\</path>
         <kind>archive</kind>
         <file>libsysbm.a</file>
         <name>hostclose.c.obj</name>
      </input_file>
      <input_file id="fl-126">
         <path>D:\ti\ccs2051\ccs\tools\compiler\ti-cgt-armllvm_4.0.4.LTS\lib\armv6m-ti-none-eabi\c\</path>
         <kind>archive</kind>
         <file>libsysbm.a</file>
         <name>hostlseek.c.obj</name>
      </input_file>
      <input_file id="fl-127">
         <path>D:\ti\ccs2051\ccs\tools\compiler\ti-cgt-armllvm_4.0.4.LTS\lib\armv6m-ti-none-eabi\c\</path>
         <kind>archive</kind>
         <file>libsysbm.a</file>
         <name>hostopen.c.obj</name>
      </input_file>
      <input_file id="fl-128">
         <path>D:\ti\ccs2051\ccs\tools\compiler\ti-cgt-armllvm_4.0.4.LTS\lib\armv6m-ti-none-eabi\c\</path>
         <kind>archive</kind>
         <file>libsysbm.a</file>
         <name>hostread.c.obj</name>
      </input_file>
      <input_file id="fl-129">
         <path>D:\ti\ccs2051\ccs\tools\compiler\ti-cgt-armllvm_4.0.4.LTS\lib\armv6m-ti-none-eabi\c\</path>
         <kind>archive</kind>
         <file>libsysbm.a</file>
         <name>hostrename.c.obj</name>
      </input_file>
      <input_file id="fl-12a">
         <path>D:\ti\ccs2051\ccs\tools\compiler\ti-cgt-armllvm_4.0.4.LTS\lib\armv6m-ti-none-eabi\c\</path>
         <kind>archive</kind>
         <file>libsysbm.a</file>
         <name>hostunlink.c.obj</name>
      </input_file>
      <input_file id="fl-12b">
         <path>D:\ti\ccs2051\ccs\tools\compiler\ti-cgt-armllvm_4.0.4.LTS\lib\armv6m-ti-none-eabi\c\</path>
         <kind>archive</kind>
         <file>libsysbm.a</file>
         <name>hostwrite.c.obj</name>
      </input_file>
      <input_file id="fl-12c">
         <path>D:\ti\ccs2051\ccs\tools\compiler\ti-cgt-armllvm_4.0.4.LTS\lib\armv6m-ti-none-eabi\c\</path>
         <kind>archive</kind>
         <file>libsysbm.a</file>
         <name>trgmsg.c.obj</name>
      </input_file>
      <input_file id="fl-12d">
         <path>D:\ti\ccs2051\ccs\tools\compiler\ti-cgt-armllvm_4.0.4.LTS\lib\armv6m-ti-none-eabi\</path>
         <kind>archive</kind>
         <file>libclang_rt.builtins.a</file>
         <name>addsf3.S.obj</name>
      </input_file>
      <input_file id="fl-12e">
         <path>D:\ti\ccs2051\ccs\tools\compiler\ti-cgt-armllvm_4.0.4.LTS\lib\armv6m-ti-none-eabi\</path>
         <kind>archive</kind>
         <file>libclang_rt.builtins.a</file>
         <name>adddf3.S.obj</name>
      </input_file>
      <input_file id="fl-12f">
         <path>D:\ti\ccs2051\ccs\tools\compiler\ti-cgt-armllvm_4.0.4.LTS\lib\armv6m-ti-none-eabi\</path>
         <kind>archive</kind>
         <file>libclang_rt.builtins.a</file>
         <name>muldf3.S.obj</name>
      </input_file>
      <input_file id="fl-130">
         <path>D:\ti\ccs2051\ccs\tools\compiler\ti-cgt-armllvm_4.0.4.LTS\lib\armv6m-ti-none-eabi\</path>
         <kind>archive</kind>
         <file>libclang_rt.builtins.a</file>
         <name>muldsi3.S.obj</name>
      </input_file>
      <input_file id="fl-131">
         <path>D:\ti\ccs2051\ccs\tools\compiler\ti-cgt-armllvm_4.0.4.LTS\lib\armv6m-ti-none-eabi\</path>
         <kind>archive</kind>
         <file>libclang_rt.builtins.a</file>
         <name>mulsf3.S.obj</name>
      </input_file>
      <input_file id="fl-132">
         <path>D:\ti\ccs2051\ccs\tools\compiler\ti-cgt-armllvm_4.0.4.LTS\lib\armv6m-ti-none-eabi\</path>
         <kind>archive</kind>
         <file>libclang_rt.builtins.a</file>
         <name>divsf3.S.obj</name>
      </input_file>
      <input_file id="fl-133">
         <path>D:\ti\ccs2051\ccs\tools\compiler\ti-cgt-armllvm_4.0.4.LTS\lib\armv6m-ti-none-eabi\</path>
         <kind>archive</kind>
         <file>libclang_rt.builtins.a</file>
         <name>divdf3.S.obj</name>
      </input_file>
      <input_file id="fl-134">
         <path>D:\ti\ccs2051\ccs\tools\compiler\ti-cgt-armllvm_4.0.4.LTS\lib\armv6m-ti-none-eabi\</path>
         <kind>archive</kind>
         <file>libclang_rt.builtins.a</file>
         <name>extendsfdf2.S.obj</name>
      </input_file>
      <input_file id="fl-135">
         <path>D:\ti\ccs2051\ccs\tools\compiler\ti-cgt-armllvm_4.0.4.LTS\lib\armv6m-ti-none-eabi\</path>
         <kind>archive</kind>
         <file>libclang_rt.builtins.a</file>
         <name>fixdfsi.S.obj</name>
      </input_file>
      <input_file id="fl-136">
         <path>D:\ti\ccs2051\ccs\tools\compiler\ti-cgt-armllvm_4.0.4.LTS\lib\armv6m-ti-none-eabi\</path>
         <kind>archive</kind>
         <file>libclang_rt.builtins.a</file>
         <name>fixsfsi.S.obj</name>
      </input_file>
      <input_file id="fl-137">
         <path>D:\ti\ccs2051\ccs\tools\compiler\ti-cgt-armllvm_4.0.4.LTS\lib\armv6m-ti-none-eabi\</path>
         <kind>archive</kind>
         <file>libclang_rt.builtins.a</file>
         <name>fixunssfsi.S.obj</name>
      </input_file>
      <input_file id="fl-138">
         <path>D:\ti\ccs2051\ccs\tools\compiler\ti-cgt-armllvm_4.0.4.LTS\lib\armv6m-ti-none-eabi\</path>
         <kind>archive</kind>
         <file>libclang_rt.builtins.a</file>
         <name>floatsidf.S.obj</name>
      </input_file>
      <input_file id="fl-139">
         <path>D:\ti\ccs2051\ccs\tools\compiler\ti-cgt-armllvm_4.0.4.LTS\lib\armv6m-ti-none-eabi\</path>
         <kind>archive</kind>
         <file>libclang_rt.builtins.a</file>
         <name>floatsisf.S.obj</name>
      </input_file>
      <input_file id="fl-13a">
         <path>D:\ti\ccs2051\ccs\tools\compiler\ti-cgt-armllvm_4.0.4.LTS\lib\armv6m-ti-none-eabi\</path>
         <kind>archive</kind>
         <file>libclang_rt.builtins.a</file>
         <name>floatunsisf.S.obj</name>
      </input_file>
      <input_file id="fl-13b">
         <path>D:\ti\ccs2051\ccs\tools\compiler\ti-cgt-armllvm_4.0.4.LTS\lib\armv6m-ti-none-eabi\</path>
         <kind>archive</kind>
         <file>libclang_rt.builtins.a</file>
         <name>muldi3.S.obj</name>
      </input_file>
      <input_file id="fl-13c">
         <path>D:\ti\ccs2051\ccs\tools\compiler\ti-cgt-armllvm_4.0.4.LTS\lib\armv6m-ti-none-eabi\</path>
         <kind>archive</kind>
         <file>libclang_rt.builtins.a</file>
         <name>clzsi2.c.obj</name>
      </input_file>
      <input_file id="fl-13d">
         <path>D:\ti\ccs2051\ccs\tools\compiler\ti-cgt-armllvm_4.0.4.LTS\lib\armv6m-ti-none-eabi\</path>
         <kind>archive</kind>
         <file>libclang_rt.builtins.a</file>
         <name>aeabi_dcmp.S.obj</name>
      </input_file>
      <input_file id="fl-13e">
         <path>D:\ti\ccs2051\ccs\tools\compiler\ti-cgt-armllvm_4.0.4.LTS\lib\armv6m-ti-none-eabi\</path>
         <kind>archive</kind>
         <file>libclang_rt.builtins.a</file>
         <name>aeabi_fcmp.S.obj</name>
      </input_file>
      <input_file id="fl-13f">
         <path>D:\ti\ccs2051\ccs\tools\compiler\ti-cgt-armllvm_4.0.4.LTS\lib\armv6m-ti-none-eabi\</path>
         <kind>archive</kind>
         <file>libclang_rt.builtins.a</file>
         <name>aeabi_idivmod.S.obj</name>
      </input_file>
      <input_file id="fl-140">
         <path>D:\ti\ccs2051\ccs\tools\compiler\ti-cgt-armllvm_4.0.4.LTS\lib\armv6m-ti-none-eabi\</path>
         <kind>archive</kind>
         <file>libclang_rt.builtins.a</file>
         <name>aeabi_memcpy.S.obj</name>
      </input_file>
      <input_file id="fl-141">
         <path>D:\ti\ccs2051\ccs\tools\compiler\ti-cgt-armllvm_4.0.4.LTS\lib\armv6m-ti-none-eabi\</path>
         <kind>archive</kind>
         <file>libclang_rt.builtins.a</file>
         <name>aeabi_memmove.S.obj</name>
      </input_file>
      <input_file id="fl-142">
         <path>D:\ti\ccs2051\ccs\tools\compiler\ti-cgt-armllvm_4.0.4.LTS\lib\armv6m-ti-none-eabi\</path>
         <kind>archive</kind>
         <file>libclang_rt.builtins.a</file>
         <name>aeabi_memset.S.obj</name>
      </input_file>
      <input_file id="fl-143">
         <path>D:\ti\ccs2051\ccs\tools\compiler\ti-cgt-armllvm_4.0.4.LTS\lib\armv6m-ti-none-eabi\</path>
         <kind>archive</kind>
         <file>libclang_rt.builtins.a</file>
         <name>aeabi_uidivmod.S.obj</name>
      </input_file>
      <input_file id="fl-144">
         <path>D:\ti\ccs2051\ccs\tools\compiler\ti-cgt-armllvm_4.0.4.LTS\lib\armv6m-ti-none-eabi\</path>
         <kind>archive</kind>
         <file>libclang_rt.builtins.a</file>
         <name>aeabi_uldivmod.S.obj</name>
      </input_file>
      <input_file id="fl-145">
         <path>D:\ti\ccs2051\ccs\tools\compiler\ti-cgt-armllvm_4.0.4.LTS\lib\armv6m-ti-none-eabi\</path>
         <kind>archive</kind>
         <file>libclang_rt.builtins.a</file>
         <name>comparesf2.S.obj</name>
      </input_file>
      <input_file id="fl-146">
         <path>D:\ti\ccs2051\ccs\tools\compiler\ti-cgt-armllvm_4.0.4.LTS\lib\armv6m-ti-none-eabi\</path>
         <kind>archive</kind>
         <file>libclang_rt.builtins.a</file>
         <name>udivmoddi4.S.obj</name>
      </input_file>
      <input_file id="fl-147">
         <path>D:\ti\ccs2051\ccs\tools\compiler\ti-cgt-armllvm_4.0.4.LTS\lib\armv6m-ti-none-eabi\</path>
         <kind>archive</kind>
         <file>libclang_rt.builtins.a</file>
         <name>ashldi3.S.obj</name>
      </input_file>
      <input_file id="fl-148">
         <path>D:\ti\ccs2051\ccs\tools\compiler\ti-cgt-armllvm_4.0.4.LTS\lib\armv6m-ti-none-eabi\</path>
         <kind>archive</kind>
         <file>libclang_rt.builtins.a</file>
         <name>comparedf2.c.obj</name>
      </input_file>
      <input_file id="fl-149">
         <path>D:\ti\ccs2051\ccs\tools\compiler\ti-cgt-armllvm_4.0.4.LTS\lib\armv6m-ti-none-eabi\</path>
         <kind>archive</kind>
         <file>libclang_rt.builtins.a</file>
         <name>aeabi_div0.c.obj</name>
      </input_file>
      <input_file id="fl-14a">
         <path>D:\ti\ccs2051\ccs\tools\compiler\ti-cgt-armllvm_4.0.4.LTS\lib\armv6m-ti-none-eabi\c\</path>
         <kind>archive</kind>
         <file>libc.a</file>
         <name>getdevice.c.obj</name>
      </input_file>
      <input_file id="fl-14b">
         <path>D:\ti\ccs2051\ccs\tools\compiler\ti-cgt-armllvm_4.0.4.LTS\lib\armv6m-ti-none-eabi\c\</path>
         <kind>archive</kind>
         <file>libc.a</file>
         <name>memcpy16.S.obj</name>
      </input_file>
      <input_file id="fl-14c">
         <path>D:\ti\ccs2051\ccs\tools\compiler\ti-cgt-armllvm_4.0.4.LTS\lib\armv6m-ti-none-eabi\c\</path>
         <kind>archive</kind>
         <file>libc.a</file>
         <name>memset16.S.obj</name>
      </input_file>
      <input_file id="fl-14d">
         <path>D:\ti\ccs2051\ccs\tools\compiler\ti-cgt-armllvm_4.0.4.LTS\lib\armv6m-ti-none-eabi\c\</path>
         <kind>archive</kind>
         <file>libc.a</file>
         <name>strcmp-armv6m.S.obj</name>
      </input_file>
      <input_file id="fl-14e">
         <path>D:\ti\ccs2051\ccs\tools\compiler\ti-cgt-armllvm_4.0.4.LTS\lib\armv6m-ti-none-eabi\c\</path>
         <kind>archive</kind>
         <file>libc.a</file>
         <name>memmov.c.obj</name>
      </input_file>
   </input_file_list>
   <object_component_list>
      <object_component id="oc-1a">
         <name>.intvecs</name>
         <load_address>0x0</load_address>
         <readonly>true</readonly>
         <run_address>0x0</run_address>
         <size>0xc0</size>
         <alignment>0x4</alignment>
         <input_file_ref idref="fl-3"/>
      </object_component>
      <object_component id="oc-165">
         <name>.text.arm_cfft_f32</name>
         <load_address>0x8080</load_address>
         <readonly>true</readonly>
         <executable>true</executable>
         <run_address>0x8080</run_address>
         <size>0xb72</size>
         <alignment>0x4</alignment>
         <input_file_ref idref="fl-32"/>
      </object_component>
      <object_component id="oc-35">
         <name>.text.Default_Handler</name>
         <load_address>0x8bf2</load_address>
         <readonly>true</readonly>
         <executable>true</executable>
         <run_address>0x8bf2</run_address>
         <size>0x2</size>
         <alignment>0x2</alignment>
         <input_file_ref idref="fl-3"/>
      </object_component>
      <object_component id="oc-10c">
         <name>.text.fft_find_peaks</name>
         <load_address>0x8bf4</load_address>
         <readonly>true</readonly>
         <executable>true</executable>
         <run_address>0x8bf4</run_address>
         <size>0xa2c</size>
         <alignment>0x4</alignment>
         <input_file_ref idref="fl-7"/>
      </object_component>
      <object_component id="oc-21e">
         <name>.text:__TI_printfi</name>
         <load_address>0x9620</load_address>
         <readonly>true</readonly>
         <executable>true</executable>
         <run_address>0x9620</run_address>
         <size>0x9d0</size>
         <alignment>0x4</alignment>
         <input_file_ref idref="fl-6b"/>
      </object_component>
      <object_component id="oc-1c7">
         <name>.text.arm_radix8_butterfly_f32</name>
         <load_address>0x9ff0</load_address>
         <readonly>true</readonly>
         <executable>true</executable>
         <run_address>0x9ff0</run_address>
         <size>0x8cc</size>
         <alignment>0x4</alignment>
         <input_file_ref idref="fl-35"/>
      </object_component>
      <object_component id="oc-10b">
         <name>.text.fft_process</name>
         <load_address>0xa8bc</load_address>
         <readonly>true</readonly>
         <executable>true</executable>
         <run_address>0xa8bc</run_address>
         <size>0x6d0</size>
         <alignment>0x4</alignment>
         <input_file_ref idref="fl-7"/>
      </object_component>
      <object_component id="oc-104">
         <name>.text.fft_prepare</name>
         <load_address>0xaf8c</load_address>
         <readonly>true</readonly>
         <executable>true</executable>
         <run_address>0xaf8c</run_address>
         <size>0x3b0</size>
         <alignment>0x4</alignment>
         <input_file_ref idref="fl-7"/>
      </object_component>
      <object_component id="oc-10d">
         <name>.text.fft_get_axis</name>
         <load_address>0xb33c</load_address>
         <readonly>true</readonly>
         <executable>true</executable>
         <run_address>0xb33c</run_address>
         <size>0x2ec</size>
         <alignment>0x4</alignment>
         <input_file_ref idref="fl-7"/>
      </object_component>
      <object_component id="oc-1ad">
         <name>.text.SYSCFG_DL_SYSCTL_SYSPLL_init</name>
         <load_address>0xb628</load_address>
         <readonly>true</readonly>
         <executable>true</executable>
         <run_address>0xb628</run_address>
         <size>0x2a8</size>
         <alignment>0x4</alignment>
         <input_file_ref idref="fl-2"/>
      </object_component>
      <object_component id="oc-10e">
         <name>.text.THD_HarmonicEnergy</name>
         <load_address>0xb8d0</load_address>
         <readonly>true</readonly>
         <executable>true</executable>
         <run_address>0xb8d0</run_address>
         <size>0x29c</size>
         <alignment>0x4</alignment>
         <input_file_ref idref="fl-f"/>
      </object_component>
      <object_component id="oc-23f">
         <name>.text._pconv_a</name>
         <load_address>0xbb6c</load_address>
         <readonly>true</readonly>
         <executable>true</executable>
         <run_address>0xbb6c</run_address>
         <size>0x220</size>
         <alignment>0x4</alignment>
         <input_file_ref idref="fl-6b"/>
      </object_component>
      <object_component id="oc-244">
         <name>.text._pconv_g</name>
         <load_address>0xbd8c</load_address>
         <readonly>true</readonly>
         <executable>true</executable>
         <run_address>0xbd8c</run_address>
         <size>0x1dc</size>
         <alignment>0x4</alignment>
         <input_file_ref idref="fl-6b"/>
      </object_component>
      <object_component id="oc-1d4">
         <name>.text.atanf</name>
         <load_address>0xbf68</load_address>
         <readonly>true</readonly>
         <executable>true</executable>
         <run_address>0xbf68</run_address>
         <size>0x1c8</size>
         <alignment>0x4</alignment>
         <input_file_ref idref="fl-5c"/>
      </object_component>
      <object_component id="oc-280">
         <name>.text.adddf3_subdf3</name>
         <load_address>0xc130</load_address>
         <readonly>true</readonly>
         <executable>true</executable>
         <run_address>0xc130</run_address>
         <size>0x192</size>
         <alignment>0x4</alignment>
         <input_file_ref idref="fl-12e"/>
      </object_component>
      <object_component id="oc-fc">
         <name>.text.Task_100ms</name>
         <load_address>0xc2c2</load_address>
         <readonly>true</readonly>
         <executable>true</executable>
         <run_address>0xc2c2</run_address>
         <size>0x2</size>
         <alignment>0x2</alignment>
         <input_file_ref idref="fl-10"/>
      </object_component>
      <object_component id="oc-284">
         <name>.text.fcvt</name>
         <load_address>0xc2c4</load_address>
         <readonly>true</readonly>
         <executable>true</executable>
         <run_address>0xc2c4</run_address>
         <size>0x13c</size>
         <alignment>0x4</alignment>
         <input_file_ref idref="fl-6b"/>
      </object_component>
      <object_component id="oc-bd">
         <name>.text.ADC_Proc</name>
         <load_address>0xc400</load_address>
         <readonly>true</readonly>
         <executable>true</executable>
         <run_address>0xc400</run_address>
         <size>0x128</size>
         <alignment>0x4</alignment>
         <input_file_ref idref="fl-e"/>
      </object_component>
      <object_component id="oc-246">
         <name>.text._pconv_e</name>
         <load_address>0xc528</load_address>
         <readonly>true</readonly>
         <executable>true</executable>
         <run_address>0xc528</run_address>
         <size>0x120</size>
         <alignment>0x4</alignment>
         <input_file_ref idref="fl-6b"/>
      </object_component>
      <object_component id="oc-169">
         <name>.text.atan2f</name>
         <load_address>0xc648</load_address>
         <readonly>true</readonly>
         <executable>true</executable>
         <run_address>0xc648</run_address>
         <size>0x118</size>
         <alignment>0x4</alignment>
         <input_file_ref idref="fl-59"/>
      </object_component>
      <object_component id="oc-1cb">
         <name>.text.arm_bitreversal_32</name>
         <load_address>0xc760</load_address>
         <readonly>true</readonly>
         <executable>true</executable>
         <run_address>0xc760</run_address>
         <size>0x112</size>
         <alignment>0x2</alignment>
         <input_file_ref idref="fl-3a"/>
      </object_component>
      <object_component id="oc-fb">
         <name>.text.Task_10ms</name>
         <load_address>0xc872</load_address>
         <readonly>true</readonly>
         <executable>true</executable>
         <run_address>0xc872</run_address>
         <size>0x2</size>
         <alignment>0x2</alignment>
         <input_file_ref idref="fl-10"/>
      </object_component>
      <object_component id="oc-27c">
         <name>.text.__divdf3</name>
         <load_address>0xc874</load_address>
         <readonly>true</readonly>
         <executable>true</executable>
         <run_address>0xc874</run_address>
         <size>0x10c</size>
         <alignment>0x4</alignment>
         <input_file_ref idref="fl-133"/>
      </object_component>
      <object_component id="oc-1b6">
         <name>.text.DL_Timer_initTimerMode</name>
         <load_address>0xc980</load_address>
         <readonly>true</readonly>
         <executable>true</executable>
         <run_address>0xc980</run_address>
         <size>0xfc</size>
         <alignment>0x4</alignment>
         <input_file_ref idref="fl-3f"/>
      </object_component>
      <object_component id="oc-bb">
         <name>.text.Scheduler_Run</name>
         <load_address>0xca7c</load_address>
         <readonly>true</readonly>
         <executable>true</executable>
         <run_address>0xca7c</run_address>
         <size>0xfc</size>
         <alignment>0x4</alignment>
         <input_file_ref idref="fl-10"/>
      </object_component>
      <object_component id="oc-1ac">
         <name>.text.DL_SYSCTL_configSYSPLL</name>
         <load_address>0xcb78</load_address>
         <readonly>true</readonly>
         <executable>true</executable>
         <run_address>0xcb78</run_address>
         <size>0xf8</size>
         <alignment>0x4</alignment>
         <input_file_ref idref="fl-41"/>
      </object_component>
      <object_component id="oc-b5">
         <name>.text.ADC_Init</name>
         <load_address>0xcc70</load_address>
         <readonly>true</readonly>
         <executable>true</executable>
         <run_address>0xcc70</run_address>
         <size>0xe8</size>
         <alignment>0x4</alignment>
         <input_file_ref idref="fl-a"/>
      </object_component>
      <object_component id="oc-26c">
         <name>.text.__muldf3</name>
         <load_address>0xcd58</load_address>
         <readonly>true</readonly>
         <executable>true</executable>
         <run_address>0xcd58</run_address>
         <size>0xe4</size>
         <alignment>0x4</alignment>
         <input_file_ref idref="fl-12f"/>
      </object_component>
      <object_component id="oc-25b">
         <name>.text.scalbn</name>
         <load_address>0xce3c</load_address>
         <readonly>true</readonly>
         <executable>true</executable>
         <run_address>0xce3c</run_address>
         <size>0xd8</size>
         <alignment>0x4</alignment>
         <input_file_ref idref="fl-78"/>
      </object_component>
      <object_component id="oc-15f">
         <name>.text</name>
         <load_address>0xcf14</load_address>
         <readonly>true</readonly>
         <executable>true</executable>
         <run_address>0xcf14</run_address>
         <size>0xd8</size>
         <alignment>0x4</alignment>
         <input_file_ref idref="fl-12d"/>
      </object_component>
      <object_component id="oc-12d">
         <name>.text.Serial_Printf</name>
         <load_address>0xcfec</load_address>
         <readonly>true</readonly>
         <executable>true</executable>
         <run_address>0xcfec</run_address>
         <size>0xd0</size>
         <alignment>0x4</alignment>
         <input_file_ref idref="fl-c"/>
      </object_component>
      <object_component id="oc-c3">
         <name>.text.UART_Proc</name>
         <load_address>0xd0bc</load_address>
         <readonly>true</readonly>
         <executable>true</executable>
         <run_address>0xd0bc</run_address>
         <size>0xc8</size>
         <alignment>0x4</alignment>
         <input_file_ref idref="fl-e"/>
      </object_component>
      <object_component id="oc-10a">
         <name>.text.fft_window</name>
         <load_address>0xd184</load_address>
         <readonly>true</readonly>
         <executable>true</executable>
         <run_address>0xd184</run_address>
         <size>0xbc</size>
         <alignment>0x2</alignment>
         <input_file_ref idref="fl-7"/>
      </object_component>
      <object_component id="oc-151">
         <name>.text.SYSCFG_DL_SYSCTL_init</name>
         <load_address>0xd240</load_address>
         <readonly>true</readonly>
         <executable>true</executable>
         <run_address>0xd240</run_address>
         <size>0xb0</size>
         <alignment>0x4</alignment>
         <input_file_ref idref="fl-2"/>
      </object_component>
      <object_component id="oc-252">
         <name>.text</name>
         <load_address>0xd2f0</load_address>
         <readonly>true</readonly>
         <executable>true</executable>
         <run_address>0xd2f0</run_address>
         <size>0xa2</size>
         <alignment>0x4</alignment>
         <input_file_ref idref="fl-146"/>
      </object_component>
      <object_component id="oc-fe">
         <name>.text.Task_1min</name>
         <load_address>0xd392</load_address>
         <readonly>true</readonly>
         <executable>true</executable>
         <run_address>0xd392</run_address>
         <size>0x2</size>
         <alignment>0x2</alignment>
         <input_file_ref idref="fl-10"/>
      </object_component>
      <object_component id="oc-120">
         <name>.text.THD_Compute</name>
         <load_address>0xd394</load_address>
         <readonly>true</readonly>
         <executable>true</executable>
         <run_address>0xd394</run_address>
         <size>0xa0</size>
         <alignment>0x4</alignment>
         <input_file_ref idref="fl-f"/>
      </object_component>
      <object_component id="oc-16d">
         <name>.text.sqrtf</name>
         <load_address>0xd434</load_address>
         <readonly>true</readonly>
         <executable>true</executable>
         <run_address>0xd434</run_address>
         <size>0xa0</size>
         <alignment>0x4</alignment>
         <input_file_ref idref="fl-5b"/>
      </object_component>
      <object_component id="oc-aa">
         <name>.text:memcpy</name>
         <load_address>0xd4d4</load_address>
         <readonly>true</readonly>
         <executable>true</executable>
         <run_address>0xd4d4</run_address>
         <size>0x9a</size>
         <alignment>0x1</alignment>
         <input_file_ref idref="fl-14b"/>
      </object_component>
      <object_component id="oc-fa">
         <name>.text.Task_1ms</name>
         <load_address>0xd56e</load_address>
         <readonly>true</readonly>
         <executable>true</executable>
         <run_address>0xd56e</run_address>
         <size>0x2</size>
         <alignment>0x2</alignment>
         <input_file_ref idref="fl-10"/>
      </object_component>
      <object_component id="oc-155">
         <name>.text.SYSCFG_DL_ADC12_0_init</name>
         <load_address>0xd570</load_address>
         <readonly>true</readonly>
         <executable>true</executable>
         <run_address>0xd570</run_address>
         <size>0x98</size>
         <alignment>0x4</alignment>
         <input_file_ref idref="fl-2"/>
      </object_component>
      <object_component id="oc-154">
         <name>.text.SYSCFG_DL_HMI_init</name>
         <load_address>0xd608</load_address>
         <readonly>true</readonly>
         <executable>true</executable>
         <run_address>0xd608</run_address>
         <size>0x90</size>
         <alignment>0x4</alignment>
         <input_file_ref idref="fl-2"/>
      </object_component>
      <object_component id="oc-b6">
         <name>.text.ADC_StartNormal</name>
         <load_address>0xd698</load_address>
         <readonly>true</readonly>
         <executable>true</executable>
         <run_address>0xd698</run_address>
         <size>0x8c</size>
         <alignment>0x4</alignment>
         <input_file_ref idref="fl-a"/>
      </object_component>
      <object_component id="oc-11c">
         <name>.text.__mulsf3</name>
         <load_address>0xd724</load_address>
         <readonly>true</readonly>
         <executable>true</executable>
         <run_address>0xd724</run_address>
         <size>0x8c</size>
         <alignment>0x4</alignment>
         <input_file_ref idref="fl-131"/>
      </object_component>
      <object_component id="oc-1a6">
         <name>.text.DL_SYSCTL_setHFCLKSourceHFXTParams</name>
         <load_address>0xd7b0</load_address>
         <readonly>true</readonly>
         <executable>true</executable>
         <run_address>0xd7b0</run_address>
         <size>0x88</size>
         <alignment>0x4</alignment>
         <input_file_ref idref="fl-41"/>
      </object_component>
      <object_component id="oc-118">
         <name>.text.__divsf3</name>
         <load_address>0xd838</load_address>
         <readonly>true</readonly>
         <executable>true</executable>
         <run_address>0xd838</run_address>
         <size>0x82</size>
         <alignment>0x4</alignment>
         <input_file_ref idref="fl-132"/>
      </object_component>
      <object_component id="oc-fd">
         <name>.text.Task_1sec</name>
         <load_address>0xd8ba</load_address>
         <readonly>true</readonly>
         <executable>true</executable>
         <run_address>0xd8ba</run_address>
         <size>0x2</size>
         <alignment>0x2</alignment>
         <input_file_ref idref="fl-10"/>
      </object_component>
      <object_component id="oc-1e">
         <name>.text:decompress:lzss</name>
         <load_address>0xd8bc</load_address>
         <readonly>true</readonly>
         <executable>true</executable>
         <run_address>0xd8bc</run_address>
         <size>0x7c</size>
         <alignment>0x4</alignment>
         <input_file_ref idref="fl-6a"/>
      </object_component>
      <object_component id="oc-135">
         <name>.text.Protocol_ParseByte</name>
         <load_address>0xd938</load_address>
         <readonly>true</readonly>
         <executable>true</executable>
         <run_address>0xd938</run_address>
         <size>0x74</size>
         <alignment>0x4</alignment>
         <input_file_ref idref="fl-d"/>
      </object_component>
      <object_component id="oc-27a">
         <name>.text.__gedf2</name>
         <load_address>0xd9ac</load_address>
         <readonly>true</readonly>
         <executable>true</executable>
         <run_address>0xd9ac</run_address>
         <size>0x74</size>
         <alignment>0x4</alignment>
         <input_file_ref idref="fl-148"/>
      </object_component>
      <object_component id="oc-134">
         <name>.text.Serial_RxReadAll</name>
         <load_address>0xda20</load_address>
         <readonly>true</readonly>
         <executable>true</executable>
         <run_address>0xda20</run_address>
         <size>0x70</size>
         <alignment>0x4</alignment>
         <input_file_ref idref="fl-c"/>
      </object_component>
      <object_component id="oc-274">
         <name>.text.__ledf2</name>
         <load_address>0xda90</load_address>
         <readonly>true</readonly>
         <executable>true</executable>
         <run_address>0xda90</run_address>
         <size>0x68</size>
         <alignment>0x4</alignment>
         <input_file_ref idref="fl-148"/>
      </object_component>
      <object_component id="oc-273">
         <name>.text._mcpy</name>
         <load_address>0xdaf8</load_address>
         <readonly>true</readonly>
         <executable>true</executable>
         <run_address>0xdaf8</run_address>
         <size>0x66</size>
         <alignment>0x2</alignment>
         <input_file_ref idref="fl-6b"/>
      </object_component>
      <object_component id="oc-e1">
         <name>.text.__aeabi_idiv0</name>
         <load_address>0xdb5e</load_address>
         <readonly>true</readonly>
         <executable>true</executable>
         <run_address>0xdb5e</run_address>
         <size>0x2</size>
         <alignment>0x2</alignment>
         <input_file_ref idref="fl-149"/>
      </object_component>
      <object_component id="oc-240">
         <name>.text.__aeabi_dcmp</name>
         <load_address>0xdb60</load_address>
         <readonly>true</readonly>
         <executable>true</executable>
         <run_address>0xdb60</run_address>
         <size>0x62</size>
         <alignment>0x4</alignment>
         <input_file_ref idref="fl-13d"/>
      </object_component>
      <object_component id="oc-286">
         <name>.text.__aeabi_ldiv0</name>
         <load_address>0xdbc2</load_address>
         <readonly>true</readonly>
         <executable>true</executable>
         <run_address>0xdbc2</run_address>
         <size>0x2</size>
         <alignment>0x2</alignment>
         <input_file_ref idref="fl-149"/>
      </object_component>
      <object_component id="oc-114">
         <name>.text.__aeabi_fcmp</name>
         <load_address>0xdbc4</load_address>
         <readonly>true</readonly>
         <executable>true</executable>
         <run_address>0xdbc4</run_address>
         <size>0x62</size>
         <alignment>0x4</alignment>
         <input_file_ref idref="fl-13e"/>
      </object_component>
      <object_component id="oc-ed">
         <name>.text:memset</name>
         <load_address>0xdc26</load_address>
         <readonly>true</readonly>
         <executable>true</executable>
         <run_address>0xdc26</run_address>
         <size>0x62</size>
         <alignment>0x1</alignment>
         <input_file_ref idref="fl-14c"/>
      </object_component>
      <object_component id="oc-257">
         <name>.text.frexp</name>
         <load_address>0xdc88</load_address>
         <readonly>true</readonly>
         <executable>true</executable>
         <run_address>0xdc88</run_address>
         <size>0x5c</size>
         <alignment>0x4</alignment>
         <input_file_ref idref="fl-77"/>
      </object_component>
      <object_component id="oc-1f5">
         <name>.text.DL_FactoryRegion_initTrimTable</name>
         <load_address>0xdce4</load_address>
         <readonly>true</readonly>
         <executable>true</executable>
         <run_address>0xdce4</run_address>
         <size>0x58</size>
         <alignment>0x4</alignment>
         <input_file_ref idref="fl-42"/>
      </object_component>
      <object_component id="oc-263">
         <name>.text.__TI_ltoa</name>
         <load_address>0xdd3c</load_address>
         <readonly>true</readonly>
         <executable>true</executable>
         <run_address>0xdd3c</run_address>
         <size>0x58</size>
         <alignment>0x2</alignment>
         <input_file_ref idref="fl-73"/>
      </object_component>
      <object_component id="oc-245">
         <name>.text._pconv_f</name>
         <load_address>0xdd94</load_address>
         <readonly>true</readonly>
         <executable>true</executable>
         <run_address>0xdd94</run_address>
         <size>0x58</size>
         <alignment>0x2</alignment>
         <input_file_ref idref="fl-6b"/>
      </object_component>
      <object_component id="oc-293">
         <name>.text.__aeabi_idivmod</name>
         <load_address>0xddec</load_address>
         <readonly>true</readonly>
         <executable>true</executable>
         <run_address>0xddec</run_address>
         <size>0x56</size>
         <alignment>0x4</alignment>
         <input_file_ref idref="fl-13f"/>
      </object_component>
      <object_component id="oc-14f">
         <name>.text.SYSCFG_DL_initPower</name>
         <load_address>0xde44</load_address>
         <readonly>true</readonly>
         <executable>true</executable>
         <run_address>0xde44</run_address>
         <size>0x54</size>
         <alignment>0x4</alignment>
         <input_file_ref idref="fl-2"/>
      </object_component>
      <object_component id="oc-3c">
         <name>.text.UART0_IRQHandler</name>
         <load_address>0xde98</load_address>
         <readonly>true</readonly>
         <executable>true</executable>
         <run_address>0xde98</run_address>
         <size>0x54</size>
         <alignment>0x4</alignment>
         <input_file_ref idref="fl-1"/>
      </object_component>
      <object_component id="oc-271">
         <name>.text._ecpy</name>
         <load_address>0xdeec</load_address>
         <readonly>true</readonly>
         <executable>true</executable>
         <run_address>0xdeec</run_address>
         <size>0x52</size>
         <alignment>0x2</alignment>
         <input_file_ref idref="fl-6b"/>
      </object_component>
      <object_component id="oc-6e">
         <name>.text.Serial_RxPushByte</name>
         <load_address>0xdf40</load_address>
         <readonly>true</readonly>
         <executable>true</executable>
         <run_address>0xdf40</run_address>
         <size>0x50</size>
         <alignment>0x4</alignment>
         <input_file_ref idref="fl-c"/>
      </object_component>
      <object_component id="oc-7d">
         <name>.text.main</name>
         <load_address>0xdf90</load_address>
         <readonly>true</readonly>
         <executable>true</executable>
         <run_address>0xdf90</run_address>
         <size>0x50</size>
         <alignment>0x4</alignment>
         <input_file_ref idref="fl-1"/>
      </object_component>
      <object_component id="oc-201">
         <name>.text.DL_DMA_initChannel</name>
         <load_address>0xdfe0</load_address>
         <readonly>true</readonly>
         <executable>true</executable>
         <run_address>0xdfe0</run_address>
         <size>0x4c</size>
         <alignment>0x4</alignment>
         <input_file_ref idref="fl-3e"/>
      </object_component>
      <object_component id="oc-25f">
         <name>.text.__fixdfsi</name>
         <load_address>0xe02c</load_address>
         <readonly>true</readonly>
         <executable>true</executable>
         <run_address>0xe02c</run_address>
         <size>0x4a</size>
         <alignment>0x4</alignment>
         <input_file_ref idref="fl-135"/>
      </object_component>
      <object_component id="oc-1ba">
         <name>.text.DL_UART_init</name>
         <load_address>0xe078</load_address>
         <readonly>true</readonly>
         <executable>true</executable>
         <run_address>0xe078</run_address>
         <size>0x48</size>
         <alignment>0x4</alignment>
         <input_file_ref idref="fl-40"/>
      </object_component>
      <object_component id="oc-12e">
         <name>.text.Protocol_DistName</name>
         <load_address>0xe0c0</load_address>
         <readonly>true</readonly>
         <executable>true</executable>
         <run_address>0xe0c0</run_address>
         <size>0x48</size>
         <alignment>0x4</alignment>
         <input_file_ref idref="fl-d"/>
      </object_component>
      <object_component id="oc-1ae">
         <name>.text.DL_SYSCTL_switchMCLKfromSYSOSCtoHSCLK</name>
         <load_address>0xe108</load_address>
         <readonly>true</readonly>
         <executable>true</executable>
         <run_address>0xe108</run_address>
         <size>0x44</size>
         <alignment>0x4</alignment>
         <input_file_ref idref="fl-41"/>
      </object_component>
      <object_component id="oc-1bd">
         <name>.text.DL_ADC12_setClockConfig</name>
         <load_address>0xe14c</load_address>
         <readonly>true</readonly>
         <executable>true</executable>
         <run_address>0xe14c</run_address>
         <size>0x40</size>
         <alignment>0x4</alignment>
         <input_file_ref idref="fl-3c"/>
      </object_component>
      <object_component id="oc-153">
         <name>.text.SYSCFG_DL_TIMER_0_init</name>
         <load_address>0xe18c</load_address>
         <readonly>true</readonly>
         <executable>true</executable>
         <run_address>0xe18c</run_address>
         <size>0x40</size>
         <alignment>0x4</alignment>
         <input_file_ref idref="fl-2"/>
      </object_component>
      <object_component id="oc-b4">
         <name>.text.SampleTimer_SetRate</name>
         <load_address>0xe1cc</load_address>
         <readonly>true</readonly>
         <executable>true</executable>
         <run_address>0xe1cc</run_address>
         <size>0x40</size>
         <alignment>0x4</alignment>
         <input_file_ref idref="fl-b"/>
      </object_component>
      <object_component id="oc-9e">
         <name>.text.__aeabi_uidivmod</name>
         <load_address>0xe20c</load_address>
         <readonly>true</readonly>
         <executable>true</executable>
         <run_address>0xe20c</run_address>
         <size>0x40</size>
         <alignment>0x4</alignment>
         <input_file_ref idref="fl-143"/>
      </object_component>
      <object_component id="oc-129">
         <name>.text.__extendsfdf2</name>
         <load_address>0xe24c</load_address>
         <readonly>true</readonly>
         <executable>true</executable>
         <run_address>0xe24c</run_address>
         <size>0x40</size>
         <alignment>0x4</alignment>
         <input_file_ref idref="fl-134"/>
      </object_component>
      <object_component id="oc-22e">
         <name>.text.atoi</name>
         <load_address>0xe28c</load_address>
         <readonly>true</readonly>
         <executable>true</executable>
         <run_address>0xe28c</run_address>
         <size>0x40</size>
         <alignment>0x4</alignment>
         <input_file_ref idref="fl-75"/>
      </object_component>
      <object_component id="oc-185">
         <name>.text.vsnprintf</name>
         <load_address>0xe2cc</load_address>
         <readonly>true</readonly>
         <executable>true</executable>
         <run_address>0xe2cc</run_address>
         <size>0x40</size>
         <alignment>0x4</alignment>
         <input_file_ref idref="fl-5e"/>
      </object_component>
      <object_component id="oc-63">
         <name>.text.ADC_IRQHandler</name>
         <load_address>0xe30c</load_address>
         <readonly>true</readonly>
         <executable>true</executable>
         <run_address>0xe30c</run_address>
         <size>0x3c</size>
         <alignment>0x4</alignment>
         <input_file_ref idref="fl-a"/>
      </object_component>
      <object_component id="oc-150">
         <name>.text.SYSCFG_DL_GPIO_init</name>
         <load_address>0xe348</load_address>
         <readonly>true</readonly>
         <executable>true</executable>
         <run_address>0xe348</run_address>
         <size>0x3c</size>
         <alignment>0x4</alignment>
         <input_file_ref idref="fl-2"/>
      </object_component>
      <object_component id="oc-b2">
         <name>.text.SampleTimer_Init</name>
         <load_address>0xe384</load_address>
         <readonly>true</readonly>
         <executable>true</executable>
         <run_address>0xe384</run_address>
         <size>0x3c</size>
         <alignment>0x4</alignment>
         <input_file_ref idref="fl-b"/>
      </object_component>
      <object_component id="oc-17c">
         <name>.text.__gtsf2</name>
         <load_address>0xe3c0</load_address>
         <readonly>true</readonly>
         <executable>true</executable>
         <run_address>0xe3c0</run_address>
         <size>0x3c</size>
         <alignment>0x4</alignment>
         <input_file_ref idref="fl-145"/>
      </object_component>
      <object_component id="oc-cb">
         <name>.text:__TI_auto_init_nobinit_nopinit</name>
         <load_address>0xe3fc</load_address>
         <readonly>true</readonly>
         <executable>true</executable>
         <run_address>0xe3fc</run_address>
         <size>0x3c</size>
         <alignment>0x4</alignment>
         <input_file_ref idref="fl-65"/>
      </object_component>
      <object_component id="oc-177">
         <name>.text.__eqsf2</name>
         <load_address>0xe438</load_address>
         <readonly>true</readonly>
         <executable>true</executable>
         <run_address>0xe438</run_address>
         <size>0x3a</size>
         <alignment>0x4</alignment>
         <input_file_ref idref="fl-145"/>
      </object_component>
      <object_component id="oc-17f">
         <name>.text.__muldsi3</name>
         <load_address>0xe474</load_address>
         <readonly>true</readonly>
         <executable>true</executable>
         <run_address>0xe474</run_address>
         <size>0x3a</size>
         <alignment>0x4</alignment>
         <input_file_ref idref="fl-130"/>
      </object_component>
      <object_component id="oc-136">
         <name>.text.Serial_RxRead</name>
         <load_address>0xe4b0</load_address>
         <readonly>true</readonly>
         <executable>true</executable>
         <run_address>0xe4b0</run_address>
         <size>0x38</size>
         <alignment>0x4</alignment>
         <input_file_ref idref="fl-c"/>
      </object_component>
      <object_component id="oc-b0">
         <name>.text.Serial_Init</name>
         <load_address>0xe4e8</load_address>
         <readonly>true</readonly>
         <executable>true</executable>
         <run_address>0xe4e8</run_address>
         <size>0x34</size>
         <alignment>0x4</alignment>
         <input_file_ref idref="fl-c"/>
      </object_component>
      <object_component id="oc-18b">
         <name>.text.DL_UART_transmitDataBlocking</name>
         <load_address>0xe51c</load_address>
         <readonly>true</readonly>
         <executable>true</executable>
         <run_address>0xe51c</run_address>
         <size>0x30</size>
         <alignment>0x4</alignment>
         <input_file_ref idref="fl-40"/>
      </object_component>
      <object_component id="oc-157">
         <name>.text.SYSCFG_DL_SYSTICK_init</name>
         <load_address>0xe54c</load_address>
         <readonly>true</readonly>
         <executable>true</executable>
         <run_address>0xe54c</run_address>
         <size>0x30</size>
         <alignment>0x4</alignment>
         <input_file_ref idref="fl-2"/>
      </object_component>
      <object_component id="oc-ee">
         <name>.text.SYSCFG_DL_init</name>
         <load_address>0xe57c</load_address>
         <readonly>true</readonly>
         <executable>true</executable>
         <run_address>0xe57c</run_address>
         <size>0x30</size>
         <alignment>0x4</alignment>
         <input_file_ref idref="fl-2"/>
      </object_component>
      <object_component id="oc-b1">
         <name>.text.Serial_RxInit</name>
         <load_address>0xe5ac</load_address>
         <readonly>true</readonly>
         <executable>true</executable>
         <run_address>0xe5ac</run_address>
         <size>0x30</size>
         <alignment>0x4</alignment>
         <input_file_ref idref="fl-c"/>
      </object_component>
      <object_component id="oc-272">
         <name>.text._fcpy</name>
         <load_address>0xe5dc</load_address>
         <readonly>true</readonly>
         <executable>true</executable>
         <run_address>0xe5dc</run_address>
         <size>0x30</size>
         <alignment>0x2</alignment>
         <input_file_ref idref="fl-6b"/>
      </object_component>
      <object_component id="oc-1ee">
         <name>.text._outs</name>
         <load_address>0xe60c</load_address>
         <readonly>true</readonly>
         <executable>true</executable>
         <run_address>0xe60c</run_address>
         <size>0x30</size>
         <alignment>0x2</alignment>
         <input_file_ref idref="fl-5e"/>
      </object_component>
      <object_component id="oc-267">
         <name>.text.__floatsidf</name>
         <load_address>0xe63c</load_address>
         <readonly>true</readonly>
         <executable>true</executable>
         <run_address>0xe63c</run_address>
         <size>0x2c</size>
         <alignment>0x4</alignment>
         <input_file_ref idref="fl-138"/>
      </object_component>
      <object_component id="oc-15b">
         <name>.text.__floatunsisf</name>
         <load_address>0xe668</load_address>
         <readonly>true</readonly>
         <executable>true</executable>
         <run_address>0xe668</run_address>
         <size>0x28</size>
         <alignment>0x4</alignment>
         <input_file_ref idref="fl-13a"/>
      </object_component>
      <object_component id="oc-58">
         <name>.text:_c_int00_noargs</name>
         <load_address>0xe690</load_address>
         <readonly>true</readonly>
         <executable>true</executable>
         <run_address>0xe690</run_address>
         <size>0x28</size>
         <alignment>0x4</alignment>
         <input_file_ref idref="fl-63"/>
      </object_component>
      <object_component id="oc-1c4">
         <name>.text.SYSCFG_DL_DMA_CH2_init</name>
         <load_address>0xe6b8</load_address>
         <readonly>true</readonly>
         <executable>true</executable>
         <run_address>0xe6b8</run_address>
         <size>0x24</size>
         <alignment>0x4</alignment>
         <input_file_ref idref="fl-2"/>
      </object_component>
      <object_component id="oc-b7">
         <name>.text.Scheduler_Init</name>
         <load_address>0xe6dc</load_address>
         <readonly>true</readonly>
         <executable>true</executable>
         <run_address>0xe6dc</run_address>
         <size>0x24</size>
         <alignment>0x4</alignment>
         <input_file_ref idref="fl-10"/>
      </object_component>
      <object_component id="oc-236">
         <name>.text.__muldi3</name>
         <load_address>0xe700</load_address>
         <readonly>true</readonly>
         <executable>true</executable>
         <run_address>0xe700</run_address>
         <size>0x24</size>
         <alignment>0x4</alignment>
         <input_file_ref idref="fl-13b"/>
      </object_component>
      <object_component id="oc-227">
         <name>.text.memccpy</name>
         <load_address>0xe724</load_address>
         <readonly>true</readonly>
         <executable>true</executable>
         <run_address>0xe724</run_address>
         <size>0x22</size>
         <alignment>0x2</alignment>
         <input_file_ref idref="fl-76"/>
      </object_component>
      <object_component id="oc-156">
         <name>.text.SYSCFG_DL_DMA_init</name>
         <load_address>0xe748</load_address>
         <readonly>true</readonly>
         <executable>true</executable>
         <run_address>0xe748</run_address>
         <size>0x20</size>
         <alignment>0x4</alignment>
         <input_file_ref idref="fl-2"/>
      </object_component>
      <object_component id="oc-287">
         <name>.text.__ashldi3</name>
         <load_address>0xe768</load_address>
         <readonly>true</readonly>
         <executable>true</executable>
         <run_address>0xe768</run_address>
         <size>0x1e</size>
         <alignment>0x4</alignment>
         <input_file_ref idref="fl-147"/>
      </object_component>
      <object_component id="oc-1fc">
         <name>.text.DL_SYSCTL_configFCC</name>
         <load_address>0xe788</load_address>
         <readonly>true</readonly>
         <executable>true</executable>
         <run_address>0xe788</run_address>
         <size>0x1c</size>
         <alignment>0x4</alignment>
         <input_file_ref idref="fl-41"/>
      </object_component>
      <object_component id="oc-1b0">
         <name>.text.DL_Timer_setClockConfig</name>
         <load_address>0xe7a4</load_address>
         <readonly>true</readonly>
         <executable>true</executable>
         <run_address>0xe7a4</run_address>
         <size>0x1c</size>
         <alignment>0x4</alignment>
         <input_file_ref idref="fl-3f"/>
      </object_component>
      <object_component id="oc-96">
         <name>.text.DL_UART_receiveDataCheck</name>
         <load_address>0xe7c0</load_address>
         <readonly>true</readonly>
         <executable>true</executable>
         <run_address>0xe7c0</run_address>
         <size>0x1c</size>
         <alignment>0x4</alignment>
         <input_file_ref idref="fl-40"/>
      </object_component>
      <object_component id="oc-f5">
         <name>.text.SampleTimer_Start</name>
         <load_address>0xe7dc</load_address>
         <readonly>true</readonly>
         <executable>true</executable>
         <run_address>0xe7dc</run_address>
         <size>0x18</size>
         <alignment>0x4</alignment>
         <input_file_ref idref="fl-b"/>
      </object_component>
      <object_component id="oc-137">
         <name>.text.Serial_RxAvailable</name>
         <load_address>0xe7f4</load_address>
         <readonly>true</readonly>
         <executable>true</executable>
         <run_address>0xe7f4</run_address>
         <size>0x18</size>
         <alignment>0x4</alignment>
         <input_file_ref idref="fl-c"/>
      </object_component>
      <object_component id="oc-1ef">
         <name>.text._outc</name>
         <load_address>0xe80c</load_address>
         <readonly>true</readonly>
         <executable>true</executable>
         <run_address>0xe80c</run_address>
         <size>0x18</size>
         <alignment>0x2</alignment>
         <input_file_ref idref="fl-5e"/>
      </object_component>
      <object_component id="oc-23b">
         <name>.text.__aeabi_uldivmod</name>
         <load_address>0xe824</load_address>
         <readonly>true</readonly>
         <executable>true</executable>
         <run_address>0xe824</run_address>
         <size>0x14</size>
         <alignment>0x4</alignment>
         <input_file_ref idref="fl-144"/>
      </object_component>
      <object_component id="oc-270">
         <name>.text.strchr</name>
         <load_address>0xe838</load_address>
         <readonly>true</readonly>
         <executable>true</executable>
         <run_address>0xe838</run_address>
         <size>0x14</size>
         <alignment>0x2</alignment>
[...]
         <value>0x0</value>
      </symbol>
      <symbol id="sm-1d7">
         <name>__TI_ATRegion2_region_sz</name>
         <value>0x0</value>
      </symbol>
      <symbol id="sm-1de">
         <name>arm_cfft_sR_f32_len2048</name>
         <value>0x8030</value>
         <object_component_ref idref="oc-171"/>
      </symbol>
      <symbol id="sm-1f9">
         <name>arm_cfft_f32</name>
         <value>0x8081</value>
         <object_component_ref idref="oc-165"/>
      </symbol>
      <symbol id="sm-207">
         <name>arm_radix8_butterfly_f32</name>
         <value>0x9ff1</value>
         <object_component_ref idref="oc-1c7"/>
      </symbol>
      <symbol id="sm-20e">
         <name>twiddleCoef_2048</name>
         <value>0xc0</value>
         <object_component_ref idref="oc-1e5"/>
      </symbol>
      <symbol id="sm-20f">
         <name>armBitRevIndexTable2048</name>
         <value>0x60c0</value>
         <object_component_ref idref="oc-1e7"/>
      </symbol>
      <symbol id="sm-21a">
         <name>arm_bitreversal_32</name>
         <value>0xc761</value>
         <object_component_ref idref="oc-1cb"/>
      </symbol>
      <symbol id="sm-226">
         <name>DL_ADC12_setClockConfig</name>
         <value>0xe14d</value>
         <object_component_ref idref="oc-1bd"/>
      </symbol>
      <symbol id="sm-22f">
         <name>DL_Common_delayCycles</name>
         <value>0xe925</value>
         <object_component_ref idref="oc-1a2"/>
      </symbol>
      <symbol id="sm-239">
         <name>DL_DMA_initChannel</name>
         <value>0xdfe1</value>
         <object_component_ref idref="oc-201"/>
      </symbol>
      <symbol id="sm-249">
         <name>DL_Timer_setClockConfig</name>
         <value>0xe7a5</value>
         <object_component_ref idref="oc-1b0"/>
      </symbol>
      <symbol id="sm-24a">
         <name>DL_Timer_initTimerMode</name>
         <value>0xc981</value>
         <object_component_ref idref="oc-1b6"/>
      </symbol>
      <symbol id="sm-25d">
         <name>DL_UART_init</name>
         <value>0xe079</value>
         <object_component_ref idref="oc-1ba"/>
      </symbol>
      <symbol id="sm-25e">
         <name>DL_UART_setClockConfig</name>
         <value>0xe84d</value>
         <object_component_ref idref="oc-1b9"/>
      </symbol>
      <symbol id="sm-25f">
         <name>DL_UART_transmitDataBlocking</name>
         <value>0xe51d</value>
         <object_component_ref idref="oc-18b"/>
      </symbol>
      <symbol id="sm-260">
         <name>DL_UART_receiveDataCheck</name>
         <value>0xe7c1</value>
         <object_component_ref idref="oc-96"/>
      </symbol>
      <symbol id="sm-274">
         <name>DL_SYSCTL_configSYSPLL</name>
         <value>0xcb79</value>
         <object_component_ref idref="oc-1ac"/>
      </symbol>
      <symbol id="sm-275">
         <name>DL_SYSCTL_switchMCLKfromSYSOSCtoHSCLK</name>
         <value>0xe109</value>
         <object_component_ref idref="oc-1ae"/>
      </symbol>
      <symbol id="sm-276">
         <name>DL_SYSCTL_setHFCLKSourceHFXTParams</name>
         <value>0xd7b1</value>
         <object_component_ref idref="oc-1a6"/>
      </symbol>
      <symbol id="sm-277">
         <name>DL_SYSCTL_configFCC</name>
         <value>0xe789</value>
         <object_component_ref idref="oc-1fc"/>
      </symbol>
      <symbol id="sm-280">
         <name>DL_FactoryRegion_initTrimTable</name>
         <value>0xdce5</value>
         <object_component_ref idref="oc-1f5"/>
      </symbol>
      <symbol id="sm-281">
         <name>DL_FACTORYREGION_TrimTable</name>
         <value>0x202082fc</value>
         <object_component_ref idref="oc-21f"/>
      </symbol>
      <symbol id="sm-282">
         <name>FACTORYVALUE</name>
         <value>0x20208340</value>
         <object_component_ref idref="oc-1f9"/>
      </symbol>
      <symbol id="sm-290">
         <name>atan2f</name>
         <value>0xc649</value>
         <object_component_ref idref="oc-169"/>
      </symbol>
      <symbol id="sm-29b">
         <name>sqrtf</name>
         <value>0xd435</value>
         <object_component_ref idref="oc-16d"/>
      </symbol>
      <symbol id="sm-2af">
         <name>atanf</name>
         <value>0xbf69</value>
         <object_component_ref idref="oc-1d4"/>
      </symbol>
      <symbol id="sm-2c1">
         <name>vsnprintf</name>
         <value>0xe2cd</value>
         <object_component_ref idref="oc-185"/>
      </symbol>
      <symbol id="sm-2cc">
         <name>__aeabi_errno_addr</name>
         <value>0xe965</value>
         <object_component_ref idref="oc-1dd"/>
      </symbol>
      <symbol id="sm-2cd">
         <name>__aeabi_errno</name>
         <value>0x20208344</value>
         <object_component_ref idref="oc-210"/>
      </symbol>
      <symbol id="sm-2db">
         <name>_c_int00_noargs</name>
         <value>0xe691</value>
         <object_component_ref idref="oc-58"/>
      </symbol>
      <symbol id="sm-2dc">
         <name>__stack</name>
         <value>0x2020ff00</value>
         <object_component_ref idref="oc-1c"/>
      </symbol>
      <symbol id="sm-2e8">
         <name>__TI_auto_init_nobinit_nopinit</name>
         <value>0xe3fd</value>
         <object_component_ref idref="oc-cb"/>
      </symbol>
      <symbol id="sm-2f0">
         <name>_system_pre_init</name>
         <value>0xe9b1</value>
         <object_component_ref idref="oc-79"/>
      </symbol>
      <symbol id="sm-2fb">
         <name>__TI_zero_init</name>
         <value>0xe8b1</value>
         <object_component_ref idref="oc-55"/>
      </symbol>
      <symbol id="sm-304">
         <name>__TI_decompress_none</name>
         <value>0xe85f</value>
         <object_component_ref idref="oc-22"/>
      </symbol>
      <symbol id="sm-30f">
         <name>__TI_decompress_lzss</name>
         <value>0xd8bd</value>
         <object_component_ref idref="oc-1e"/>
      </symbol>
      <symbol id="sm-358">
         <name>__TI_printfi</name>
         <value>0x9621</value>
         <object_component_ref idref="oc-21e"/>
      </symbol>
      <symbol id="sm-367">
         <name>abort</name>
         <value>0xe98d</value>
         <object_component_ref idref="oc-c4"/>
      </symbol>
      <symbol id="sm-371">
         <name>__TI_ltoa</name>
         <value>0xdd3d</value>
         <object_component_ref idref="oc-263"/>
      </symbol>
      <symbol id="sm-37c">
         <name>atoi</name>
         <value>0xe28d</value>
         <object_component_ref idref="oc-22e"/>
      </symbol>
      <symbol id="sm-385">
         <name>memccpy</name>
         <value>0xe725</value>
         <object_component_ref idref="oc-227"/>
      </symbol>
      <symbol id="sm-38f">
         <name>frexp</name>
         <value>0xdc89</value>
         <object_component_ref idref="oc-257"/>
      </symbol>
      <symbol id="sm-390">
         <name>frexpl</name>
         <value>0xdc89</value>
         <object_component_ref idref="oc-257"/>
      </symbol>
      <symbol id="sm-39a">
         <name>scalbn</name>
         <value>0xce3d</value>
         <object_component_ref idref="oc-25b"/>
      </symbol>
      <symbol id="sm-39b">
         <name>ldexp</name>
         <value>0xce3d</value>
         <object_component_ref idref="oc-25b"/>
      </symbol>
      <symbol id="sm-39c">
         <name>scalbnl</name>
         <value>0xce3d</value>
         <object_component_ref idref="oc-25b"/>
      </symbol>
      <symbol id="sm-39d">
         <name>ldexpl</name>
         <value>0xce3d</value>
         <object_component_ref idref="oc-25b"/>
      </symbol>
      <symbol id="sm-3a6">
         <name>wcslen</name>
         <value>0xe8a1</value>
         <object_component_ref idref="oc-232"/>
      </symbol>
      <symbol id="sm-3a9">
         <name>__aeabi_ctype_table_</name>
         <value>0x7e80</value>
         <object_component_ref idref="oc-24a"/>
      </symbol>
      <symbol id="sm-3aa">
         <name>__aeabi_ctype_table_C</name>
         <value>0x7e80</value>
         <object_component_ref idref="oc-24a"/>
      </symbol>
      <symbol id="sm-3b3">
         <name>HOSTexit</name>
         <value>0xe993</value>
         <object_component_ref idref="oc-13b"/>
      </symbol>
      <symbol id="sm-3b4">
         <name>C$$EXIT</name>
         <value>0xe992</value>
         <object_component_ref idref="oc-13b"/>
      </symbol>
      <symbol id="sm-3c9">
         <name>__aeabi_fadd</name>
         <value>0xcf1f</value>
         <object_component_ref idref="oc-15f"/>
      </symbol>
      <symbol id="sm-3ca">
         <name>__addsf3</name>
         <value>0xcf1f</value>
         <object_component_ref idref="oc-15f"/>
      </symbol>
      <symbol id="sm-3cb">
         <name>__aeabi_fsub</name>
         <value>0xcf15</value>
         <object_component_ref idref="oc-15f"/>
      </symbol>
      <symbol id="sm-3cc">
         <name>__subsf3</name>
         <value>0xcf15</value>
         <object_component_ref idref="oc-15f"/>
      </symbol>
      <symbol id="sm-3d5">
         <name>__aeabi_dadd</name>
         <value>0xc13b</value>
         <object_component_ref idref="oc-280"/>
      </symbol>
      <symbol id="sm-3d6">
         <name>__adddf3</name>
         <value>0xc13b</value>
         <object_component_ref idref="oc-280"/>
      </symbol>
      <symbol id="sm-3d7">
         <name>__aeabi_dsub</name>
         <value>0xc131</value>
         <object_component_ref idref="oc-280"/>
      </symbol>
      <symbol id="sm-3d8">
         <name>__subdf3</name>
         <value>0xc131</value>
         <object_component_ref idref="oc-280"/>
      </symbol>
      <symbol id="sm-3e1">
         <name>__aeabi_dmul</name>
         <value>0xcd59</value>
         <object_component_ref idref="oc-26c"/>
      </symbol>
      <symbol id="sm-3e2">
         <name>__muldf3</name>
         <value>0xcd59</value>
         <object_component_ref idref="oc-26c"/>
      </symbol>
      <symbol id="sm-3e8">
         <name>__muldsi3</name>
         <value>0xe475</value>
         <object_component_ref idref="oc-17f"/>
      </symbol>
      <symbol id="sm-3ee">
         <name>__aeabi_fmul</name>
         <value>0xd725</value>
         <object_component_ref idref="oc-11c"/>
      </symbol>
      <symbol id="sm-3ef">
         <name>__mulsf3</name>
         <value>0xd725</value>
         <object_component_ref idref="oc-11c"/>
      </symbol>
      <symbol id="sm-3f5">
         <name>__aeabi_fdiv</name>
         <value>0xd839</value>
         <object_component_ref idref="oc-118"/>
      </symbol>
      <symbol id="sm-3f6">
         <name>__divsf3</name>
         <value>0xd839</value>
         <object_component_ref idref="oc-118"/>
      </symbol>
      <symbol id="sm-3ff">
         <name>__aeabi_ddiv</name>
         <value>0xc875</value>
         <object_component_ref idref="oc-27c"/>
      </symbol>
      <symbol id="sm-400">
         <name>__divdf3</name>
         <value>0xc875</value>
         <object_component_ref idref="oc-27c"/>
      </symbol>
      <symbol id="sm-406">
         <name>__aeabi_f2d</name>
         <value>0xe24d</value>
         <object_component_ref idref="oc-129"/>
      </symbol>
      <symbol id="sm-407">
         <name>__extendsfdf2</name>
         <value>0xe24d</value>
         <object_component_ref idref="oc-129"/>
      </symbol>
      <symbol id="sm-40d">
         <name>__aeabi_d2iz</name>
         <value>0xe02d</value>
         <object_component_ref idref="oc-25f"/>
      </symbol>
      <symbol id="sm-40e">
         <name>__fixdfsi</name>
         <value>0xe02d</value>
         <object_component_ref idref="oc-25f"/>
      </symbol>
      <symbol id="sm-414">
         <name>__aeabi_i2d</name>
         <value>0xe63d</value>
         <object_component_ref idref="oc-267"/>
      </symbol>
      <symbol id="sm-415">
         <name>__floatsidf</name>
         <value>0xe63d</value>
         <object_component_ref idref="oc-267"/>
      </symbol>
      <symbol id="sm-41b">
         <name>__aeabi_ui2f</name>
         <value>0xe669</value>
         <object_component_ref idref="oc-15b"/>
      </symbol>
      <symbol id="sm-41c">
         <name>__floatunsisf</name>
         <value>0xe669</value>
         <object_component_ref idref="oc-15b"/>
      </symbol>
      <symbol id="sm-422">
         <name>__aeabi_lmul</name>
         <value>0xe701</value>
         <object_component_ref idref="oc-236"/>
      </symbol>
      <symbol id="sm-423">
         <name>__muldi3</name>
         <value>0xe701</value>
         <object_component_ref idref="oc-236"/>
      </symbol>
      <symbol id="sm-42a">
         <name>__aeabi_dcmpeq</name>
         <value>0xdb61</value>
         <object_component_ref idref="oc-240"/>
      </symbol>
      <symbol id="sm-42b">
         <name>__aeabi_dcmplt</name>
         <value>0xdb75</value>
         <object_component_ref idref="oc-240"/>
      </symbol>
      <symbol id="sm-42c">
         <name>__aeabi_dcmple</name>
         <value>0xdb89</value>
         <object_component_ref idref="oc-240"/>
      </symbol>
      <symbol id="sm-42d">
         <name>__aeabi_dcmpge</name>
         <value>0xdb9d</value>
         <object_component_ref idref="oc-240"/>
      </symbol>
      <symbol id="sm-42e">
         <name>__aeabi_dcmpgt</name>
         <value>0xdbb1</value>
         <object_component_ref idref="oc-240"/>
      </symbol>
      <symbol id="sm-434">
         <name>__aeabi_fcmpeq</name>
         <value>0xdbc5</value>
         <object_component_ref idref="oc-114"/>
      </symbol>
      <symbol id="sm-435">
         <name>__aeabi_fcmplt</name>
         <value>0xdbd9</value>
         <object_component_ref idref="oc-114"/>
      </symbol>
      <symbol id="sm-436">
         <name>__aeabi_fcmple</name>
         <value>0xdbed</value>
         <object_component_ref idref="oc-114"/>
      </symbol>
      <symbol id="sm-437">
         <name>__aeabi_fcmpge</name>
         <value>0xdc01</value>
         <object_component_ref idref="oc-114"/>
      </symbol>
      <symbol id="sm-438">
         <name>__aeabi_fcmpgt</name>
         <value>0xdc15</value>
         <object_component_ref idref="oc-114"/>
      </symbol>
      <symbol id="sm-43e">
         <name>__aeabi_idiv</name>
         <value>0xdded</value>
         <object_component_ref idref="oc-293"/>
      </symbol>
      <symbol id="sm-43f">
         <name>__aeabi_idivmod</name>
         <value>0xdded</value>
         <object_component_ref idref="oc-293"/>
      </symbol>
      <symbol id="sm-445">
         <name>__aeabi_memcpy</name>
         <value>0xe96d</value>
         <object_component_ref idref="oc-48"/>
      </symbol>
      <symbol id="sm-446">
         <name>__aeabi_memcpy4</name>
         <value>0xe96d</value>
         <object_component_ref idref="oc-48"/>
      </symbol>
      <symbol id="sm-447">
         <name>__aeabi_memcpy8</name>
         <value>0xe96d</value>
         <object_component_ref idref="oc-48"/>
      </symbol>
      <symbol id="sm-450">
         <name>__aeabi_memset</name>
         <value>0xe8c1</value>
         <object_component_ref idref="oc-226"/>
      </symbol>
      <symbol id="sm-451">
         <name>__aeabi_memset4</name>
         <value>0xe8c1</value>
         <object_component_ref idref="oc-226"/>
      </symbol>
      <symbol id="sm-452">
         <name>__aeabi_memset8</name>
         <value>0xe8c1</value>
         <object_component_ref idref="oc-226"/>
      </symbol>
      <symbol id="sm-453">
         <name>__aeabi_memclr</name>
         <value>0xe919</value>
         <object_component_ref idref="oc-74"/>
      </symbol>
      <symbol id="sm-454">
         <name>__aeabi_memclr4</name>
         <value>0xe919</value>
         <object_component_ref idref="oc-74"/>
      </symbol>
      <symbol id="sm-455">
         <name>__aeabi_memclr8</name>
         <value>0xe919</value>
         <object_component_ref idref="oc-74"/>
      </symbol>
      <symbol id="sm-45b">
         <name>__aeabi_uidiv</name>
         <value>0xe20d</value>
         <object_component_ref idref="oc-9e"/>
      </symbol>
      <symbol id="sm-45c">
         <name>__aeabi_uidivmod</name>
         <value>0xe20d</value>
         <object_component_ref idref="oc-9e"/>
      </symbol>
      <symbol id="sm-462">
         <name>__aeabi_uldivmod</name>
         <value>0xe825</value>
         <object_component_ref idref="oc-23b"/>
      </symbol>
      <symbol id="sm-46b">
         <name>__eqsf2</name>
         <value>0xe439</value>
         <object_component_ref idref="oc-177"/>
      </symbol>
      <symbol id="sm-46c">
         <name>__lesf2</name>
         <value>0xe439</value>
         <object_component_ref idref="oc-177"/>
      </symbol>
      <symbol id="sm-46d">
         <name>__ltsf2</name>
         <value>0xe439</value>
         <object_component_ref idref="oc-177"/>
      </symbol>
      <symbol id="sm-46e">
         <name>__nesf2</name>
         <value>0xe439</value>
         <object_component_ref idref="oc-177"/>
      </symbol>
      <symbol id="sm-46f">
         <name>__cmpsf2</name>
         <value>0xe439</value>
         <object_component_ref idref="oc-177"/>
      </symbol>
      <symbol id="sm-470">
         <name>__gtsf2</name>
         <value>0xe3c1</value>
         <object_component_ref idref="oc-17c"/>
      </symbol>
      <symbol id="sm-471">
         <name>__gesf2</name>
         <value>0xe3c1</value>
         <object_component_ref idref="oc-17c"/>
      </symbol>
      <symbol id="sm-477">
         <name>__udivmoddi4</name>
         <value>0xd2f1</value>
         <object_component_ref idref="oc-252"/>
      </symbol>
      <symbol id="sm-47d">
         <name>__aeabi_llsl</name>
         <value>0xe769</value>
         <object_component_ref idref="oc-287"/>
      </symbol>
      <symbol id="sm-47e">
         <name>__ashldi3</name>
         <value>0xe769</value>
         <object_component_ref idref="oc-287"/>
      </symbol>
      <symbol id="sm-48c">
         <name>__ledf2</name>
         <value>0xda91</value>
         <object_component_ref idref="oc-274"/>
      </symbol>
      <symbol id="sm-48d">
         <name>__gedf2</name>
         <value>0xd9ad</value>
         <object_component_ref idref="oc-27a"/>
      </symbol>
      <symbol id="sm-48e">
         <name>__cmpdf2</name>
         <value>0xda91</value>
         <object_component_ref idref="oc-274"/>
      </symbol>
      <symbol id="sm-48f">
         <name>__eqdf2</name>
         <value>0xda91</value>
         <object_component_ref idref="oc-274"/>
      </symbol>
      <symbol id="sm-490">
         <name>__ltdf2</name>
         <value>0xda91</value>
         <object_component_ref idref="oc-274"/>
      </symbol>
      <symbol id="sm-491">
         <name>__nedf2</name>
         <value>0xda91</value>
         <object_component_ref idref="oc-274"/>
      </symbol>
      <symbol id="sm-492">
         <name>__gtdf2</name>
         <value>0xd9ad</value>
         <object_component_ref idref="oc-27a"/>
      </symbol>
      <symbol id="sm-49e">
         <name>__aeabi_idiv0</name>
         <value>0xdb5f</value>
         <object_component_ref idref="oc-e1"/>
      </symbol>
      <symbol id="sm-49f">
         <name>__aeabi_ldiv0</name>
         <value>0xdbc3</value>
         <object_component_ref idref="oc-286"/>
      </symbol>
      <symbol id="sm-4b9">
         <name>memcpy</name>
         <value>0xd4d5</value>
         <object_component_ref idref="oc-aa"/>
      </symbol>
      <symbol id="sm-4c8">
         <name>memset</name>
         <value>0xdc27</value>
         <object_component_ref idref="oc-ed"/>
      </symbol>
      <symbol id="sm-4ca">
         <name>__TI_static_base__</name>
         <value>0x0</value>
      </symbol>
      <symbol id="sm-4ce">
         <name>__mpu_init</name>
         <value>0x0</value>
      </symbol>
      <symbol id="sm-4cf">
         <name>_system_post_cinit</name>
         <value>0x0</value>
      </symbol>
   </symbol_table>
   <title>Link successful</title>
</link_info>
