******************************************************************************
            TI ARM Clang Linker PC v4.0.4                      
******************************************************************************
>> Linked Sat Jul  4 23:31:29 2026

OUTPUT FILE NAME:   <timx_timer_mode_capture_duty_and_period_LP_MSPM0G3519_nortos_ticlang.out>
ENTRY POINT SYMBOL: "_c_int00_noargs"  address: 00002a1d


MEMORY CONFIGURATION

         name            origin    length      used     unused   attr    fill
----------------------  --------  ---------  --------  --------  ----  --------
  FLASH                 00000000   00080000  00002ea0  0007d160  R  X
  SRAM_BANK0            20200000   00010000  0000038a  0000fc76  RW X
  SRAM_BANK1            20210000   00010000  00000000  00010000  RW X
  BCR_CONFIG            41c00000   000000ff  00000000  000000ff  R   
  BSL_CONFIG            41c00100   00000080  00000000  00000080  R   
  DATA                  41d00000   00004000  00000000  00004000  R   


SEGMENT ALLOCATION MAP

run origin  load origin   length   init length attrs members
----------  ----------- ---------- ----------- ----- -------
00000000    00000000    00002ea0   00002ea0    r-x
  00000000    00000000    000000c0   000000c0    r-- .intvecs
  000000c0    000000c0    00002c10   00002c10    r-x .text
  00002cd0    00002cd0    00000190   00000190    r-- .rodata
  00002e60    00002e60    00000040   00000040    r-- .cinit
20200000    20200000    0000028d   00000000    rw-
  20200000    20200000    00000225   00000000    rw- .bss
  20200228    20200228    00000044   00000000    rw- .TrimTable
  2020026c    2020026c    00000021   00000000    rw- .data
2020ff00    2020ff00    00000100   00000000    rw-
  2020ff00    2020ff00    00000100   00000000    rw- .stack


SECTION ALLOCATION MAP

 output                                  attributes/
section   page    origin      length       input sections
--------  ----  ----------  ----------   ----------------
.intvecs   0    00000000    000000c0     
                  00000000    000000c0     startup_mspm0g351x_ticlang.o (.intvecs)

.text      0    000000c0    00002c10     
                  000000c0    000009d0     libc.a : _printfi.c.obj (.text:__TI_printfi)
                  00000a90    000002a8     ti_msp_dl_config.o (.text.SYSCFG_DL_SYSCTL_SYSPLL_init)
                  00000d38    00000220     libc.a : _printfi.c.obj (.text._pconv_a)
                  00000f58    000001dc            : _printfi.c.obj (.text._pconv_g)
                  00001134    00000192     libclang_rt.builtins.a : adddf3.S.obj (.text.adddf3_subdf3)
                  000012c6    00000002     startup_mspm0g351x_ticlang.o (.text.Default_Handler)
                  000012c8    0000013c     libc.a : _printfi.c.obj (.text.fcvt)
                  00001404    00000120            : _printfi.c.obj (.text._pconv_e)
                  00001524    0000010c     libclang_rt.builtins.a : divdf3.S.obj (.text.__divdf3)
                  00001630    000000fc     scheduler.o (.text.Scheduler_Run)
                  0000172c    000000f8     driverlib.a : dl_sysctl_mspm0gx51x.o (.text.DL_SYSCTL_configSYSPLL)
                  00001824    000000e4     libclang_rt.builtins.a : muldf3.S.obj (.text.__muldf3)
                  00001908    000000d8     libc.a : s_scalbn.c.obj (.text.scalbn)
                  000019e0    000000d4     tasks.o (.text.ADC_Proc)
                  00001ab4    000000b0     ti_msp_dl_config.o (.text.SYSCFG_DL_SYSCTL_init)
                  00001b64    000000ac     uart.o (.text.Serial_Printf)
                  00001c10    000000a2     libclang_rt.builtins.a : udivmoddi4.S.obj (.text)
                  00001cb2    0000009a     libc.a : memcpy16.S.obj (.text:memcpy)
                  00001d4c    00000090     ti_msp_dl_config.o (.text.SYSCFG_DL_ADC12_0_init)
                  00001ddc    0000008c     libclang_rt.builtins.a : mulsf3.S.obj (.text.__mulsf3)
                  00001e68    00000088     driverlib.a : dl_sysctl_mspm0gx51x.o (.text.DL_SYSCTL_setHFCLKSourceHFXTParams)
                  00001ef0    00000088     ti_msp_dl_config.o (.text.SYSCFG_DL_UART_0_init)
                  00001f78    00000082     libclang_rt.builtins.a : divsf3.S.obj (.text.__divsf3)
                  00001ffa    00000002     scheduler.o (.text.Task_100ms)
                  00001ffc    00000080     driverlib.a : dl_uart.o (.text.DL_UART_configBaudRate)
                  0000207c    0000007c     libc.a : copy_decompress_lzss.c.obj (.text:decompress:lzss)
                  000020f8    00000074     libclang_rt.builtins.a : comparedf2.c.obj (.text.__gedf2)
                  0000216c    00000068                            : comparedf2.c.obj (.text.__ledf2)
                  000021d4    00000066     libc.a : _printfi.c.obj (.text._mcpy)
                  0000223a    00000002     scheduler.o (.text.Task_10ms)
                  0000223c    00000062     libclang_rt.builtins.a : aeabi_dcmp.S.obj (.text.__aeabi_dcmp)
                  0000229e    00000062     libc.a : memset16.S.obj (.text:memset)
                  00002300    0000005c            : s_frexp.c.obj (.text.frexp)
                  0000235c    00000058     driverlib.a : dl_factoryregion.o (.text.DL_FactoryRegion_initTrimTable)
                  000023b4    00000058     libc.a : _ltoa.c.obj (.text.__TI_ltoa)
                  0000240c    00000058            : _printfi.c.obj (.text._pconv_f)
                  00002464    00000056     libclang_rt.builtins.a : aeabi_idivmod.S.obj (.text.__aeabi_idivmod)
                  000024ba    00000002     scheduler.o (.text.Task_1min)
                  000024bc    00000054     uart.o (.text.Serial_Init)
                  00002510    00000052     libc.a : _printfi.c.obj (.text._ecpy)
                  00002562    00000002     scheduler.o (.text.Task_1ms)
                  00002564    0000004c     driverlib.a : dl_dma.o (.text.DL_DMA_initChannel)
                  000025b0    0000004a     libclang_rt.builtins.a : fixdfsi.S.obj (.text.__fixdfsi)
                  000025fa    00000002     scheduler.o (.text.Task_1sec)
                  000025fc    00000048     driverlib.a : dl_uart.o (.text.DL_UART_init)
                  00002644    00000048     ti_msp_dl_config.o (.text.SYSCFG_DL_initPower)
                  0000268c    00000044     driverlib.a : dl_sysctl_mspm0gx51x.o (.text.DL_SYSCTL_switchMCLKfromSYSOSCtoHSCLK)
                  000026d0    00000040                 : dl_adc12.o (.text.DL_ADC12_setClockConfig)
                  00002710    00000040     libclang_rt.builtins.a : aeabi_uidivmod.S.obj (.text.__aeabi_uidivmod)
                  00002750    00000040                            : extendsfdf2.S.obj (.text.__extendsfdf2)
                  00002790    00000040     libc.a : atoi.c.obj (.text.atoi)
                  000027d0    00000040            : vsnprintf.c.obj (.text.vsnprintf)
                  00002810    0000003c     ti_msp_dl_config.o (.text.SYSCFG_DL_GPIO_init)
                  0000284c    0000003c     libclang_rt.builtins.a : floatsisf.S.obj (.text.__floatsisf)
                  00002888    0000003c     libc.a : autoinit.c.obj (.text:__TI_auto_init_nobinit_nopinit)
                  000028c4    0000003a     libclang_rt.builtins.a : muldsi3.S.obj (.text.__muldsi3)
                  000028fe    00000002                            : aeabi_div0.c.obj (.text.__aeabi_idiv0)
                  00002900    00000030     driverlib.a : dl_uart.o (.text.DL_UART_transmitDataBlocking)
                  00002930    00000030     ti_msp_dl_config.o (.text.SYSCFG_DL_SYSTICK_init)
                  00002960    00000030     libc.a : _printfi.c.obj (.text._fcpy)
                  00002990    00000030            : vsnprintf.c.obj (.text._outs)
                  000029c0    00000030     timx_timer_mode_capture_duty_and_period.o (.text.main)
                  000029f0    0000002c     libclang_rt.builtins.a : floatsidf.S.obj (.text.__floatsidf)
                  00002a1c    00000028     libc.a : boot_cortex_m.c.obj (.text:_c_int00_noargs)
                  00002a44    00000024     ti_msp_dl_config.o (.text.SYSCFG_DL_DMA_CH2_init)
                  00002a68    00000024     scheduler.o (.text.Scheduler_Init)
                  00002a8c    00000024     libclang_rt.builtins.a : muldi3.S.obj (.text.__muldi3)
                  00002ab0    00000022     libc.a : memccpy.c.obj (.text.memccpy)
                  00002ad2    00000002     libclang_rt.builtins.a : aeabi_div0.c.obj (.text.__aeabi_ldiv0)
                  00002ad4    00000020     ti_msp_dl_config.o (.text.SYSCFG_DL_DMA_init)
                  00002af4    00000020     ti_msp_dl_config.o (.text.SYSCFG_DL_init)
                  00002b14    00000020     tasks.o (.text.UART_Proc)
                  00002b34    0000001e     libclang_rt.builtins.a : ashldi3.S.obj (.text.__ashldi3)
                  00002b52    00000002     --HOLE-- [fill = 0]
                  00002b54    0000001c     timx_timer_mode_capture_duty_and_period.o (.text.ADC1_IRQHandler)
                  00002b70    0000001c     driverlib.a : dl_sysctl_mspm0gx51x.o (.text.DL_SYSCTL_configFCC)
                  00002b8c    00000018     timx_timer_mode_capture_duty_and_period.o (.text.SysTick_Handler)
                  00002ba4    00000018     libc.a : vsnprintf.c.obj (.text._outc)
                  00002bbc    00000016            : copy_zero_init.c.obj (.text:decompress:ZI:__TI_zero_init_nomemset)
                  00002bd2    00000002     --HOLE-- [fill = 0]
                  00002bd4    00000014     libclang_rt.builtins.a : aeabi_uldivmod.S.obj (.text.__aeabi_uldivmod)
                  00002be8    00000014     libc.a : _printfi.c.obj (.text.strchr)
                  00002bfc    00000012     driverlib.a : dl_uart.o (.text.DL_UART_setClockConfig)
                  00002c0e    00000012     libc.a : copy_decompress_none.c.obj (.text:decompress:none)
                  00002c20    00000010            : wcslen.c.obj (.text.wcslen)
                  00002c30    0000000e     libclang_rt.builtins.a : aeabi_memset.S.obj (.text.__aeabi_memset)
                  00002c3e    0000000e     libc.a : _printfi.c.obj (.text.strlen)
                  00002c4c    0000000c     scheduler.o (.text.Scheduler_RegTask_10ms)
                  00002c58    0000000c     scheduler.o (.text.Scheduler_RegTask_1sec)
                  00002c64    0000000c     libclang_rt.builtins.a : aeabi_memset.S.obj (.text.__aeabi_memclr)
                  00002c70    0000000a     driverlib.a : dl_common.o (.text.DL_Common_delayCycles)
                  00002c7a    0000000a     libc.a : _printfi.c.obj (.text.OUTLINED_FUNCTION_0)
                  00002c84    00000010     libclang_rt.builtins.a : adddf3.S.obj (.tramp.__aeabi_dsub.1)
                  00002c94    0000000a     libc.a : _printfi.c.obj (.text.OUTLINED_FUNCTION_1)
                  00002c9e    00000008     bsp.o (.text.BSP_Init)
                  00002ca6    00000002     --HOLE-- [fill = 0]
                  00002ca8    00000008     libc.a : aeabi_portable.c.obj (.text.__aeabi_errno_addr)
                  00002cb0    00000008     libclang_rt.builtins.a : aeabi_memcpy.S.obj (.text.__aeabi_memcpy)
                  00002cb8    00000006     libc.a : exit.c.obj (.text:abort)
                  00002cbe    00000004     libsysbm.a : hostexit.c.obj (.text.HOSTexit)
                  00002cc2    00000004     startup_mspm0g351x_ticlang.o (.text.Reset_Handler)
                  00002cc6    00000004     libc.a : pre_init.c.obj (.text._system_pre_init)
                  00002cca    00000006     --HOLE-- [fill = 0]

.cinit     0    00002e60    00000040     
                  00002e60    0000000c     (.cinit..data.load) [load image, compression = lzss]
                  00002e6c    0000000c     (__TI_handler_table)
                  00002e78    00000008     (.cinit..TrimTable.load) [load image, compression = zero_init]
                  00002e80    00000008     (.cinit..bss.load) [load image, compression = zero_init]
                  00002e88    00000018     (__TI_cinit_table)

.rodata    0    00002cd0    00000190     
                  00002cd0    00000101     libc.a : aeabi_ctype.S.obj (.rodata:__aeabi_ctype_table_)
                  00002dd1    00000002     ti_msp_dl_config.o (.rodata.gUART_0ClockConfig)
                  00002dd3    00000001     --HOLE-- [fill = 0]
                  00002dd4    00000028     ti_msp_dl_config.o (.rodata.gSYSPLLConfig)
                  00002dfc    00000018     ti_msp_dl_config.o (.rodata.gDMA_CH2Config)
                  00002e14    00000016     tasks.o (.rodata.str1.13344916649340266805.1)
                  00002e2a    00000011     libc.a : _printfi.c.obj (.rodata.str1.10348868589481759720.1)
                  00002e3b    00000011            : _printfi.c.obj (.rodata.str1.15363888844622738466.1)
                  00002e4c    0000000a     ti_msp_dl_config.o (.rodata.gUART_0Config)
                  00002e56    00000002     --HOLE-- [fill = 0]
                  00002e58    00000008     ti_msp_dl_config.o (.rodata.gADC12_0ClockConfig)

.init_array 
*          0    00000000    00000000     UNINITIALIZED

.binit     0    00000000    00000000     

.bss       0    20200000    00000225     UNINITIALIZED
                  20200000    00000200     (.common:g_adc_buffer)
                  20200200    00000014     (.common:g_sched)
                  20200214    0000000c     (.common:g_wave_info)
                  20200220    00000004     scheduler.o (.bss.s_last_tick)
                  20200224    00000001     (.common:g_adc_dma_done)

.data      0    2020026c    00000021     UNINITIALIZED
                  2020026c    00000004     driverlib.a : dl_factoryregion.o (.data.FACTORYVALUE)
                  20200270    00000004     libc.a : aeabi_portable.c.obj (.data.__aeabi_errno)
                  20200274    00000004     scheduler.o (.data.g_ms_tick)
                  20200278    00000004     scheduler.o (.data.s_cb_100ms)
                  2020027c    00000004     scheduler.o (.data.s_cb_10ms)
                  20200280    00000004     scheduler.o (.data.s_cb_1min)
                  20200284    00000004     scheduler.o (.data.s_cb_1ms)
                  20200288    00000004     scheduler.o (.data.s_cb_1sec)
                  2020028c    00000001     uart.o (.data.s_uart_inited)

.TrimTable 
*          0    20200228    00000044     UNINITIALIZED
                  20200228    00000044     driverlib.a : dl_factoryregion.o (.TrimTable)

.stack     0    2020ff00    00000100     UNINITIALIZED
                  2020ff00    00000004     libc.a : boot_cortex_m.c.obj (.stack)
                  2020ff04    000000fc     --HOLE--

__llvm_prf_cnts 
*          0    20200000    00000000     UNINITIALIZED

__llvm_prf_bits 
*          0    20200000    00000000     UNINITIALIZED

MODULE SUMMARY

       Module                                      code    ro data   rw data
       ------                                      ----    -------   -------
    .\
       ti_msp_dl_config.o                          1416    84        0      
       timx_timer_mode_capture_duty_and_period.o   100     0         513    
       startup_mspm0g351x_ticlang.o                6       192       0      
    +--+-------------------------------------------+-------+---------+---------+
       Total:                                      1522    276       513    
                                                                            
    .\BSP\
       bsp.o                                       8       0         0      
    +--+-------------------------------------------+-------+---------+---------+
       Total:                                      8       0         0      
                                                                            
    .\BSP\uart\
       uart.o                                      256     0         1      
    +--+-------------------------------------------+-------+---------+---------+
       Total:                                      256     0         1      
                                                                            
    .\My_Task\
       tasks.o                                     244     22        12     
    +--+-------------------------------------------+-------+---------+---------+
       Total:                                      244     22        12     
                                                                            
    .\Scheduler\
       scheduler.o                                 322     0         48     
    +--+-------------------------------------------+-------+---------+---------+
       Total:                                      322     0         48     
                                                                            
    D:/ti/ccs2051/mspm0_sdk_2_10_00_04/source/ti/driverlib/lib/ticlang/m0p/mspm0gx51x/driverlib.a
       dl_sysctl_mspm0gx51x.o                      480     0         0      
       dl_uart.o                                   266     0         0      
       dl_factoryregion.o                          88      0         72     
       dl_dma.o                                    76      0         0      
       dl_adc12.o                                  64      0         0      
       dl_common.o                                 10      0         0      
    +--+-------------------------------------------+-------+---------+---------+
       Total:                                      984     0         72     
                                                                            
    D:\ti\ccs2051\ccs\tools\compiler\ti-cgt-armllvm_4.0.4.LTS\lib\armv6m-ti-none-eabi/c/libc.a
       _printfi.c.obj                              4510    34        0      
       aeabi_ctype.S.obj                           0       257       0      
       s_scalbn.c.obj                              216     0         0      
       memcpy16.S.obj                              154     0         0      
       vsnprintf.c.obj                             136     0         0      
       copy_decompress_lzss.c.obj                  124     0         0      
       memset16.S.obj                              98      0         0      
       s_frexp.c.obj                               92      0         0      
       _ltoa.c.obj                                 88      0         0      
       atoi.c.obj                                  64      0         0      
       autoinit.c.obj                              60      0         0      
       boot_cortex_m.c.obj                         40      0         0      
       memccpy.c.obj                               34      0         0      
       copy_zero_init.c.obj                        22      0         0      
       copy_decompress_none.c.obj                  18      0         0      
       wcslen.c.obj                                16      0         0      
       aeabi_portable.c.obj                        8       0         4      
       exit.c.obj                                  6       0         0      
       pre_init.c.obj                              4       0         0      
    +--+-------------------------------------------+-------+---------+---------+
       Total:                                      5690    291       4      
                                                                            
    D:\ti\ccs2051\ccs\tools\compiler\ti-cgt-armllvm_4.0.4.LTS\lib\armv6m-ti-none-eabi/c/libsysbm.a
       hostexit.c.obj                              4       0         0      
    +--+-------------------------------------------+-------+---------+---------+
       Total:                                      4       0         0      
                                                                            
    D:\ti\ccs2051\ccs\tools\compiler\ti-cgt-armllvm_4.0.4.LTS\lib\armv6m-ti-none-eabi/libclang_rt.builtins.a
       adddf3.S.obj                                418     0         0      
       divdf3.S.obj                                268     0         0      
       muldf3.S.obj                                228     0         0      
       comparedf2.c.obj                            220     0         0      
       udivmoddi4.S.obj                            162     0         0      
       mulsf3.S.obj                                140     0         0      
       divsf3.S.obj                                130     0         0      
       aeabi_dcmp.S.obj                            98      0         0      
       aeabi_idivmod.S.obj                         86      0         0      
       fixdfsi.S.obj                               74      0         0      
       aeabi_uidivmod.S.obj                        64      0         0      
       extendsfdf2.S.obj                           64      0         0      
       floatsisf.S.obj                             60      0         0      
       muldsi3.S.obj                               58      0         0      
       floatsidf.S.obj                             44      0         0      
       muldi3.S.obj                                36      0         0      
       ashldi3.S.obj                               30      0         0      
       aeabi_memset.S.obj                          26      0         0      
       aeabi_uldivmod.S.obj                        20      0         0      
       aeabi_memcpy.S.obj                          8       0         0      
       aeabi_div0.c.obj                            4       0         0      
    +--+-------------------------------------------+-------+---------+---------+
       Total:                                      2238    0         0      
                                                                            
       Stack:                                      0       0         256    
       Linker Generated:                           0       64        0      
    +--+-------------------------------------------+-------+---------+---------+
       Grand Total:                                11268   653       906    


LINKER GENERATED COPY TABLES

__TI_cinit_table @ 00002e88 records: 3, size/record: 8, table size: 24
	.data: load addr=00002e60, load size=0000000c bytes, run addr=2020026c, run size=00000021 bytes, compression=lzss
	.TrimTable: load addr=00002e78, load size=00000008 bytes, run addr=20200228, run size=00000044 bytes, compression=zero_init
	.bss: load addr=00002e80, load size=00000008 bytes, run addr=20200000, run size=00000225 bytes, compression=zero_init


LINKER GENERATED HANDLER TABLE

__TI_handler_table @ 00002e6c records: 3, size/record: 4, table size: 12
	index: 0, handler: __TI_decompress_lzss
	index: 1, handler: __TI_decompress_none
	index: 2, handler: __TI_zero_init


FAR CALL TRAMPOLINES

callee name               trampoline name
   callee addr  tramp addr   call addr  call info
--------------  -----------  ---------  ----------------
__aeabi_dsub              $Tramp$TT$L$PI$$__aeabi_dsub
   00001135     00002c84     00002c82   libc.a : _printfi.c.obj (.text.OUTLINED_FUNCTION_0)

[1 trampolines]
[1 trampoline calls]


GLOBAL SYMBOLS: SORTED ALPHABETICALLY BY Name 

address   name                                 
-------   ----                                 
000012c7  ADC0_IRQHandler                      
00002b55  ADC1_IRQHandler                      
000019e1  ADC_Proc                             
000012c7  AESADV_IRQHandler                    
00002c9f  BSP_Init                             
00002cbe  C$$EXIT                              
000012c7  CANFD0_IRQHandler                    
000012c7  CANFD1_IRQHandler                    
000012c7  DAC0_IRQHandler                      
000026d1  DL_ADC12_setClockConfig              
00002c71  DL_Common_delayCycles                
00002565  DL_DMA_initChannel                   
20200228  DL_FACTORYREGION_TrimTable           
0000235d  DL_FactoryRegion_initTrimTable       
00002b71  DL_SYSCTL_configFCC                  
0000172d  DL_SYSCTL_configSYSPLL               
00001e69  DL_SYSCTL_setHFCLKSourceHFXTParams   
0000268d  DL_SYSCTL_switchMCLKfromSYSOSCtoHSCLK
00001ffd  DL_UART_configBaudRate               
000025fd  DL_UART_init                         
00002bfd  DL_UART_setClockConfig               
00002901  DL_UART_transmitDataBlocking         
000012c7  DMA_IRQHandler                       
000012c7  Default_Handler                      
2020026c  FACTORYVALUE                         
000012c7  GROUP0_IRQHandler                    
000012c7  GROUP1_IRQHandler                    
00002cbf  HOSTexit                             
000012c7  HardFault_Handler                    
000012c7  I2C0_IRQHandler                      
000012c7  I2C1_IRQHandler                      
000012c7  I2C2_IRQHandler                      
000012c7  LFSS_IRQHandler                      
000012c7  NMI_Handler                          
000012c7  PendSV_Handler                       
00002cc3  Reset_Handler                        
000012c7  SPI0_IRQHandler                      
000012c7  SPI1_IRQHandler                      
000012c7  SPI2_IRQHandler                      
000012c7  SVC_Handler                          
00001d4d  SYSCFG_DL_ADC12_0_init               
00002a45  SYSCFG_DL_DMA_CH2_init               
00002ad5  SYSCFG_DL_DMA_init                   
00002811  SYSCFG_DL_GPIO_init                  
00000a91  SYSCFG_DL_SYSCTL_SYSPLL_init         
00001ab5  SYSCFG_DL_SYSCTL_init                
00002931  SYSCFG_DL_SYSTICK_init               
00001ef1  SYSCFG_DL_UART_0_init                
00002af5  SYSCFG_DL_init                       
00002645  SYSCFG_DL_initPower                  
00002a69  Scheduler_Init                       
00002c4d  Scheduler_RegTask_10ms               
00002c59  Scheduler_RegTask_1sec               
00001631  Scheduler_Run                        
000024bd  Serial_Init                          
00001b65  Serial_Printf                        
00002b8d  SysTick_Handler                      
000012c7  TIMA0_IRQHandler                     
000012c7  TIMA1_IRQHandler                     
000012c7  TIMG0_IRQHandler                     
000012c7  TIMG12_IRQHandler                    
000012c7  TIMG14_IRQHandler                    
000012c7  TIMG6_IRQHandler                     
000012c7  TIMG7_IRQHandler                     
000012c7  TIMG8_IRQHandler                     
000012c7  TIMG9_IRQHandler                     
00001ffb  Task_100ms                           
0000223b  Task_10ms                            
000024bb  Task_1min                            
00002563  Task_1ms                             
000025fb  Task_1sec                            
000012c7  UART0_IRQHandler                     
000012c7  UART1_IRQHandler                     
000012c7  UART3_IRQHandler                     
000012c7  UART4_IRQHandler                     
000012c7  UART5_IRQHandler                     
000012c7  UART6_IRQHandler                     
000012c7  UART7_IRQHandler                     
00002b15  UART_Proc                            
20210000  __STACK_END                          
00000100  __STACK_SIZE                         
00000000  __TI_ATRegion0_region_sz             
00000000  __TI_ATRegion0_src_addr              
00000000  __TI_ATRegion0_trg_addr              
00000000  __TI_ATRegion1_region_sz             
00000000  __TI_ATRegion1_src_addr              
00000000  __TI_ATRegion1_trg_addr              
00000000  __TI_ATRegion2_region_sz             
00000000  __TI_ATRegion2_src_addr              
00000000  __TI_ATRegion2_trg_addr              
00002e88  __TI_CINIT_Base                      
00002ea0  __TI_CINIT_Limit                     
00002ea0  __TI_CINIT_Warm                      
00002e6c  __TI_Handler_Table_Base              
00002e78  __TI_Handler_Table_Limit             
00002889  __TI_auto_init_nobinit_nopinit       
0000207d  __TI_decompress_lzss                 
00002c0f  __TI_decompress_none                 
000023b5  __TI_ltoa                            
ffffffff  __TI_pprof_out_hndl                  
000000c1  __TI_printfi                         
ffffffff  __TI_prof_data_size                  
ffffffff  __TI_prof_data_start                 
00000000  __TI_static_base__                   
00002bbd  __TI_zero_init_nomemset              
0000113f  __adddf3                             
00002cd0  __aeabi_ctype_table_                 
00002cd0  __aeabi_ctype_table_C                
000025b1  __aeabi_d2iz                         
0000113f  __aeabi_dadd                         
0000223d  __aeabi_dcmpeq                       
00002279  __aeabi_dcmpge                       
0000228d  __aeabi_dcmpgt                       
00002265  __aeabi_dcmple                       
00002251  __aeabi_dcmplt                       
00001525  __aeabi_ddiv                         
00001825  __aeabi_dmul                         
00001135  __aeabi_dsub                         
20200270  __aeabi_errno                        
00002ca9  __aeabi_errno_addr                   
00002751  __aeabi_f2d                          
00001f79  __aeabi_fdiv                         
00001ddd  __aeabi_fmul                         
000029f1  __aeabi_i2d                          
0000284d  __aeabi_i2f                          
00002465  __aeabi_idiv                         
000028ff  __aeabi_idiv0                        
00002465  __aeabi_idivmod                      
00002ad3  __aeabi_ldiv0                        
00002b35  __aeabi_llsl                         
00002a8d  __aeabi_lmul                         
00002c65  __aeabi_memclr                       
00002c65  __aeabi_memclr4                      
00002c65  __aeabi_memclr8                      
00002cb1  __aeabi_memcpy                       
00002cb1  __aeabi_memcpy4                      
00002cb1  __aeabi_memcpy8                      
00002c31  __aeabi_memset                       
00002c31  __aeabi_memset4                      
00002c31  __aeabi_memset8                      
00002711  __aeabi_uidiv                        
00002711  __aeabi_uidivmod                     
00002bd5  __aeabi_uldivmod                     
00002b35  __ashldi3                            
ffffffff  __binit__                            
0000216d  __cmpdf2                             
00001525  __divdf3                             
00001f79  __divsf3                             
0000216d  __eqdf2                              
00002751  __extendsfdf2                        
000025b1  __fixdfsi                            
000029f1  __floatsidf                          
0000284d  __floatsisf                          
000020f9  __gedf2                              
000020f9  __gtdf2                              
0000216d  __ledf2                              
0000216d  __ltdf2                              
UNDEFED   __mpu_init                           
00001825  __muldf3                             
00002a8d  __muldi3                             
000028c5  __muldsi3                            
00001ddd  __mulsf3                             
0000216d  __nedf2                              
2020ff00  __stack                              
20200000  __start___llvm_prf_bits              
20200000  __start___llvm_prf_cnts              
20200000  __stop___llvm_prf_bits               
20200000  __stop___llvm_prf_cnts               
00001135  __subdf3                             
00001c11  __udivmoddi4                         
00002a1d  _c_int00_noargs                      
UNDEFED   _system_post_cinit                   
00002cc7  _system_pre_init                     
00002cb9  abort                                
00002791  atoi                                 
ffffffff  binit                                
00002301  frexp                                
00002301  frexpl                               
20200000  g_adc_buffer                         
20200224  g_adc_dma_done                       
20200274  g_ms_tick                            
20200200  g_sched                              
20200214  g_wave_info                          
00000000  interruptVectors                     
00001909  ldexp                                
00001909  ldexpl                               
000029c1  main                                 
00002ab1  memccpy                              
00001cb3  memcpy                               
0000229f  memset                               
00001909  scalbn                               
00001909  scalbnl                              
000027d1  vsnprintf                            
00002c21  wcslen                               


GLOBAL SYMBOLS: SORTED BY Symbol Address 

address   name                                 
-------   ----                                 
00000000  __TI_ATRegion0_region_sz             
00000000  __TI_ATRegion0_src_addr              
00000000  __TI_ATRegion0_trg_addr              
00000000  __TI_ATRegion1_region_sz             
00000000  __TI_ATRegion1_src_addr              
00000000  __TI_ATRegion1_trg_addr              
00000000  __TI_ATRegion2_region_sz             
00000000  __TI_ATRegion2_src_addr              
00000000  __TI_ATRegion2_trg_addr              
00000000  __TI_static_base__                   
00000000  interruptVectors                     
000000c1  __TI_printfi                         
00000100  __STACK_SIZE                         
00000a91  SYSCFG_DL_SYSCTL_SYSPLL_init         
00001135  __aeabi_dsub                         
00001135  __subdf3                             
0000113f  __adddf3                             
0000113f  __aeabi_dadd                         
000012c7  ADC0_IRQHandler                      
000012c7  AESADV_IRQHandler                    
000012c7  CANFD0_IRQHandler                    
000012c7  CANFD1_IRQHandler                    
000012c7  DAC0_IRQHandler                      
000012c7  DMA_IRQHandler                       
000012c7  Default_Handler                      
000012c7  GROUP0_IRQHandler                    
000012c7  GROUP1_IRQHandler                    
000012c7  HardFault_Handler                    
000012c7  I2C0_IRQHandler                      
000012c7  I2C1_IRQHandler                      
000012c7  I2C2_IRQHandler                      
000012c7  LFSS_IRQHandler                      
000012c7  NMI_Handler                          
000012c7  PendSV_Handler                       
000012c7  SPI0_IRQHandler                      
000012c7  SPI1_IRQHandler                      
000012c7  SPI2_IRQHandler                      
000012c7  SVC_Handler                          
000012c7  TIMA0_IRQHandler                     
000012c7  TIMA1_IRQHandler                     
000012c7  TIMG0_IRQHandler                     
000012c7  TIMG12_IRQHandler                    
000012c7  TIMG14_IRQHandler                    
000012c7  TIMG6_IRQHandler                     
000012c7  TIMG7_IRQHandler                     
000012c7  TIMG8_IRQHandler                     
000012c7  TIMG9_IRQHandler                     
000012c7  UART0_IRQHandler                     
000012c7  UART1_IRQHandler                     
000012c7  UART3_IRQHandler                     
000012c7  UART4_IRQHandler                     
000012c7  UART5_IRQHandler                     
000012c7  UART6_IRQHandler                     
000012c7  UART7_IRQHandler                     
00001525  __aeabi_ddiv                         
00001525  __divdf3                             
00001631  Scheduler_Run                        
0000172d  DL_SYSCTL_configSYSPLL               
00001825  __aeabi_dmul                         
00001825  __muldf3                             
00001909  ldexp                                
00001909  ldexpl                               
00001909  scalbn                               
00001909  scalbnl                              
000019e1  ADC_Proc                             
00001ab5  SYSCFG_DL_SYSCTL_init                
00001b65  Serial_Printf                        
00001c11  __udivmoddi4                         
00001cb3  memcpy                               
00001d4d  SYSCFG_DL_ADC12_0_init               
00001ddd  __aeabi_fmul                         
00001ddd  __mulsf3                             
00001e69  DL_SYSCTL_setHFCLKSourceHFXTParams   
00001ef1  SYSCFG_DL_UART_0_init                
00001f79  __aeabi_fdiv                         
00001f79  __divsf3                             
00001ffb  Task_100ms                           
00001ffd  DL_UART_configBaudRate               
0000207d  __TI_decompress_lzss                 
000020f9  __gedf2                              
000020f9  __gtdf2                              
0000216d  __cmpdf2                             
0000216d  __eqdf2                              
0000216d  __ledf2                              
0000216d  __ltdf2                              
0000216d  __nedf2                              
0000223b  Task_10ms                            
0000223d  __aeabi_dcmpeq                       
00002251  __aeabi_dcmplt                       
00002265  __aeabi_dcmple                       
00002279  __aeabi_dcmpge                       
0000228d  __aeabi_dcmpgt                       
0000229f  memset                               
00002301  frexp                                
00002301  frexpl                               
0000235d  DL_FactoryRegion_initTrimTable       
000023b5  __TI_ltoa                            
00002465  __aeabi_idiv                         
00002465  __aeabi_idivmod                      
000024bb  Task_1min                            
000024bd  Serial_Init                          
00002563  Task_1ms                             
00002565  DL_DMA_initChannel                   
000025b1  __aeabi_d2iz                         
000025b1  __fixdfsi                            
000025fb  Task_1sec                            
000025fd  DL_UART_init                         
00002645  SYSCFG_DL_initPower                  
0000268d  DL_SYSCTL_switchMCLKfromSYSOSCtoHSCLK
000026d1  DL_ADC12_setClockConfig              
00002711  __aeabi_uidiv                        
00002711  __aeabi_uidivmod                     
00002751  __aeabi_f2d                          
00002751  __extendsfdf2                        
00002791  atoi                                 
000027d1  vsnprintf                            
00002811  SYSCFG_DL_GPIO_init                  
0000284d  __aeabi_i2f                          
0000284d  __floatsisf                          
00002889  __TI_auto_init_nobinit_nopinit       
000028c5  __muldsi3                            
000028ff  __aeabi_idiv0                        
00002901  DL_UART_transmitDataBlocking         
00002931  SYSCFG_DL_SYSTICK_init               
000029c1  main                                 
000029f1  __aeabi_i2d                          
000029f1  __floatsidf                          
00002a1d  _c_int00_noargs                      
00002a45  SYSCFG_DL_DMA_CH2_init               
00002a69  Scheduler_Init                       
00002a8d  __aeabi_lmul                         
00002a8d  __muldi3                             
00002ab1  memccpy                              
00002ad3  __aeabi_ldiv0                        
00002ad5  SYSCFG_DL_DMA_init                   
00002af5  SYSCFG_DL_init                       
00002b15  UART_Proc                            
00002b35  __aeabi_llsl                         
00002b35  __ashldi3                            
00002b55  ADC1_IRQHandler                      
00002b71  DL_SYSCTL_configFCC                  
00002b8d  SysTick_Handler                      
00002bbd  __TI_zero_init_nomemset              
00002bd5  __aeabi_uldivmod                     
00002bfd  DL_UART_setClockConfig               
00002c0f  __TI_decompress_none                 
00002c21  wcslen                               
00002c31  __aeabi_memset                       
00002c31  __aeabi_memset4                      
00002c31  __aeabi_memset8                      
00002c4d  Scheduler_RegTask_10ms               
00002c59  Scheduler_RegTask_1sec               
00002c65  __aeabi_memclr                       
00002c65  __aeabi_memclr4                      
00002c65  __aeabi_memclr8                      
00002c71  DL_Common_delayCycles                
00002c9f  BSP_Init                             
00002ca9  __aeabi_errno_addr                   
00002cb1  __aeabi_memcpy                       
00002cb1  __aeabi_memcpy4                      
00002cb1  __aeabi_memcpy8                      
00002cb9  abort                                
00002cbe  C$$EXIT                              
00002cbf  HOSTexit                             
00002cc3  Reset_Handler                        
00002cc7  _system_pre_init                     
00002cd0  __aeabi_ctype_table_                 
00002cd0  __aeabi_ctype_table_C                
00002e6c  __TI_Handler_Table_Base              
00002e78  __TI_Handler_Table_Limit             
00002e88  __TI_CINIT_Base                      
00002ea0  __TI_CINIT_Limit                     
00002ea0  __TI_CINIT_Warm                      
20200000  __start___llvm_prf_bits              
20200000  __start___llvm_prf_cnts              
20200000  __stop___llvm_prf_bits               
20200000  __stop___llvm_prf_cnts               
20200000  g_adc_buffer                         
20200200  g_sched                              
20200214  g_wave_info                          
20200224  g_adc_dma_done                       
20200228  DL_FACTORYREGION_TrimTable           
2020026c  FACTORYVALUE                         
20200270  __aeabi_errno                        
20200274  g_ms_tick                            
2020ff00  __stack                              
20210000  __STACK_END                          
ffffffff  __TI_pprof_out_hndl                  
ffffffff  __TI_prof_data_size                  
ffffffff  __TI_prof_data_start                 
ffffffff  __binit__                            
ffffffff  binit                                
UNDEFED   __mpu_init                           
UNDEFED   _system_post_cinit                   

[194 symbols]
